
*** Running ngdbuild
    with args -intstyle ise -p xc7z020clg484-1 -dd _ngo -uc module_1_for_lab_1_stub.ucf module_1_for_lab_1_stub.edf


Command Line:
/nfs/sw_cmc/x86_64.EL7/tools/xilinx_14.7/14.7/ISE_DS/ISE/bin/lin64/unwrapped/ngd
build -intstyle ise -p xc7z020clg484-1 -dd _ngo -uc module_1_for_lab_1_stub.ucf
module_1_for_lab_1_stub.edf

Executing edif2ngd -quiet "module_1_for_lab_1_stub.edf"
"_ngo/module_1_for_lab_1_stub.ngo"
Release 14.7 - edif2ngd P.20131013 (lin64)
Copyright (c) 1995-2013 Xilinx, Inc.  All rights reserved.
Reading NGO file
"/nfs/home/a/ay_vashi/COEN_317/lab_1/lab_1/lab_1.runs/impl_1/_ngo/module_1_for_l
ab_1_stub.ngo" ...
Gathering constraint information from source properties...
Done.

Annotating constraints to design from ucf file "module_1_for_lab_1_stub.ucf" ...
Resolving constraint associations...
Checking Constraint Associations...
Done...

Checking expanded design ...

Partition Implementation Status
-------------------------------

  No Partitions were found in this design.

-------------------------------

NGDBUILD Design Results Summary:
  Number of errors:     0
  Number of warnings:   0

Writing NGD file "module_1_for_lab_1_stub.ngd" ...
Total REAL time to NGDBUILD completion:  9 sec
Total CPU time to NGDBUILD completion:   4 sec

Writing NGDBUILD log file "module_1_for_lab_1_stub.bld"...

NGDBUILD done.

*** Running map
    with args -intstyle pa -w module_1_for_lab_1_stub.ngd

Using target part "7z020clg484-1".
vvvvvvvvvvvvvvvvvvvvvvvvvvvvvvvvvvvvvvvvvvvvvvvvvvvvvvvvvvvvvvvvvvvvvv
INFO:Security:50 - The XILINXD_LICENSE_FILE environment variable is set to
'6088@license-cadpass:16088@license-cadpass'.
INFO:Security:52 - The LM_LICENSE_FILE environment variable is set to
'6088@license-cadpass:16088@license-cadpass'.
INFO:Security:54 - 'xc7z020' is a WebPack part.
WARNING:Security:43 - No license file was found in the standard Xilinx license
directory.
WARNING:Security:44 - Since no license file was found,
       please run the Xilinx License Configuration Manager
       (xlcm or "Manage Xilinx Licenses")
       to assist in obtaining a license.
WARNING:Security:42 - Your software subscription period has lapsed. Your current
version of Xilinx tools will continue to function, but you no longer qualify for
Xilinx software updates or new releases.
----------------------------------------------------------------------
WARNING:LIT:702 - PAD symbol "processing_system7_0_PS_SRSTB" is not constrained
   (LOC) to a specific location.
Mapping design into LUTs...
Running directed packing...
Running delay-based LUT packing...
Updating timing models...
INFO:Map:215 - The Interim Design Summary has been generated in the MAP Report
   (.mrp).
Running timing-driven placement...
Total REAL time at the beginning of Placer: 20 secs 
Total CPU  time at the beginning of Placer: 13 secs 

Phase 1.1  Initial Placement Analysis
Phase 1.1  Initial Placement Analysis (Checksum:5524010b) REAL time: 22 secs 

Phase 2.7  Design Feasibility Check
Phase 2.7  Design Feasibility Check (Checksum:5524010b) REAL time: 22 secs 

Phase 3.31  Local Placement Optimization
Phase 3.31  Local Placement Optimization (Checksum:5524010b) REAL time: 22 secs 

Phase 4.2  Initial Placement for Architecture Specific Features
Phase 4.2  Initial Placement for Architecture Specific Features
(Checksum:5524010b) REAL time: 22 secs 

Phase 5.30  Global Clock Region Assignment
Phase 5.30  Global Clock Region Assignment (Checksum:5524010b) REAL time: 22 secs 

Phase 6.3  Local Placement Optimization
Phase 6.3  Local Placement Optimization (Checksum:5524010b) REAL time: 22 secs 

Phase 7.5  Local Placement Optimization
Phase 7.5  Local Placement Optimization (Checksum:5524010b) REAL time: 22 secs 

Phase 8.8  Global Placement
Phase 8.8  Global Placement (Checksum:5524010b) REAL time: 22 secs 

Phase 9.5  Local Placement Optimization
Phase 9.5  Local Placement Optimization (Checksum:5524010b) REAL time: 22 secs 

Phase 10.18  Placement Optimization
Phase 10.18  Placement Optimization (Checksum:5524010b) REAL time: 22 secs 

Phase 11.5  Local Placement Optimization
Phase 11.5  Local Placement Optimization (Checksum:5524010b) REAL time: 22 secs 

Phase 12.34  Placement Validation
Phase 12.34  Placement Validation (Checksum:5524010b) REAL time: 22 secs 

Total REAL time to Placer completion: 22 secs 
Total CPU  time to Placer completion: 14 secs 
Running post-placement packing...
Writing output files...

Design Summary:
Number of errors:      0
Number of warnings:    1
Slice Logic Utilization:
  Number of Slice Registers:                     0 out of 106,400    0%
  Number of Slice LUTs:                          0 out of  53,200    0%

Slice Logic Distribution:
  Number of occupied Slices:                     0 out of  13,300    0%
  Number of LUT Flip Flop pairs used:            0

IO Utilization:
  Number of bonded IOBs:                         0 out of     200    0%
  Number of bonded IOPAD:                      130 out of     130  100%

Specific Feature Utilization:
  Number of RAMB36E1/FIFO36E1s:                  0 out of     140    0%
  Number of RAMB18E1/FIFO18E1s:                  0 out of     280    0%
  Number of BUFG/BUFGCTRLs:                      0 out of      32    0%
  Number of IDELAYE2/IDELAYE2_FINEDELAYs:        0 out of     200    0%
  Number of ILOGICE2/ILOGICE3/ISERDESE2s:        0 out of     200    0%
  Number of ODELAYE2/ODELAYE2_FINEDELAYs:        0
  Number of OLOGICE2/OLOGICE3/OSERDESE2s:        0 out of     200    0%
  Number of PHASER_IN/PHASER_IN_PHYs:            0 out of      16    0%
  Number of PHASER_OUT/PHASER_OUT_PHYs:          0 out of      16    0%
  Number of BSCANs:                              0 out of       4    0%
  Number of BUFHCEs:                             0 out of      72    0%
  Number of BUFRs:                               0 out of      16    0%
  Number of CAPTUREs:                            0 out of       1    0%
  Number of DNA_PORTs:                           0 out of       1    0%
  Number of DSP48E1s:                            0 out of     220    0%
  Number of EFUSE_USRs:                          0 out of       1    0%
  Number of FRAME_ECCs:                          0 out of       1    0%
  Number of ICAPs:                               0 out of       2    0%
  Number of IDELAYCTRLs:                         0 out of       4    0%
  Number of IN_FIFOs:                            0 out of      16    0%
  Number of MMCME2_ADVs:                         0 out of       4    0%
  Number of OUT_FIFOs:                           0 out of      16    0%
  Number of PHASER_REFs:                         0 out of       4    0%
  Number of PHY_CONTROLs:                        0 out of       4    0%
  Number of PLLE2_ADVs:                          0 out of       4    0%
  Number of PS7s:                                1 out of       1  100%
  Number of STARTUPs:                            0 out of       1    0%
  Number of XADCs:                               0 out of       1    0%

Average Fanout of Non-Clock Nets:                0.00

Peak Memory Usage:  1420 MB
Total REAL time to MAP completion:  23 secs 
Total CPU time to MAP completion:   15 secs 

Mapping completed.
See MAP report file "module_1_for_lab_1_stub.mrp" for details.

*** Running par
    with args -intstyle pa module_1_for_lab_1_stub.ncd -w module_1_for_lab_1_stub_routed.ncd




Constraints file: module_1_for_lab_1_stub.pcf.
Loading device for application Rf_Device from file '7z020.nph' in environment
/nfs/sw_cmc/x86_64.EL7/tools/xilinx_14.7/14.7/ISE_DS/ISE/.
   "module_1_for_lab_1_stub" is an NCD, version 3.2, device xc7z020, package clg484, speed -1
vvvvvvvvvvvvvvvvvvvvvvvvvvvvvvvvvvvvvvvvvvvvvvvvvvvvvvvvvvvvvvvvvvvvvv
INFO:Security:50 - The XILINXD_LICENSE_FILE environment variable is set to '6088@license-cadpass:16088@license-cadpass'.
INFO:Security:52 - The LM_LICENSE_FILE environment variable is set to '6088@license-cadpass:16088@license-cadpass'.
INFO:Security:54 - 'xc7z020' is a WebPack part.
WARNING:Security:43 - No license file was found in the standard Xilinx license directory.
WARNING:Security:44 - Since no license file was found,
       please run the Xilinx License Configuration Manager
       (xlcm or "Manage Xilinx Licenses")
       to assist in obtaining a license.
WARNING:Security:42 - Your software subscription period has lapsed. Your current version of Xilinx tools will continue
to function, but you no longer qualify for Xilinx software updates or new releases.

----------------------------------------------------------------------

Initializing temperature to 85.000 Celsius. (default - Range: 0.000 to 85.000 Celsius)
Initializing voltage to 0.950 Volts. (default - Range: 0.950 to 1.050 Volts)

INFO:Par:282 - No user timing constraints were detected or you have set the option to ignore timing constraints ("par
   -x"). Place and Route will run in "Performance Evaluation Mode" to automatically improve the performance of all
   internal clocks in this design. Because there are not defined timing requirements, a timing score will not be
   reported in the PAR report in this mode. The PAR timing summary will list the performance achieved for each clock.
   Note: For the fastest runtime, set the effort level to "std".  For best performance, set the effort level to "high".

Device speed data version:  "PRODUCTION 1.08 2013-10-13".



Device Utilization Summary:

   Number of External IOPADs               130 out of 130   100%
      Number of LOCed IOPADs               127 out of 130    97%

   Number of PS7s                            1 out of 1     100%
   Number of Slices                          0 out of 13300   0%
   Number of Slice Registers                 0 out of 106400  0%
      Number used as Flip Flops              0
      Number used as Latches                 0
      Number used as LatchThrus              0

   Number of Slice LUTS                      0 out of 53200   0%
   Number of Slice LUT-Flip Flop pairs       0 out of 53200   0%


Overall effort level (-ol):   Standard 
Router effort level (-rl):    High 

Starting initial Timing Analysis.  REAL time: 7 secs 
Finished initial Timing Analysis.  REAL time: 7 secs 

Starting Router


Phase  1  : 1774 unrouted;      REAL time: 8 secs 

Phase  2  : 3 unrouted;      REAL time: 8 secs 

Phase  3  : 0 unrouted;      REAL time: 9 secs 

Phase  4  : 0 unrouted; (Par is working to improve performance)     REAL time: 10 secs 

Updating file: module_1_for_lab_1_stub_routed.ncd with current fully routed design.

Phase  5  : 0 unrouted; (Par is working to improve performance)     REAL time: 10 secs 

Phase  6  : 0 unrouted; (Par is working to improve performance)     REAL time: 10 secs 

Phase  7  : 0 unrouted; (Par is working to improve performance)     REAL time: 10 secs 

Phase  8  : 0 unrouted; (Par is working to improve performance)     REAL time: 10 secs 

Phase  9  : 0 unrouted; (Par is working to improve performance)     REAL time: 10 secs 
Total REAL time to Router completion: 10 secs 
Total CPU time to Router completion: 9 secs 

Partition Implementation Status
-------------------------------

  No Partitions were found in this design.

-------------------------------

Generating "PAR" statistics.

Timing Score: 0 (Setup: 0, Hold: 0)



Generating Pad Report.

All signals are completely routed.

Total REAL time to PAR completion: 10 secs 
Total CPU time to PAR completion: 10 secs 

Peak Memory Usage:  979 MB

Placer: Placement generated during map.
Routing: Completed - No errors found.

Number of error messages: 0
Number of warning messages: 0
Number of info messages: 1

Writing design to file module_1_for_lab_1_stub_routed.ncd



PAR done!

*** Running trce
    with args -intstyle ise -o module_1_for_lab_1_stub.twr -v 30 -l 30 module_1_for_lab_1_stub_routed.ncd module_1_for_lab_1_stub.pcf

Loading device for application Rf_Device from file '7z020.nph' in environment
/nfs/sw_cmc/x86_64.EL7/tools/xilinx_14.7/14.7/ISE_DS/ISE/.
   "module_1_for_lab_1_stub" is an NCD, version 3.2, device xc7z020, package
clg484, speed -1

Analysis completed Thu Feb  5 15:15:08 2026
--------------------------------------------------------------------------------

Generating Report ...

Number of warnings: 0
Total time: 6 secs 

*** Running xdl
    with args -secure -ncd2xdl -nopips module_1_for_lab_1_stub_routed.ncd module_1_for_lab_1_stub_routed.xdl

Release 14.7 - xdl P.20131013 (lin64)
Copyright (c) 1995-2013 Xilinx, Inc.  All rights reserved.

WARNING:XDL:213 - The resulting xdl output will not have LUT equation strings or RAM INIT strings.
Loading device for application Rf_Device from file '7z020.nph' in environment /nfs/sw_cmc/x86_64.EL7/tools/xilinx_14.7/14.7/ISE_DS/ISE/.
   "module_1_for_lab_1_stub" is an NCD, version 3.2, device xc7z020, package clg484, speed -1
Successfully converted design 'module_1_for_lab_1_stub_routed.ncd' to 'module_1_for_lab_1_stub_routed.xdl'.

*** Running bitgen
    with args module_1_for_lab_1_stub_routed.ncd module_1_for_lab_1_stub.bit module_1_for_lab_1_stub.pcf -w -intstyle pa

