17:09:41 **** Build of project lab_3_part_2_bsp ****
make -k all 
libgen -hw ../system_2_part_2_final_hw_platform/system.xml\
       \
       -pe ps7_cortexa9_0 \
       -log libgen.log \
       system.mss
libgen
Xilinx EDK 14.7 Build EDK_P.20131013
Copyright (c) 1995-2012 Xilinx, Inc.  All rights reserved.

Command Line: libgen -hw ../system_2_part_2_final_hw_platform/system.xml -pe
ps7_cortexa9_0 -log libgen.log system.mss 


Staging source files.
Running DRCs.
Running generate.
Running post_generate.
Running include - 'gmake -s include "COMPILER=arm-xilinx-eabi-gcc"
"ARCHIVER=arm-xilinx-eabi-ar" "COMPILER_FLAGS= -O2 -c"
"EXTRA_COMPILER_FLAGS=-g"'.

Running libs - 'gmake -s libs "COMPILER=arm-xilinx-eabi-gcc"
"ARCHIVER=arm-xilinx-eabi-ar" "COMPILER_FLAGS= -O2 -c"
"EXTRA_COMPILER_FLAGS=-g"'.
Compiling common
arm-xilinx-eabi-ar: creating ../../../lib/libxil.a
Compiling standalone
Compiling tmrctr
Compiling canps
Compiling devcfg
Compiling dmaps
Compiling emacps
Compiling gpiops
Compiling iicps
Compiling qspips
Compiling scugic
Compiling scutimer
Compiling scuwdt
Compiling ttcps
Compiling uartps
Compiling usbps
Compiling wdtps
Compiling xadcps
Compiling cpu_cortexa9
Running execs_generate.
Finished building libraries
17:10:08 **** Build of configuration Debug for project lab_3_part_2 ****
make all 
Building file: ../src/main.cc
Invoking: ARM g++ compiler
arm-xilinx-eabi-g++ -Wall -O0 -g3 -c -fmessage-length=0 -I../../lab_3_part_2_bsp/ps7_cortexa9_0/include -MMD -MP -MF"src/main.d" -MT"src/main.d" -o "src/main.o" "../src/main.cc"
Finished building: ../src/main.cc
 
Building target: lab_3_part_2.elf
Invoking: ARM g++ linker
arm-xilinx-eabi-g++ -Wl,-T -Wl,../src/lscript.ld -L../../lab_3_part_2_bsp/ps7_cortexa9_0/lib -o "lab_3_part_2.elf" ./src/main.o   -Wl,--start-group,-lxil,-lgcc,-lc,-lstdc++,--end-group
Finished building target: lab_3_part_2.elf
 
Invoking: ARM Print Size
arm-xilinx-eabi-size lab_3_part_2.elf  |tee "lab_3_part_2.elf.size"
   text	   data	    bss	    dec	    hex	filename
 467844	   2540	  38856	 509240	  7c538	lab_3_part_2.elf
Finished building: lab_3_part_2.elf.size
 
17:10:25 **** Incremental Build of configuration Debug for project lab_3_part_2 ****
make all 
make: Nothing to be done for 'all'.
17:11:12 **** Incremental Build of configuration Debug for project lab_3_part_2 ****
make all 
make: Nothing to be done for 'all'.
17:11:21 **** Incremental Build of configuration Debug for project lab_3_part_2 ****
make all 
make: Nothing to be done for 'all'.
17:24:37 **** Auto Build of configuration Debug for project lab_3_part_2 ****
make all 
Building file: ../src/main.cc
Invoking: ARM g++ compiler
arm-xilinx-eabi-g++ -Wall -O0 -g3 -c -fmessage-length=0 -I../../lab_3_part_2_bsp/ps7_cortexa9_0/include -MMD -MP -MF"src/main.d" -MT"src/main.d" -o "src/main.o" "../src/main.cc"
Finished building: ../src/main.cc
 
Building target: lab_3_part_2.elf
Invoking: ARM g++ linker
arm-xilinx-eabi-g++ -Wl,-T -Wl,../src/lscript.ld -L../../lab_3_part_2_bsp/ps7_cortexa9_0/lib -o "lab_3_part_2.elf" ./src/main.o   -Wl,--start-group,-lxil,-lgcc,-lc,-lstdc++,--end-group
Finished building target: lab_3_part_2.elf
 
Invoking: ARM Print Size
arm-xilinx-eabi-size lab_3_part_2.elf  |tee "lab_3_part_2.elf.size"
   text	   data	    bss	    dec	    hex	filename
 468068	   2540	  38856	 509464	  7c618	lab_3_part_2.elf
Finished building: lab_3_part_2.elf.size
 
17:24:48 **** Incremental Build of configuration Debug for project lab_3_part_2 ****
make all 
make: Nothing to be done for 'all'.
