16:17:47.265 INFO  - Processing command line option -hwspec /nfs/home/a/ay_vashi/COEN_317/lab_3/lab_3_plan_ahead_part_3/lab_3_plan_ahead_part_3.sdk/SDK/SDK_Export/hw/system_2.xml. 
16:25:02.617 INFO  - Processor reset is completed for ps7_cortexa9_0 
16:28:49.204 INFO  - ps7_cortexa9_0 Processor is in use. Please stop existing Run or Debug sessions before launching. 
16:28:57.012 INFO  - Processor reset is completed for ps7_cortexa9_0 
16:28:59.005 ERROR - Unexpected error while launching program. java.lang.RuntimeException: Failed to download ELF file


    AP transaction timeout: ACK = 0x01, expected=0x02)
    Error Address = 0x00174000, Size = 0x00000004


	at com.xilinx.sdk.targetmanager.internal.TM.downloadELF(Unknown Source)
	at com.xilinx.sdk.debug.core.internal.AppRunner.run(Unknown Source)

16:29:35.601 ERROR - Unexpected error while launching program. java.lang.RuntimeException: Error in Resetting Target

    Could not stop the processor after reset


	at com.xilinx.sdk.targetmanager.internal.TM.doProcessorReset(Unknown Source)
	at com.xilinx.sdk.debug.core.internal.AppRunner.run(Unknown Source)

16:30:47.601 ERROR - Unexpected error while launching program. java.lang.RuntimeException: Error in Resetting Target

    Could not stop the processor after reset


	at com.xilinx.sdk.targetmanager.internal.TM.doProcessorReset(Unknown Source)
	at com.xilinx.sdk.debug.core.internal.AppRunner.run(Unknown Source)

16:36:00.504 ERROR - Unexpected error while launching program. java.lang.RuntimeException: Error in Resetting Target

    Could not stop the processor after reset


	at com.xilinx.sdk.targetmanager.internal.TM.doProcessorReset(Unknown Source)
	at com.xilinx.sdk.debug.core.internal.AppRunner.run(Unknown Source)

16:36:51.867 ERROR - Unexpected error while parsing XMD response ￿: com.google.gson.JsonSyntaxException: com.google.gson.stream.MalformedJsonException: invalid number or unquoted string near  
16:37:37.439 INFO  - Processing command line option -hwspec /nfs/home/a/ay_vashi/COEN_317/lab_3/lab_3_plan_ahead_part_3/lab_3_plan_ahead_part_3.sdk/SDK/SDK_Export/hw/system_2.xml. 
16:37:49.876 INFO  - Processor reset is completed for ps7_cortexa9_0 
16:37:49.976 INFO  - PS initialization will be done as it is not done before. 
16:37:49.977 INFO  - Running PS initialization.... 
16:37:50.374 INFO  - ps7_init is completed. 
16:37:50.474 INFO  - ps7_post_config is completed. 
16:37:50.574 INFO  - PS Initialization is complete. 
16:38:17.449 INFO  - Processor reset is completed for ps7_cortexa9_0 
16:38:55.797 INFO  - ps7_cortexa9_0 Processor is in use. Please stop existing Run or Debug sessions before launching. 
16:38:58.898 INFO  - Processor reset is completed for ps7_cortexa9_0 
16:39:42.216 INFO  - ps7_cortexa9_0 Processor is in use. Please stop existing Run or Debug sessions before launching. 
16:39:43.728 INFO  - Processor reset is completed for ps7_cortexa9_0 
17:10:03.847 ERROR - Unexpected error while parsing XMD response ￿: com.google.gson.JsonSyntaxException: com.google.gson.stream.MalformedJsonException: invalid number or unquoted string near  
