#-----------------------------------------------------------
# PlanAhead v14.7 (64-bit)
# Build 321239 by xbuild on Fri Sep 27 19:24:36 MDT 2013
# Start of session at: Thu Mar 12 17:18:39 2026
# Process ID: 5438
# Log file: /nfs/home/a/ay_vashi/COEN_317/lab_3/planAhead.log
# Journal file: /nfs/home/a/ay_vashi/COEN_317/lab_3/planAhead.jou
#-----------------------------------------------------------
INFO: [Common 17-78] Attempting to get a license: PlanAhead
INFO: [Common 17-290] Got license for PlanAhead
INFO: [Common 17-86] Your PlanAhead license expires in -71 day(s)
INFO: [Device 21-36] Loading parts and site information from /nfs/sw_cmc/x86_64.EL7/tools/xilinx_14.7/14.7/ISE_DS/PlanAhead/data/parts/arch.xml
Parsing RTL primitives file [/nfs/sw_cmc/x86_64.EL7/tools/xilinx_14.7/14.7/ISE_DS/PlanAhead/data/parts/xilinx/rtl/prims/rtl_prims.xml]
Finished parsing RTL primitives file [/nfs/sw_cmc/x86_64.EL7/tools/xilinx_14.7/14.7/ISE_DS/PlanAhead/data/parts/xilinx/rtl/prims/rtl_prims.xml]
start_gui
INFO: [Common 17-81] Feature available: PartialReconfiguration
open_project /nfs/home/a/ay_vashi/COEN_317/lab_3/lab_3_plan_ahead_part_2/lab_3_plan_ahead_part_2.ppr
Scanning sources...
Finished scanning sources
open_project: Time (s): cpu = 00:00:06 ; elapsed = 00:00:05 . Memory (MB): peak = 2801.055 ; gain = 55.590
launch_impact 
INFO: [Chipscope 16-8] Launching iMPACT with command: impact -intstyle pa -mode bscan -port auto -autoassign -b /nfs/home/a/ay_vashi/COEN_317/lab_3/lab_3_plan_ahead_part_2/lab_3_plan_ahead_part_2.runs/impl_1/system_2_part_2_final_stub.bit
launch_impact 
INFO: [Chipscope 16-8] Launching iMPACT with command: impact -intstyle pa -mode bscan -port auto -autoassign -b /nfs/home/a/ay_vashi/COEN_317/lab_3/lab_3_plan_ahead_part_2/lab_3_plan_ahead_part_2.runs/impl_1/system_2_part_2_final_stub.bit
launch_impact 
INFO: [Chipscope 16-8] Launching iMPACT with command: impact -intstyle pa -mode bscan -port auto -autoassign -b /nfs/home/a/ay_vashi/COEN_317/lab_3/lab_3_plan_ahead_part_2/lab_3_plan_ahead_part_2.runs/impl_1/system_2_part_2_final_stub.bit
launch_impact 
INFO: [Chipscope 16-8] Launching iMPACT with command: impact -intstyle pa -mode bscan -port auto -autoassign -b /nfs/home/a/ay_vashi/COEN_317/lab_3/lab_3_plan_ahead_part_2/lab_3_plan_ahead_part_2.runs/impl_1/system_2_part_2_final_stub.bit
export_hardware [get_files /nfs/home/a/ay_vashi/COEN_317/lab_3/lab_3_plan_ahead_part_2/lab_3_plan_ahead_part_2.srcs/sources_1/edk/system_2_part_2_final/system_2_part_2_final.xmp]
INFO: [Edk 24-140] Exporting hardware platform for 'system_2_part_2_final'...

Xilinx Platform Studio
Xilinx EDK 14.7 Build EDK_P.20131013
Copyright (c) 1995-2012 Xilinx, Inc.  All rights reserved.

XPS% Evaluating file
/nfs/home/a/ay_vashi/COEN_317/lab_3/lab_3_plan_ahead_part_2/lab_3_plan_ahead_par
t_2.srcs/sources_1/edk/system_2_part_2_final/__xps/pa/_system_2_part_2_final_exp
ort2sdk.tcl

Overriding IP level properties ...
INFO:EDK - IPNAME: processing_system7, INSTANCE:processing_system7_0 - tcl is
   overriding PARAMETER C_NUM_F2P_INTR_INPUTS value to 1 -
   /nfs/sw_cmc/x86_64.EL7/tools/xilinx_14.7/14.7/ISE_DS/EDK/hw/XilinxProcessorIP
   Lib/pcores/processing_system7_v4_03_a/data/processing_system7_v2_1_0.mpd line
   319 
INFO:EDK - IPNAME: axi_interconnect, INSTANCE:axi_interconnect_1 - tcl is
   overriding PARAMETER C_BASEFAMILY value to zynq -
   /nfs/sw_cmc/x86_64.EL7/tools/xilinx_14.7/14.7/ISE_DS/EDK/hw/XilinxProcessorIP
   Lib/pcores/axi_interconnect_v1_06_a/data/axi_interconnect_v2_1_0.mpd line 81 

Computing clock values...
INFO:EDK - Frequency for Top-Level Input Clock 'processing_system7_0_PS_CLK' is
   not specified. Clock DRCs will not be performed for IPs connected to that
   clock port, unless they are connected through the clock generator IP. 


Performing IP level DRCs on properties...

Running DRC Tcl procedures for OPTION IPLEVEL_DRC_PROC...
INFO:EDK - INFO: DDR Base and High address in current configuration is
   0x00000000 and 0x3FFFFFFF respectively. 
INFO:EDK - INFO: You can modify the DDR address range accessed by Programmable
   Logic through the processing_system7 AXI slave interfaces. If MicroBlaze is a
   master on processing_system7 AXI slave interfaces, please use the top half of
   the address range (Base Address = 0x20000000; High Address = 0x3FFFFFFF). For
   all other master, any subset of the DDR address can be used. See Xilinx
   Answer 47167 for more information. 
Address Map for Processor processing_system7_0
  (0x42800000-0x4280ffff) axi_timer_0	axi_interconnect_1

Checking platform address map ...

Overriding IP level properties ...
INFO:EDK - IPNAME: processing_system7, INSTANCE:processing_system7_0 - tcl is
   overriding PARAMETER C_NUM_F2P_INTR_INPUTS value to 1 -
   /nfs/sw_cmc/x86_64.EL7/tools/xilinx_14.7/14.7/ISE_DS/EDK/hw/XilinxProcessorIP
   Lib/pcores/processing_system7_v4_03_a/data/processing_system7_v2_1_0.mpd line
   319 
INFO:EDK - IPNAME: axi_interconnect, INSTANCE:axi_interconnect_1 - tcl is
   overriding PARAMETER C_BASEFAMILY value to zynq -
   /nfs/sw_cmc/x86_64.EL7/tools/xilinx_14.7/14.7/ISE_DS/EDK/hw/XilinxProcessorIP
   Lib/pcores/axi_interconnect_v1_06_a/data/axi_interconnect_v2_1_0.mpd line 81 

Computing clock values...
INFO:EDK - Frequency for Top-Level Input Clock 'processing_system7_0_PS_CLK' is
   not specified. Clock DRCs will not be performed for IPs connected to that
   clock port, unless they are connected through the clock generator IP. 


Performing IP level DRCs on properties...

Running DRC Tcl procedures for OPTION IPLEVEL_DRC_PROC...
INFO:EDK - INFO: DDR Base and High address in current configuration is
   0x00000000 and 0x3FFFFFFF respectively. 
INFO:EDK - INFO: You can modify the DDR address range accessed by Programmable
   Logic through the processing_system7 AXI slave interfaces. If MicroBlaze is a
   master on processing_system7 AXI slave interfaces, please use the top half of
   the address range (Base Address = 0x20000000; High Address = 0x3FFFFFFF). For
   all other master, any subset of the DDR address can be used. See Xilinx
   Answer 47167 for more information. 
Address Map for Processor processing_system7_0
  (0x42800000-0x4280ffff) axi_timer_0	axi_interconnect_1

Checking platform address map ...
gmake: Nothing to be done for 'exporttosdk'.
INFO: [Edk 24-142] Hardware platform data exported to '/nfs/home/a/ay_vashi/COEN_317/lab_3/lab_3_plan_ahead_part_2/lab_3_plan_ahead_part_2.sdk/SDK/SDK_Export/hw'
export_hardware: Time (s): cpu = 00:00:03 ; elapsed = 00:00:18 . Memory (MB): peak = 2807.156 ; gain = 0.000
launch_sdk -workspace /nfs/home/a/ay_vashi/COEN_317/lab_3/lab_3_plan_ahead_part_2/lab_3_plan_ahead_part_2.sdk/SDK/SDK_Export -hwspec /nfs/home/a/ay_vashi/COEN_317/lab_3/lab_3_plan_ahead_part_2/lab_3_plan_ahead_part_2.sdk/SDK/SDK_Export/hw/system_2_part_2_final.xml
INFO: [PlanAhead 12-393] Launching SDK...
INFO: [PlanAhead 12-417] Running xsdk -workspace /nfs/home/a/ay_vashi/COEN_317/lab_3/lab_3_plan_ahead_part_2/lab_3_plan_ahead_part_2.sdk/SDK/SDK_Export -hwspec /nfs/home/a/ay_vashi/COEN_317/lab_3/lab_3_plan_ahead_part_2/lab_3_plan_ahead_part_2.sdk/SDK/SDK_Export/hw/system_2_part_2_final.xml
INFO: [PlanAhead 12-418] SDK launched successfully
