#-----------------------------------------------------------
# PlanAhead v14.7 (64-bit)
# Build 321239 by xbuild on Fri Sep 27 19:24:36 MDT 2013
# Start of session at: Thu Mar 12 16:46:20 2026
# Process ID: 37552
# Log file: /nfs/home/a/ay_vashi/COEN_317/lab_3/planAhead.log
# Journal file: /nfs/home/a/ay_vashi/COEN_317/lab_3/planAhead.jou
#-----------------------------------------------------------
INFO: [Common 17-78] Attempting to get a license: PlanAhead
INFO: [Common 17-290] Got license for PlanAhead
INFO: [Common 17-86] Your PlanAhead license expires in -71 day(s)
INFO: [Device 21-36] Loading parts and site information from /nfs/sw_cmc/x86_64.EL7/tools/xilinx_14.7/14.7/ISE_DS/PlanAhead/data/parts/arch.xml
Parsing RTL primitives file [/nfs/sw_cmc/x86_64.EL7/tools/xilinx_14.7/14.7/ISE_DS/PlanAhead/data/parts/xilinx/rtl/prims/rtl_prims.xml]
Finished parsing RTL primitives file [/nfs/sw_cmc/x86_64.EL7/tools/xilinx_14.7/14.7/ISE_DS/PlanAhead/data/parts/xilinx/rtl/prims/rtl_prims.xml]
start_gui
INFO: [Common 17-81] Feature available: PartialReconfiguration
create_project lab_3_plan_ahead_part_2 /nfs/home/a/ay_vashi/COEN_317/lab_3/lab_3_plan_ahead_part_2 -part xc7z020clg484-1
set_property board zc702 [current_project]
set_property target_language VHDL [current_project]
set_property ng.output_hdl_format VHDL [get_filesets sim_1]
import_files -fileset constrs_1 -force -norecurse /nfs/home/a/ay_vashi/COEN_317/lab_3/lab3.ucf
create_xps system_part_2
INFO: [Edk 24-176] Creating XPS sub-design source for 'system_part_2'...

Xilinx Platform Studio
Xilinx EDK 14.7 Build EDK_P.20131013
Copyright (c) 1995-2012 Xilinx, Inc.  All rights reserved.

XPS% Evaluating file
/nfs/home/a/ay_vashi/COEN_317/lab_3/lab_3_plan_ahead_part_2/lab_3_plan_ahead_par
t_2.srcs/sources_1/edk/system_part_2/__xps/pa/_system_part_2_create.tcl
Created pcores directory
Copied
/nfs/sw_cmc/x86_64.EL7/tools/xilinx_14.7/14.7/ISE_DS/EDK/data/xflow/bitgen_zynq.
ut to etc directory
Copied file
/nfs/sw_cmc/x86_64.EL7/tools/xilinx_14.7/14.7/ISE_DS/EDK/data/xflow/fast_runtime
_zynq.opt to etc directory

Overriding IP level properties ...

Computing clock values...

Performing IP level DRCs on properties...

Running DRC Tcl procedures for OPTION IPLEVEL_DRC_PROC...

Checking platform address map ...
Created backup of etc/bitgen.ut to etc/bitgen.ut.virtex5
Copied
/nfs/sw_cmc/x86_64.EL7/tools/xilinx_14.7/14.7/ISE_DS/EDK/data/xflow/bitgen_zynq.
ut to etc directory
Created backup of etc/fast_runtime.opt to etc/fast_runtime.opt.virtex5
Copied file
/nfs/sw_cmc/x86_64.EL7/tools/xilinx_14.7/14.7/ISE_DS/EDK/data/xflow/fast_runtime
_zynq.opt to etc directory
No changes to be saved in MHS file
Saved project XMP file
Saved Make file
INFO: [Edk 24-189] XPS sub-design source created

INFO: [Edk 24-185] Launching XPS GUI for configuring XPS sub-design source 'system_part_2'. The GUI will be up in a moment...
INFO: [Edk 24-173]  After configuring the source design, please select 'File->Exit' from the XPS GUI to exit from XPS. The source will be added to the current project automatically.

Xilinx Platform Studio
Xilinx EDK 14.7 Build EDK_P.20131013
Copyright (c) 1995-2012 Xilinx, Inc.  All rights reserved.

Launching XPS GUI...
INFO:EDK - Simulation, Implementation and Device configuration flows are
   disabled in XPS when launched from PlanAhead. All these features are
   available in PlanAhead.
MainWindow
INFO:EDK - INFO:Security:50 - The XILINXD_LICENSE_FILE environment variable is
   set to '6088@license-cadpass:16088@license-cadpass'.
   INFO:Security:52 - The LM_LICENSE_FILE environment variable is set to
   '6088@license-cadpass:16088@license-cadpass'.
   WARNING:Security:43 - No license file was found in the standard Xilinx
   license directory.
   WARNING:Security:44 - Since no license file was found,
          please run the Xilinx License Configuration Manager
          (xlcm or "Manage Xilinx Licenses")
          to assist in obtaining a license.
   WARNING:Security:42 - Your software subscription period has lapsed. Your
   current version of Xilinx tools will continue to function, but you no longer
   qualify for Xilinx software updates or new releases.

Address Map for Processor processing_system7_0
Address Map for Processor processing_system7_0
Address Map for Processor processing_system7_0
Address Map for Processor processing_system7_0
Address Map for Processor processing_system7_0
Address Map for Processor processing_system7_0
Address Map for Processor processing_system7_0
Address Map for Processor processing_system7_0
INFO: [Common 17-41] Interrupt caught. Command should exit soon.
ZynqConfig: Terminated for gui mode
Writing filter settings....
Done writing filter settings to:
	/nfs/home/a/ay_vashi/COEN_317/lab_3/lab_3_plan_ahead_part_2/lab_3_plan_ahead_pa
rt_2.srcs/sources_1/edk/system_part_2/etc/system_part_2.filters
Done writing Tab View settings to:
	/nfs/home/a/ay_vashi/COEN_317/lab_3/lab_3_plan_ahead_part_2/lab_3_plan_ahead_pa
rt_2.srcs/sources_1/edk/system_part_2/etc/system_part_2.gui
INFO: [Edk 24-127] XPS completed
create_xps: Time (s): cpu = 00:00:23 ; elapsed = 00:09:17 . Memory (MB): peak = 2833.699 ; gain = 8.000
INFO: [Common 17-344] 'create_xps' was cancelled
close_project
open_project /nfs/home/a/ay_vashi/COEN_317/lab_3/lab_3_plan_ahead_part_3/lab_3_plan_ahead_part_3.ppr
Scanning sources...
Finished scanning sources
export_hardware [get_files /nfs/home/a/ay_vashi/COEN_317/lab_3/lab_3_plan_ahead_part_3/lab_3_plan_ahead_part_3.srcs/sources_1/edk/system_2/system_2.xmp]
INFO: [Edk 24-140] Exporting hardware platform for 'system_2'...

Xilinx Platform Studio
Xilinx EDK 14.7 Build EDK_P.20131013
Copyright (c) 1995-2012 Xilinx, Inc.  All rights reserved.

XPS% Evaluating file
/nfs/home/a/ay_vashi/COEN_317/lab_3/lab_3_plan_ahead_part_3/lab_3_plan_ahead_par
t_3.srcs/sources_1/edk/system_2/__xps/pa/_system_2_export2sdk.tcl

Overriding IP level properties ...
INFO:EDK - IPNAME: processing_system7, INSTANCE:processing_system7_0 - tcl is
   overriding PARAMETER C_NUM_F2P_INTR_INPUTS value to 1 -
   /nfs/sw_cmc/x86_64.EL7/tools/xilinx_14.7/14.7/ISE_DS/EDK/hw/XilinxProcessorIP
   Lib/pcores/processing_system7_v4_03_a/data/processing_system7_v2_1_0.mpd line
   319 
INFO:EDK - IPNAME: axi_interconnect, INSTANCE:axi_interconnect_1 - tcl is
   overriding PARAMETER C_BASEFAMILY value to zynq -
   /nfs/sw_cmc/x86_64.EL7/tools/xilinx_14.7/14.7/ISE_DS/EDK/hw/XilinxProcessorIP
   Lib/pcores/axi_interconnect_v1_06_a/data/axi_interconnect_v2_1_0.mpd line 81 

Computing clock values...
INFO:EDK - Frequency for Top-Level Input Clock 'processing_system7_0_PS_CLK' is
   not specified. Clock DRCs will not be performed for IPs connected to that
   clock port, unless they are connected through the clock generator IP. 


Performing IP level DRCs on properties...

Running DRC Tcl procedures for OPTION IPLEVEL_DRC_PROC...
INFO:EDK - INFO: DDR Base and High address in current configuration is
   0x00000000 and 0x3FFFFFFF respectively. 
INFO:EDK - INFO: You can modify the DDR address range accessed by Programmable
   Logic through the processing_system7 AXI slave interfaces. If MicroBlaze is a
   master on processing_system7 AXI slave interfaces, please use the top half of
   the address range (Base Address = 0x20000000; High Address = 0x3FFFFFFF). For
   all other master, any subset of the DDR address can be used. See Xilinx
   Answer 47167 for more information. 
Address Map for Processor processing_system7_0
  (0x42800000-0x4280ffff) axi_timer_0	axi_interconnect_1

Checking platform address map ...

Overriding IP level properties ...
INFO:EDK - IPNAME: processing_system7, INSTANCE:processing_system7_0 - tcl is
   overriding PARAMETER C_NUM_F2P_INTR_INPUTS value to 1 -
   /nfs/sw_cmc/x86_64.EL7/tools/xilinx_14.7/14.7/ISE_DS/EDK/hw/XilinxProcessorIP
   Lib/pcores/processing_system7_v4_03_a/data/processing_system7_v2_1_0.mpd line
   319 
INFO:EDK - IPNAME: axi_interconnect, INSTANCE:axi_interconnect_1 - tcl is
   overriding PARAMETER C_BASEFAMILY value to zynq -
   /nfs/sw_cmc/x86_64.EL7/tools/xilinx_14.7/14.7/ISE_DS/EDK/hw/XilinxProcessorIP
   Lib/pcores/axi_interconnect_v1_06_a/data/axi_interconnect_v2_1_0.mpd line 81 

Computing clock values...
INFO:EDK - Frequency for Top-Level Input Clock 'processing_system7_0_PS_CLK' is
   not specified. Clock DRCs will not be performed for IPs connected to that
   clock port, unless they are connected through the clock generator IP. 


Performing IP level DRCs on properties...

Running DRC Tcl procedures for OPTION IPLEVEL_DRC_PROC...
INFO:EDK - INFO: DDR Base and High address in current configuration is
   0x00000000 and 0x3FFFFFFF respectively. 
INFO:EDK - INFO: You can modify the DDR address range accessed by Programmable
   Logic through the processing_system7 AXI slave interfaces. If MicroBlaze is a
   master on processing_system7 AXI slave interfaces, please use the top half of
   the address range (Base Address = 0x20000000; High Address = 0x3FFFFFFF). For
   all other master, any subset of the DDR address can be used. See Xilinx
   Answer 47167 for more information. 
Address Map for Processor processing_system7_0
  (0x42800000-0x4280ffff) axi_timer_0	axi_interconnect_1

Checking platform address map ...
gmake: Nothing to be done for 'exporttosdk'.
INFO: [Edk 24-142] Hardware platform data exported to '/nfs/home/a/ay_vashi/COEN_317/lab_3/lab_3_plan_ahead_part_3/lab_3_plan_ahead_part_3.sdk/SDK/SDK_Export/hw'
export_hardware: Time (s): cpu = 00:00:03 ; elapsed = 00:00:07 . Memory (MB): peak = 2862.258 ; gain = 0.000
launch_sdk -workspace /nfs/home/a/ay_vashi/COEN_317/lab_3/lab_3_plan_ahead_part_3/lab_3_plan_ahead_part_3.sdk/SDK/SDK_Export -hwspec /nfs/home/a/ay_vashi/COEN_317/lab_3/lab_3_plan_ahead_part_3/lab_3_plan_ahead_part_3.sdk/SDK/SDK_Export/hw/system_2.xml
INFO: [PlanAhead 12-393] Launching SDK...
INFO: [PlanAhead 12-417] Running xsdk -workspace /nfs/home/a/ay_vashi/COEN_317/lab_3/lab_3_plan_ahead_part_3/lab_3_plan_ahead_part_3.sdk/SDK/SDK_Export -hwspec /nfs/home/a/ay_vashi/COEN_317/lab_3/lab_3_plan_ahead_part_3/lab_3_plan_ahead_part_3.sdk/SDK/SDK_Export/hw/system_2.xml
INFO: [PlanAhead 12-418] SDK launched successfully
exit
INFO: [Common 17-206] Exiting PlanAhead at Thu Mar 12 16:59:22 2026...
INFO: [Common 17-83] Releasing license: PlanAhead
