
*** Running xst
    with args -ifn system_2_stub.xst -ofn system_2_stub.srp -intstyle ise

Reading design: system_2_stub.prj

=========================================================================
*                          HDL Parsing                                  *
=========================================================================
Parsing VHDL file "/nfs/home/a/ay_vashi/COEN_317/lab_3/lab_3_plan_ahead_part_3/lab_3_plan_ahead_part_3.srcs/sources_1/edk/system_2/hdl/system_2.vhd" into library work
Parsing entity <system_2>.
Parsing architecture <STRUCTURE> of entity <system_2>.
Parsing VHDL file "/nfs/home/a/ay_vashi/COEN_317/lab_3/lab_3_plan_ahead_part_3/lab_3_plan_ahead_part_3.srcs/sources_1/edk/system_2/system_2_stub.vhd" into library work
Parsing entity <system_2_stub>.
Parsing architecture <STRUCTURE> of entity <system_2_stub>.

=========================================================================
*                            HDL Elaboration                            *
=========================================================================

Elaborating entity <system_2_stub> (architecture <STRUCTURE>) from library <work>.

Elaborating entity <system_2> (architecture <>) from library <work>.

=========================================================================
*                           HDL Synthesis                               *
=========================================================================

Synthesizing Unit <system_2_stub>.
    Related source file is "/nfs/home/a/ay_vashi/COEN_317/lab_3/lab_3_plan_ahead_part_3/lab_3_plan_ahead_part_3.srcs/sources_1/edk/system_2/system_2_stub.vhd".
    Set property "BOX_TYPE = user_black_box" for instance <system_2_i>.
    Summary:
	no macro.
Unit <system_2_stub> synthesized.

=========================================================================
HDL Synthesis Report

Found no macro
=========================================================================

=========================================================================
*                       Advanced HDL Synthesis                          *
=========================================================================

Reading core <../../lab_3_plan_ahead_part_3.srcs/sources_1/edk/system_2/implementation/system_2.ngc>.
Reading core <../../lab_3_plan_ahead_part_3.srcs/sources_1/edk/system_2/implementation/system_2_processing_system7_0_wrapper.ngc>.
Reading core <../../lab_3_plan_ahead_part_3.srcs/sources_1/edk/system_2/implementation/system_2_axi_interconnect_1_wrapper.ngc>.
Reading core <../../lab_3_plan_ahead_part_3.srcs/sources_1/edk/system_2/implementation/system_2_axi_timer_0_wrapper.ngc>.
Loading core <system_2_processing_system7_0_wrapper> for timing and area information for instance <processing_system7_0>.
Loading core <system_2_axi_interconnect_1_wrapper> for timing and area information for instance <axi_interconnect_1>.
Loading core <system_2_axi_timer_0_wrapper> for timing and area information for instance <axi_timer_0>.
Loading core <system_2> for timing and area information for instance <system_2_i>.

=========================================================================
Advanced HDL Synthesis Report

Found no macro
=========================================================================

=========================================================================
*                         Low Level Synthesis                           *
=========================================================================

WARNING:Xst:528 - Multi-source in Unit <processing_system7_0> on signal <PS_SRSTB>; this signal is connected to multiple drivers.
Drivers are: 
   Primary input port <processing_system7_0_PS_SRSTB>
   Output port PS7:PSSRSTB of instance <system_2_i/processing_system7_0/processing_system7_0/PS7_i>

WARNING:Xst:528 - Multi-source in Unit <processing_system7_0> on signal <PS_CLK>; this signal is connected to multiple drivers.
Drivers are: 
   Primary input port <processing_system7_0_PS_CLK>
   Output port PS7:PSCLK of instance <system_2_i/processing_system7_0/processing_system7_0/PS7_i>

WARNING:Xst:528 - Multi-source in Unit <processing_system7_0> on signal <PS_PORB>; this signal is connected to multiple drivers.
Drivers are: 
   Primary input port <processing_system7_0_PS_PORB>
   Output port PS7:PSPORB of instance <system_2_i/processing_system7_0/processing_system7_0/PS7_i>

Optimizing unit <system_2_stub> ...

Mapping all equations...
Building and optimizing final netlist ...
Found area constraint ratio of 100 (+ 0) on block system_2_stub, actual ratio is 0.
INFO:Xst:2260 - The FF/Latch <axi_interconnect_1/crossbar_samd/gen_sasd.crossbar_sasd_0/m_atarget_enc_0> in Unit <axi_interconnect_1> is equivalent to the following FF/Latch : <axi_interconnect_1/crossbar_samd/gen_sasd.crossbar_sasd_0/m_atarget_enc_0_1> 
INFO:Xst:2260 - The FF/Latch <axi_interconnect_1/crossbar_samd/gen_sasd.crossbar_sasd_0/gen_crossbar.addr_arbiter_inst/grant_rnw> in Unit <axi_interconnect_1> is equivalent to the following FF/Latch : <axi_interconnect_1/crossbar_samd/gen_sasd.crossbar_sasd_0/gen_crossbar.addr_arbiter_inst/grant_rnw_1> 
INFO:Xst:2260 - The FF/Latch <axi_timer_0/TC_CORE_I/TIMER_CONTROL_I/TCSR1_GENERATE[21].TCSR1_FF_I> in Unit <axi_timer_0> is equivalent to the following FF/Latch : <axi_timer_0/TC_CORE_I/TIMER_CONTROL_I/TCSR0_GENERATE[21].TCSR0_FF_I> 
INFO:Xst:2260 - The FF/Latch <axi_timer_0/AXI4_LITE_I/I_SLAVE_ATTACHMENT/I_DECODER/Bus_RNW_reg> in Unit <axi_timer_0> is equivalent to the following FF/Latch : <axi_timer_0/AXI4_LITE_I/I_SLAVE_ATTACHMENT/I_DECODER/Bus_RNW_reg_1> 
INFO:Xst:2260 - The FF/Latch <axi_interconnect_1/crossbar_samd/gen_sasd.crossbar_sasd_0/m_atarget_enc_0> in Unit <axi_interconnect_1> is equivalent to the following FF/Latch : <axi_interconnect_1/crossbar_samd/gen_sasd.crossbar_sasd_0/m_atarget_enc_0_1> 
INFO:Xst:2260 - The FF/Latch <axi_interconnect_1/crossbar_samd/gen_sasd.crossbar_sasd_0/gen_crossbar.addr_arbiter_inst/grant_rnw> in Unit <axi_interconnect_1> is equivalent to the following FF/Latch : <axi_interconnect_1/crossbar_samd/gen_sasd.crossbar_sasd_0/gen_crossbar.addr_arbiter_inst/grant_rnw_1> 
INFO:Xst:2260 - The FF/Latch <axi_timer_0/TC_CORE_I/TIMER_CONTROL_I/TCSR1_GENERATE[21].TCSR1_FF_I> in Unit <axi_timer_0> is equivalent to the following FF/Latch : <axi_timer_0/TC_CORE_I/TIMER_CONTROL_I/TCSR0_GENERATE[21].TCSR0_FF_I> 
INFO:Xst:2260 - The FF/Latch <axi_timer_0/AXI4_LITE_I/I_SLAVE_ATTACHMENT/I_DECODER/Bus_RNW_reg> in Unit <axi_timer_0> is equivalent to the following FF/Latch : <axi_timer_0/AXI4_LITE_I/I_SLAVE_ATTACHMENT/I_DECODER/Bus_RNW_reg_1> 
INFO:Xst:2260 - The FF/Latch <axi_interconnect_1/crossbar_samd/gen_sasd.crossbar_sasd_0/m_atarget_enc_0> in Unit <axi_interconnect_1> is equivalent to the following FF/Latch : <axi_interconnect_1/crossbar_samd/gen_sasd.crossbar_sasd_0/m_atarget_enc_0_1> 
INFO:Xst:2260 - The FF/Latch <axi_interconnect_1/crossbar_samd/gen_sasd.crossbar_sasd_0/gen_crossbar.addr_arbiter_inst/grant_rnw> in Unit <axi_interconnect_1> is equivalent to the following FF/Latch : <axi_interconnect_1/crossbar_samd/gen_sasd.crossbar_sasd_0/gen_crossbar.addr_arbiter_inst/grant_rnw_1> 
INFO:Xst:2260 - The FF/Latch <axi_timer_0/TC_CORE_I/TIMER_CONTROL_I/TCSR1_GENERATE[21].TCSR1_FF_I> in Unit <axi_timer_0> is equivalent to the following FF/Latch : <axi_timer_0/TC_CORE_I/TIMER_CONTROL_I/TCSR0_GENERATE[21].TCSR0_FF_I> 
INFO:Xst:2260 - The FF/Latch <axi_timer_0/AXI4_LITE_I/I_SLAVE_ATTACHMENT/I_DECODER/Bus_RNW_reg> in Unit <axi_timer_0> is equivalent to the following FF/Latch : <axi_timer_0/AXI4_LITE_I/I_SLAVE_ATTACHMENT/I_DECODER/Bus_RNW_reg_1> 

Final Macro Processing ...

=========================================================================
Final Register Report

Found no macro
=========================================================================

=========================================================================
*                           Partition Report                            *
=========================================================================

Partition Implementation Status
-------------------------------

  No Partitions were found in this design.

-------------------------------

=========================================================================
*                            Design Summary                             *
=========================================================================

Clock Information:
------------------
---------------------------------------------------------------------------+------------------------+-------+
Clock Signal                                                               | Clock buffer(FF name)  | Load  |
---------------------------------------------------------------------------+------------------------+-------+
system_2_i/processing_system7_0/processing_system7_0/FCLK_CLK_unbuffered<0>| BUFG                   | 343   |
---------------------------------------------------------------------------+------------------------+-------+

Asynchronous Control Signals Information:
----------------------------------------
No asynchronous control signals found in this design

Timing Summary:
---------------
Speed Grade: -1

   Minimum period: 4.675ns (Maximum Frequency: 213.919MHz)
   Minimum input arrival time before clock: 2.732ns
   Maximum output required time after clock: 3.272ns
   Maximum combinational path delay: 0.000ns

=========================================================================
