=====================
Opened log file
=====================
Created pcores directory
=====================
Opened log file
=====================
Xilinx Platform Studio (XPS)
Xilinx EDK 14.7 Build EDK_P.20131013

Xilinx EDK 14.7 Build EDK_P.20131013

Copied
/nfs/sw_cmc/x86_64.EL7/tools/xilinx_14.7/14.7/ISE_DS/EDK/data/xflow/bitgen_zynq.
ut to etc directory
Copied file
/nfs/sw_cmc/x86_64.EL7/tools/xilinx_14.7/14.7/ISE_DS/EDK/data/xflow/fast_runtime
_zynq.opt to etc directory

Overriding IP level properties ...

Computing clock values...

Performing IP level DRCs on properties...

Running DRC Tcl procedures for OPTION IPLEVEL_DRC_PROC...

Checking platform address map ...
Created backup of etc/bitgen.ut to etc/bitgen.ut.virtex5
Copied
/nfs/sw_cmc/x86_64.EL7/tools/xilinx_14.7/14.7/ISE_DS/EDK/data/xflow/bitgen_zynq.
ut to etc directory
Created backup of etc/fast_runtime.opt to etc/fast_runtime.opt.virtex5
Copied file
/nfs/sw_cmc/x86_64.EL7/tools/xilinx_14.7/14.7/ISE_DS/EDK/data/xflow/fast_runtime
_zynq.opt to etc directory
No changes to be saved in MHS file
Saved project XMP file
Saved Make file
Xilinx Platform Studio (XPS)
Xilinx EDK 14.7 Build EDK_P.20131013
Copyright (c) 1995-2012 Xilinx, Inc.  All rights reserved.

Writing filter settings....
Done writing filter settings to:
	/nfs/home/a/ay_vashi/COEN_317/lab_3/lab_3_plan_ahead_part_2/lab_3_plan_ahead_part_2.srcs/sources_1/edk/system_part_2/etc/system_part_2.filters
Done writing Tab View settings to:
	/nfs/home/a/ay_vashi/COEN_317/lab_3/lab_3_plan_ahead_part_2/lab_3_plan_ahead_part_2.srcs/sources_1/edk/system_part_2/etc/system_part_2.gui
