Release 14.7 - ngc2edif P.20131013 (lin64)
Copyright (c) 1995-2013 Xilinx, Inc.  All rights reserved.
Reading design system_2_part_2_final_axi_interconnect_1_wrapper.ngc ...
WARNING:NetListWriters:298 - No output is written to
   system_2_part_2_final_axi_interconnect_1_wrapper.xncf, ignored.
Processing design ...
   Preping design's networks ...
   Preping design's macros ...
WARNING:NetListWriters:306 - Signal bus
   axi_interconnect_1/crossbar_samd/gen_sasd.crossbar_sasd_0/gen_crossbar.addr_a
   rbiter_inst/m_amesg_i<65 : 0> on block
   system_2_part_2_final_axi_interconnect_1_wrapper is not reconstructed,
   because there are some missing bus signals.
WARNING:NetListWriters:306 - Signal bus
   axi_interconnect_1/crossbar_samd/gen_sasd.crossbar_sasd_0/gen_crossbar.addr_a
   rbiter_inst/s_amesg<65 : 0> on block
   system_2_part_2_final_axi_interconnect_1_wrapper is not reconstructed,
   because there are some missing bus signals.
  finished :Prep
Writing EDIF netlist file system_2_part_2_final_axi_interconnect_1_wrapper.edif
...
ngc2edif: Total memory usage is 93696 kilobytes

