16:05:14.242 INFO  - Processing command line option -hwspec /nfs/home/a/ay_vashi/COEN_317/LAB4/lab_4_part_1_final/lab_4_part_1_final.sdk/SDK/SDK_Export/hw/system.xml. 
16:06:54.104 INFO  - Processor reset is completed for ps7_cortexa9_0 
16:06:54.204 INFO  - PS initialization will be done as it is not done before. 
16:06:54.205 INFO  - Running PS initialization.... 
16:06:54.619 INFO  - ps7_init is completed. 
16:06:54.719 INFO  - ps7_post_config is completed. 
16:06:54.819 INFO  - PS Initialization is complete. 
16:24:58.505 INFO  - ps7_cortexa9_0 Processor is in use. Please stop existing Run or Debug sessions before launching. 
16:25:01.205 INFO  - Processor reset is completed for ps7_cortexa9_0 
16:31:54.581 INFO  - ps7_cortexa9_0 Processor is in use. Please stop existing Run or Debug sessions before launching. 
16:31:56.381 INFO  - Processor reset is completed for ps7_cortexa9_0 
16:33:17.581 INFO  - ps7_cortexa9_0 Processor is in use. Please stop existing Run or Debug sessions before launching. 
16:33:19.481 INFO  - Processor reset is completed for ps7_cortexa9_0 
16:34:14.499 INFO  - ps7_cortexa9_0 Processor is in use. Please stop existing Run or Debug sessions before launching. 
16:34:16.298 INFO  - Processor reset is completed for ps7_cortexa9_0 
16:36:37.364 INFO  - ps7_cortexa9_0 Processor is in use. Please stop existing Run or Debug sessions before launching. 
16:36:39.664 INFO  - Processor reset is completed for ps7_cortexa9_0 
16:37:08.751 INFO  - ps7_cortexa9_0 Processor is in use. Please stop existing Run or Debug sessions before launching. 
16:37:10.650 INFO  - Processor reset is completed for ps7_cortexa9_0 
16:40:13.900 INFO  - ps7_cortexa9_0 Processor is in use. Please stop existing Run or Debug sessions before launching. 
16:40:15.699 INFO  - Processor reset is completed for ps7_cortexa9_0 
16:45:40.016 INFO  - ps7_cortexa9_0 Processor is in use. Please stop existing Run or Debug sessions before launching. 
16:45:41.616 INFO  - Processor reset is completed for ps7_cortexa9_0 
16:48:03.602 INFO  - Processor reset is completed for ps7_cortexa9_0 
16:48:03.702 INFO  - PS initialization will be done as it is not done before. 
16:48:03.703 INFO  - Running PS initialization.... 
16:48:04.104 INFO  - ps7_init is completed. 
16:48:04.204 INFO  - ps7_post_config is completed. 
16:48:04.304 INFO  - PS Initialization is complete. 
16:51:46.623 INFO  - ps7_cortexa9_0 Processor is in use. Please stop existing Run or Debug sessions before launching. 
16:51:56.016 INFO  - FPGA Cable Disconnected. All active launches will be terminated. 
16:51:56.017 WARN  - Terminating existing sessions on processor ps7_cortexa9_0 
16:51:58.511 ERROR - Unexpected error while launching program. com.xilinx.sdk.targetmanager.TMException: Failed to Scan JTAG Chain
    Internal Error - Cable target accessed before open

	at com.xilinx.sdk.targetmanager.internal.TM.connectToProcessor(Unknown Source)
	at com.xilinx.sdk.debug.core.internal.AppRunner.run(Unknown Source)

16:52:16.508 INFO  - Processor reset is completed for ps7_cortexa9_0 
16:52:16.609 INFO  - PS initialization will be done as it is not done before. 
16:52:16.610 INFO  - Running PS initialization.... 
16:52:17.008 INFO  - ps7_init is completed. 
16:52:17.108 INFO  - ps7_post_config is completed. 
16:52:17.208 INFO  - PS Initialization is complete. 
16:56:02.025 INFO  - ps7_cortexa9_0 Processor is in use. Please stop existing Run or Debug sessions before launching. 
16:56:07.012 INFO  - Processor reset is completed for ps7_cortexa9_0 
16:56:09.000 ERROR - Unexpected error while launching program. java.lang.RuntimeException: Failed to download ELF file


    AP transaction timeout: ACK = 0x01, expected=0x02)
    Error Address = 0x00174000, Size = 0x00000004


	at com.xilinx.sdk.targetmanager.internal.TM.downloadELF(Unknown Source)
	at com.xilinx.sdk.debug.core.internal.AppRunner.run(Unknown Source)

16:56:24.601 ERROR - Unexpected error while launching program. java.lang.RuntimeException: Error in Resetting Target

    Could not stop the processor after reset


	at com.xilinx.sdk.targetmanager.internal.TM.doProcessorReset(Unknown Source)
	at com.xilinx.sdk.debug.core.internal.AppRunner.run(Unknown Source)

16:56:39.159 ERROR - Unexpected error while parsing XMD response ￿: com.google.gson.JsonSyntaxException: com.google.gson.stream.MalformedJsonException: invalid number or unquoted string near  
16:57:41.417 INFO  - Processing command line option -hwspec /nfs/home/a/ay_vashi/COEN_317/LAB4/lab_4_part_1_final/lab_4_part_1_final.sdk/SDK/SDK_Export/hw/system.xml. 
16:58:12.678 INFO  - Processor reset is completed for ps7_cortexa9_0 
16:58:12.778 INFO  - PS initialization will be done as it is not done before. 
16:58:12.779 INFO  - Running PS initialization.... 
16:58:13.174 INFO  - ps7_init is completed. 
16:58:13.274 INFO  - ps7_post_config is completed. 
16:58:13.374 INFO  - PS Initialization is complete. 
17:00:06.270 INFO  - ps7_cortexa9_0 Processor is in use. Please stop existing Run or Debug sessions before launching. 
17:00:07.790 INFO  - Processor reset is completed for ps7_cortexa9_0 
17:02:28.147 INFO  - ps7_cortexa9_0 Processor is in use. Please stop existing Run or Debug sessions before launching. 
17:02:29.458 INFO  - Processor reset is completed for ps7_cortexa9_0 
17:02:48.883 INFO  - ps7_cortexa9_0 Processor is in use. Please stop existing Run or Debug sessions before launching. 
17:02:50.982 INFO  - Processor reset is completed for ps7_cortexa9_0 
17:04:41.853 ERROR - Unable to disconnect from existing targets java.lang.NullPointerException
	at com.xilinx.sdk.targetmanager.internal.json.XMDJSONProcess.issueCommand(Unknown Source)
	at com.xilinx.sdk.targetmanager.internal.TM.disconnectTarget(Unknown Source)

17:04:41.859 ERROR - Unexpected error while parsing XMD response ￿: com.google.gson.JsonSyntaxException: com.google.gson.stream.MalformedJsonException: invalid number or unquoted string near  
