Release 14.7 - ngc2edif P.20131013 (lin64)
Copyright (c) 1995-2013 Xilinx, Inc.  All rights reserved.
Reading design system_stub.ngc ...
WARNING:NetListWriters:298 - No output is written to system_stub.xncf, ignored.
Processing design ...
   Preping design's networks ...
   Preping design's macros ...
  finished :Prep
Writing EDIF netlist file system_stub.edif ...
ngc2edif: Total memory usage is 92000 kilobytes

Release 14.7 - ngc2edif P.20131013 (lin64)
Copyright (c) 1995-2013 Xilinx, Inc.  All rights reserved.
Reading design system.ngc ...
WARNING:NetListWriters:298 - No output is written to system.xncf, ignored.
Processing design ...
   Preping design's networks ...
   Preping design's macros ...
  finished :Prep
Writing EDIF netlist file system.edif ...
ngc2edif: Total memory usage is 94600 kilobytes

Release 14.7 - ngc2edif P.20131013 (lin64)
Copyright (c) 1995-2013 Xilinx, Inc.  All rights reserved.
Reading design system_processing_system7_0_wrapper.ngc ...
WARNING:NetListWriters:298 - No output is written to
   system_processing_system7_0_wrapper.xncf, ignored.
Processing design ...
   Preping design's networks ...
   Preping design's macros ...
  finished :Prep
Writing EDIF netlist file system_processing_system7_0_wrapper.edif ...
ngc2edif: Total memory usage is 95900 kilobytes

Release 14.7 - ngc2edif P.20131013 (lin64)
Copyright (c) 1995-2013 Xilinx, Inc.  All rights reserved.
Reading design system_axi_interconnect_1_wrapper.ngc ...
WARNING:NetListWriters:298 - No output is written to
   system_axi_interconnect_1_wrapper.xncf, ignored.
Processing design ...
   Preping design's networks ...
   Preping design's macros ...
WARNING:NetListWriters:306 - Signal bus
   axi_interconnect_1/crossbar_samd/gen_sasd.crossbar_sasd_0/gen_crossbar.addr_a
   rbiter_inst/m_amesg_i<65 : 0> on block system_axi_interconnect_1_wrapper is
   not reconstructed, because there are some missing bus signals.
WARNING:NetListWriters:306 - Signal bus
   axi_interconnect_1/crossbar_samd/gen_sasd.crossbar_sasd_0/gen_crossbar.addr_a
   rbiter_inst/s_amesg<65 : 0> on block system_axi_interconnect_1_wrapper is not
   reconstructed, because there are some missing bus signals.
  finished :Prep
Writing EDIF netlist file system_axi_interconnect_1_wrapper.edif ...
ngc2edif: Total memory usage is 93684 kilobytes

Release 14.7 - ngc2edif P.20131013 (lin64)
Copyright (c) 1995-2013 Xilinx, Inc.  All rights reserved.
Reading design system_axi_gpio_for_a_and_b_wrapper.ngc ...
WARNING:NetListWriters:298 - No output is written to
   system_axi_gpio_for_a_and_b_wrapper.xncf, ignored.
Processing design ...
   Preping design's networks ...
   Preping design's macros ...
  finished :Prep
Writing EDIF netlist file system_axi_gpio_for_a_and_b_wrapper.edif ...
ngc2edif: Total memory usage is 92320 kilobytes

Release 14.7 - ngc2edif P.20131013 (lin64)
Copyright (c) 1995-2013 Xilinx, Inc.  All rights reserved.
Reading design system_stub.ngc ...
WARNING:NetListWriters:298 - No output is written to system_stub.xncf, ignored.
Processing design ...
   Preping design's networks ...
   Preping design's macros ...
  finished :Prep
Writing EDIF netlist file system_stub.edif ...
ngc2edif: Total memory usage is 92044 kilobytes

Release 14.7 - ngc2edif P.20131013 (lin64)
Copyright (c) 1995-2013 Xilinx, Inc.  All rights reserved.
Reading design system.ngc ...
WARNING:NetListWriters:298 - No output is written to system.xncf, ignored.
Processing design ...
   Preping design's networks ...
   Preping design's macros ...
  finished :Prep
Writing EDIF netlist file system.edif ...
ngc2edif: Total memory usage is 94556 kilobytes

Release 14.7 - ngc2edif P.20131013 (lin64)
Copyright (c) 1995-2013 Xilinx, Inc.  All rights reserved.
Reading design system_processing_system7_0_wrapper.ngc ...
WARNING:NetListWriters:298 - No output is written to
   system_processing_system7_0_wrapper.xncf, ignored.
Processing design ...
   Preping design's networks ...
   Preping design's macros ...
  finished :Prep
Writing EDIF netlist file system_processing_system7_0_wrapper.edif ...
ngc2edif: Total memory usage is 95904 kilobytes

Release 14.7 - ngc2edif P.20131013 (lin64)
Copyright (c) 1995-2013 Xilinx, Inc.  All rights reserved.
Reading design system_axi_interconnect_1_wrapper.ngc ...
WARNING:NetListWriters:298 - No output is written to
   system_axi_interconnect_1_wrapper.xncf, ignored.
Processing design ...
   Preping design's networks ...
   Preping design's macros ...
WARNING:NetListWriters:306 - Signal bus
   axi_interconnect_1/crossbar_samd/gen_sasd.crossbar_sasd_0/gen_crossbar.addr_a
   rbiter_inst/m_amesg_i<65 : 0> on block system_axi_interconnect_1_wrapper is
   not reconstructed, because there are some missing bus signals.
WARNING:NetListWriters:306 - Signal bus
   axi_interconnect_1/crossbar_samd/gen_sasd.crossbar_sasd_0/gen_crossbar.addr_a
   rbiter_inst/s_amesg<65 : 0> on block system_axi_interconnect_1_wrapper is not
   reconstructed, because there are some missing bus signals.
  finished :Prep
Writing EDIF netlist file system_axi_interconnect_1_wrapper.edif ...
ngc2edif: Total memory usage is 93688 kilobytes

Release 14.7 - ngc2edif P.20131013 (lin64)
Copyright (c) 1995-2013 Xilinx, Inc.  All rights reserved.
Reading design system_axi_gpio_for_a_and_b_wrapper.ngc ...
WARNING:NetListWriters:298 - No output is written to
   system_axi_gpio_for_a_and_b_wrapper.xncf, ignored.
Processing design ...
   Preping design's networks ...
   Preping design's macros ...
  finished :Prep
Writing EDIF netlist file system_axi_gpio_for_a_and_b_wrapper.edif ...
ngc2edif: Total memory usage is 92320 kilobytes

