Release 14.7 - platgen Xilinx EDK 14.7 Build EDK_P.20131013
 (lin64)
Copyright (c) 1995-2013 Xilinx, Inc.  All rights reserved.

Command Line: platgen -p xc7z020clg484-1 -lang vhdl -intstyle pa -toplevel no
-ti system_i -msg __xps/ise/xmsgprops.lst system.mhs 

WARNING:EDK - INFO:Security:50 - The XILINXD_LICENSE_FILE environment variable
   is set to '6088@license-cadpass:16088@license-cadpass'.
   INFO:Security:52 - The LM_LICENSE_FILE environment variable is set to
   '6088@license-cadpass:16088@license-cadpass'.
   INFO:Security:71 - If a license for part 'xc7z020' is available, it will be
   possible to use 'XPS_TDP' instead of 'XPS'.
   WARNING:Security:43 - No license file was found in the standard Xilinx
   license directory.
   WARNING:Security:44 - Since no license file was found,
          please run the Xilinx License Configuration Manager
          (xlcm or "Manage Xilinx Licenses")
          to assist in obtaining a license.
   WARNING:Security:42 - Your software subscription period has lapsed. Your
   current version of Xilinx tools will continue to function, but you no longer
   qualify for Xilinx software updates or new releases.


Parse
/nfs/home/a/ay_vashi/COEN_317/lab_3/lab3/lab3.srcs/sources_1/edk/system/system.m
hs ...

Read MPD definitions ...

Overriding IP level properties ...
INFO:EDK:4130 - IPNAME: processing_system7, INSTANCE:processing_system7_0 - tcl
   is overriding PARAMETER C_NUM_F2P_INTR_INPUTS value to 1 -
   /nfs/sw_cmc/x86_64.EL7/tools/xilinx_14.7/14.7/ISE_DS/EDK/hw/XilinxProcessorIP
   Lib/pcores/processing_system7_v4_03_a/data/processing_system7_v2_1_0.mpd line
   319 
INFO:EDK:4130 - IPNAME: axi_interconnect, INSTANCE:axi_interconnect_1 - tcl is
   overriding PARAMETER C_BASEFAMILY value to zynq -
   /nfs/sw_cmc/x86_64.EL7/tools/xilinx_14.7/14.7/ISE_DS/EDK/hw/XilinxProcessorIP
   Lib/pcores/axi_interconnect_v1_06_a/data/axi_interconnect_v2_1_0.mpd line 81 

Computing clock values...
INFO:EDK:1432 - Frequency for Top-Level Input Clock
   'processing_system7_0_PS_CLK' is not specified. Clock DRCs will not be
   performed for IPs connected to that clock port, unless they are connected
   through the clock generator IP. 


Performing IP level DRCs on properties...

Running DRC Tcl procedures for OPTION IPLEVEL_DRC_PROC...
INFO:EDK - INFO: DDR Base and High address in current configuration is
   0x00000000 and 0x3FFFFFFF respectively. 
INFO:EDK - INFO: You can modify the DDR address range accessed by Programmable
   Logic through the processing_system7 AXI slave interfaces. If MicroBlaze is a
   master on processing_system7 AXI slave interfaces, please use the top half of
   the address range (Base Address = 0x20000000; High Address = 0x3FFFFFFF). For
   all other master, any subset of the DDR address can be used. See Xilinx
   Answer 47167 for more information. 
Address Map for Processor processing_system7_0
  (0x41200000-0x4120ffff) axi_gpio_for_output	axi_interconnect_1
  (0x42800000-0x4280ffff) axi_timer_0	axi_interconnect_1

Checking platform address map ...

Checking platform configuration ...
IPNAME: axi_interconnect, INSTANCE: axi_interconnect_1 - 1 master(s) : 2
slave(s) 

Checking port drivers...

Performing Clock DRCs...

Performing Reset DRCs...

Overriding system level properties...
INFO:EDK:4130 - IPNAME: processing_system7, INSTANCE:processing_system7_0 - tcl
   is overriding PARAMETER C_FCLK_CLK1_BUF value to FALSE -
   /nfs/sw_cmc/x86_64.EL7/tools/xilinx_14.7/14.7/ISE_DS/EDK/hw/XilinxProcessorIP
   Lib/pcores/processing_system7_v4_03_a/data/processing_system7_v2_1_0.mpd line
   351 
INFO:EDK:4130 - IPNAME: processing_system7, INSTANCE:processing_system7_0 - tcl
   is overriding PARAMETER C_FCLK_CLK2_BUF value to FALSE -
   /nfs/sw_cmc/x86_64.EL7/tools/xilinx_14.7/14.7/ISE_DS/EDK/hw/XilinxProcessorIP
   Lib/pcores/processing_system7_v4_03_a/data/processing_system7_v2_1_0.mpd line
   352 
INFO:EDK:4130 - IPNAME: processing_system7, INSTANCE:processing_system7_0 - tcl
   is overriding PARAMETER C_FCLK_CLK3_BUF value to FALSE -
   /nfs/sw_cmc/x86_64.EL7/tools/xilinx_14.7/14.7/ISE_DS/EDK/hw/XilinxProcessorIP
   Lib/pcores/processing_system7_v4_03_a/data/processing_system7_v2_1_0.mpd line
   353 

INFO: Setting C_RANGE_CHECK = ON for axi_interconnect axi_interconnect_1.
INFO:EDK:4130 - IPNAME: axi_interconnect, INSTANCE:axi_interconnect_1 - tcl is
   overriding PARAMETER C_RANGE_CHECK value to 1 -
   /nfs/sw_cmc/x86_64.EL7/tools/xilinx_14.7/14.7/ISE_DS/EDK/hw/XilinxProcessorIP
   Lib/pcores/axi_interconnect_v1_06_a/data/axi_interconnect_v2_1_0.mpd line 149
    

Running system level update procedures...

Running UPDATE Tcl procedures for OPTION SYSLEVEL_UPDATE_PROC...

Running system level DRCs...

Performing System level DRCs on properties...

Running DRC Tcl procedures for OPTION SYSLEVEL_DRC_PROC...

Running UPDATE Tcl procedures for OPTION PLATGEN_SYSLEVEL_UPDATE_PROC...
INFO: No asynchronous clock conversions in axi_interconnect axi_interconnect_1.

Modify defaults ...

Creating stub ...

Processing licensed instances ...
Completion time: 0.00 seconds

Creating hardware output directories ...

Managing hardware (BBD-specified) netlist files ...

Managing cache ...

Elaborating instances ...

Writing HDL for elaborated instances ...

Inserting wrapper level ...
Completion time: 0.00 seconds

Constructing platform-level connectivity ...
Completion time: 0.00 seconds

Writing (top-level) BMM ...

Writing (top-level and wrappers) HDL ...

Generating synthesis project file ...

Running XST synthesis ...

INFO:EDK:4211 - The following instances are synthesized with XST. The MPD option
   IMP_NETLIST=TRUE indicates that a NGC file is to be produced using XST
   synthesis. IMP_NETLIST=FALSE (default) instances are not synthesized. 
INSTANCE:processing_system7_0 -
/nfs/home/a/ay_vashi/COEN_317/lab_3/lab3/lab3.srcs/sources_1/edk/system/system.m
hs line 38 - Running XST synthesis
INSTANCE:axi_gpio_for_output -
/nfs/home/a/ay_vashi/COEN_317/lab_3/lab3/lab3.srcs/sources_1/edk/system/system.m
hs line 125 - Running XST synthesis
INSTANCE:axi_interconnect_1 -
/nfs/home/a/ay_vashi/COEN_317/lab_3/lab3/lab3.srcs/sources_1/edk/system/system.m
hs line 136 - Running XST synthesis
INSTANCE:axi_timer_0 -
/nfs/home/a/ay_vashi/COEN_317/lab_3/lab3/lab3.srcs/sources_1/edk/system/system.m
hs line 144 - Running XST synthesis

Running NGCBUILD ...
IPNAME:system_axi_interconnect_1_wrapper INSTANCE:axi_interconnect_1 -
/nfs/home/a/ay_vashi/COEN_317/lab_3/lab3/lab3.srcs/sources_1/edk/system/system.m
hs line 136 - Running NGCBUILD
INFO:EDK:3509 - NCF files should not be modified as they will be regenerated.
   If any constraint needs to be overridden, this should be done by modifying
   the data/system.ucf file.

Rebuilding cache ...

Total run time: 61.00 seconds
