
*** Running xst
    with args -ifn module_1_for_lab_1_stub.xst -ofn module_1_for_lab_1_stub.srp -intstyle ise

Reading design: module_1_for_lab_1_stub.prj

=========================================================================
*                          HDL Parsing                                  *
=========================================================================
Parsing VHDL file "/nfs/home/a/ay_vashi/COEN_317/lab_1/lab_1/lab_1.srcs/sources_1/edk/module_1_for_lab_1/hdl/module_1_for_lab_1.vhd" into library work
Parsing entity <module_1_for_lab_1>.
Parsing architecture <STRUCTURE> of entity <module_1_for_lab_1>.
Parsing VHDL file "/nfs/home/a/ay_vashi/COEN_317/lab_1/lab_1/lab_1.srcs/sources_1/edk/module_1_for_lab_1/module_1_for_lab_1_stub.vhd" into library work
Parsing entity <module_1_for_lab_1_stub>.
Parsing architecture <STRUCTURE> of entity <module_1_for_lab_1_stub>.

=========================================================================
*                            HDL Elaboration                            *
=========================================================================

Elaborating entity <module_1_for_lab_1_stub> (architecture <STRUCTURE>) from library <work>.

Elaborating entity <module_1_for_lab_1> (architecture <>) from library <work>.

=========================================================================
*                           HDL Synthesis                               *
=========================================================================

Synthesizing Unit <module_1_for_lab_1_stub>.
    Related source file is "/nfs/home/a/ay_vashi/COEN_317/lab_1/lab_1/lab_1.srcs/sources_1/edk/module_1_for_lab_1/module_1_for_lab_1_stub.vhd".
    Set property "BOX_TYPE = user_black_box" for instance <module_1_for_lab_1_i>.
    Summary:
	no macro.
Unit <module_1_for_lab_1_stub> synthesized.

=========================================================================
HDL Synthesis Report

Found no macro
=========================================================================

=========================================================================
*                       Advanced HDL Synthesis                          *
=========================================================================

Reading core <../../lab_1.srcs/sources_1/edk/module_1_for_lab_1/implementation/module_1_for_lab_1.ngc>.
Reading core <../../lab_1.srcs/sources_1/edk/module_1_for_lab_1/implementation/module_1_for_lab_1_processing_system7_0_wrapper.ngc>.
Loading core <module_1_for_lab_1_processing_system7_0_wrapper> for timing and area information for instance <processing_system7_0>.
Loading core <module_1_for_lab_1> for timing and area information for instance <module_1_for_lab_1_i>.

=========================================================================
Advanced HDL Synthesis Report

Found no macro
=========================================================================

=========================================================================
*                         Low Level Synthesis                           *
=========================================================================

WARNING:Xst:528 - Multi-source in Unit <processing_system7_0> on signal <PS_SRSTB>; this signal is connected to multiple drivers.
Drivers are: 
   Primary input port <processing_system7_0_PS_SRSTB>
   Output port PS7:PSSRSTB of instance <module_1_for_lab_1_i/processing_system7_0/processing_system7_0/PS7_i>

WARNING:Xst:528 - Multi-source in Unit <processing_system7_0> on signal <PS_CLK>; this signal is connected to multiple drivers.
Drivers are: 
   Primary input port <processing_system7_0_PS_CLK>
   Output port PS7:PSCLK of instance <module_1_for_lab_1_i/processing_system7_0/processing_system7_0/PS7_i>

WARNING:Xst:528 - Multi-source in Unit <processing_system7_0> on signal <PS_PORB>; this signal is connected to multiple drivers.
Drivers are: 
   Primary input port <processing_system7_0_PS_PORB>
   Output port PS7:PSPORB of instance <module_1_for_lab_1_i/processing_system7_0/processing_system7_0/PS7_i>

Optimizing unit <module_1_for_lab_1_stub> ...

Mapping all equations...
Building and optimizing final netlist ...
Found area constraint ratio of 100 (+ 0) on block module_1_for_lab_1_stub, actual ratio is 0.

Final Macro Processing ...

=========================================================================
Final Register Report

Found no macro
=========================================================================

=========================================================================
*                           Partition Report                            *
=========================================================================

Partition Implementation Status
-------------------------------

  No Partitions were found in this design.

-------------------------------

=========================================================================
*                            Design Summary                             *
=========================================================================

Clock Information:
------------------
No clock signals found in this design

Asynchronous Control Signals Information:
----------------------------------------
No asynchronous control signals found in this design

Timing Summary:
---------------
Speed Grade: -1

   Minimum period: No path found
   Minimum input arrival time before clock: No path found
   Maximum output required time after clock: No path found
   Maximum combinational path delay: 0.000ns

=========================================================================
