#-----------------------------------------------------------
# PlanAhead v14.7 (64-bit)
# Build 321239 by xbuild on Fri Sep 27 19:24:36 MDT 2013
# Start of session at: Thu Apr  9 15:03:25 2026
# Process ID: 46112
# Log file: /nfs/home/a/ay_vashi/COEN_317/lab_quiz/planAhead.log
# Journal file: /nfs/home/a/ay_vashi/COEN_317/lab_quiz/planAhead.jou
#-----------------------------------------------------------
INFO: [Common 17-78] Attempting to get a license: PlanAhead
INFO: [Common 17-290] Got license for PlanAhead
INFO: [Common 17-86] Your PlanAhead license expires in -99 day(s)
INFO: [Device 21-36] Loading parts and site information from /nfs/sw_cmc/x86_64.EL7/tools/xilinx_14.7/14.7/ISE_DS/PlanAhead/data/parts/arch.xml
Parsing RTL primitives file [/nfs/sw_cmc/x86_64.EL7/tools/xilinx_14.7/14.7/ISE_DS/PlanAhead/data/parts/xilinx/rtl/prims/rtl_prims.xml]
Finished parsing RTL primitives file [/nfs/sw_cmc/x86_64.EL7/tools/xilinx_14.7/14.7/ISE_DS/PlanAhead/data/parts/xilinx/rtl/prims/rtl_prims.xml]
start_gui
INFO: [Common 17-81] Feature available: PartialReconfiguration
create_project actual_lab_quiz /nfs/home/a/ay_vashi/COEN_317/lab_quiz/actual_lab_quiz -part xc7z020clg484-1
set_property board zc702 [current_project]
set_property target_language VHDL [current_project]
set_property ng.output_hdl_format VHDL [get_filesets sim_1]
exit
INFO: [Common 17-206] Exiting PlanAhead at Thu Apr  9 15:05:01 2026...
INFO: [Common 17-83] Releasing license: PlanAhead
