#-----------------------------------------------------------
# PlanAhead v14.7 (64-bit)
# Build 321239 by xbuild on Fri Sep 27 19:24:36 MDT 2013
# Start of session at: Thu Apr  9 15:05:57 2026
# Process ID: 46870
# Log file: /nfs/home/a/ay_vashi/COEN_317/lab_quiz/planAhead.log
# Journal file: /nfs/home/a/ay_vashi/COEN_317/lab_quiz/planAhead.jou
#-----------------------------------------------------------
INFO: [Common 17-78] Attempting to get a license: PlanAhead
INFO: [Common 17-290] Got license for PlanAhead
INFO: [Common 17-86] Your PlanAhead license expires in -99 day(s)
INFO: [Device 21-36] Loading parts and site information from /nfs/sw_cmc/x86_64.EL7/tools/xilinx_14.7/14.7/ISE_DS/PlanAhead/data/parts/arch.xml
Parsing RTL primitives file [/nfs/sw_cmc/x86_64.EL7/tools/xilinx_14.7/14.7/ISE_DS/PlanAhead/data/parts/xilinx/rtl/prims/rtl_prims.xml]
Finished parsing RTL primitives file [/nfs/sw_cmc/x86_64.EL7/tools/xilinx_14.7/14.7/ISE_DS/PlanAhead/data/parts/xilinx/rtl/prims/rtl_prims.xml]
start_gui
INFO: [Common 17-81] Feature available: PartialReconfiguration
create_project actual_lab_quiz /nfs/home/a/ay_vashi/COEN_317/lab_quiz/actual_lab_quiz -part xc7z020clg484-1
set_property board zc702 [current_project]
set_property target_language VHDL [current_project]
set_property ng.output_hdl_format VHDL [get_filesets sim_1]
import_files -fileset constrs_1 -force -norecurse /nfs/home/a/ay_vashi/COEN_317/lab_quiz/quiz.ucf
create_xps system
INFO: [Edk 24-176] Creating XPS sub-design source for 'system'...

Xilinx Platform Studio
Xilinx EDK 14.7 Build EDK_P.20131013
Copyright (c) 1995-2012 Xilinx, Inc.  All rights reserved.

XPS% Evaluating file
/nfs/home/a/ay_vashi/COEN_317/lab_quiz/actual_lab_quiz/actual_lab_quiz.srcs/sour
ces_1/edk/system/__xps/pa/_system_create.tcl
Created pcores directory
Copied
/nfs/sw_cmc/x86_64.EL7/tools/xilinx_14.7/14.7/ISE_DS/EDK/data/xflow/bitgen_zynq.
ut to etc directory
Copied file
/nfs/sw_cmc/x86_64.EL7/tools/xilinx_14.7/14.7/ISE_DS/EDK/data/xflow/fast_runtime
_zynq.opt to etc directory

Overriding IP level properties ...

Computing clock values...

Performing IP level DRCs on properties...

Running DRC Tcl procedures for OPTION IPLEVEL_DRC_PROC...

Checking platform address map ...
Created backup of etc/bitgen.ut to etc/bitgen.ut.virtex5
Copied
/nfs/sw_cmc/x86_64.EL7/tools/xilinx_14.7/14.7/ISE_DS/EDK/data/xflow/bitgen_zynq.
ut to etc directory
Created backup of etc/fast_runtime.opt to etc/fast_runtime.opt.virtex5
Copied file
/nfs/sw_cmc/x86_64.EL7/tools/xilinx_14.7/14.7/ISE_DS/EDK/data/xflow/fast_runtime
_zynq.opt to etc directory
No changes to be saved in MHS file
Saved project XMP file
Saved Make file
INFO: [Edk 24-189] XPS sub-design source created

INFO: [Edk 24-185] Launching XPS GUI for configuring XPS sub-design source 'system'. The GUI will be up in a moment...
INFO: [Edk 24-173]  After configuring the source design, please select 'File->Exit' from the XPS GUI to exit from XPS. The source will be added to the current project automatically.

Xilinx Platform Studio
Xilinx EDK 14.7 Build EDK_P.20131013
Copyright (c) 1995-2012 Xilinx, Inc.  All rights reserved.

Launching XPS GUI...
INFO:EDK - Simulation, Implementation and Device configuration flows are
   disabled in XPS when launched from PlanAhead. All these features are
   available in PlanAhead.
MainWindow
INFO:EDK - INFO:Security:50 - The XILINXD_LICENSE_FILE environment variable is
   set to '6088@license-cadpass:16088@license-cadpass'.
   INFO:Security:52 - The LM_LICENSE_FILE environment variable is set to
   '6088@license-cadpass:16088@license-cadpass'.
   WARNING:Security:43 - No license file was found in the standard Xilinx
   license directory.
   WARNING:Security:44 - Since no license file was found,
          please run the Xilinx License Configuration Manager
          (xlcm or "Manage Xilinx Licenses")
          to assist in obtaining a license.
   WARNING:Security:42 - Your software subscription period has lapsed. Your
   current version of Xilinx tools will continue to function, but you no longer
   qualify for Xilinx software updates or new releases.

Assigned Driver generic 1.00.a for instance processing_system7_0
processing_system7_0 has been added to the project
INFO:EDK:3901 - please connect bus interface, set up port and generate address
   manually
Assigned Driver gpio 3.01.a for instance axi_gpio_0
axi_gpio_0 has been added to the project
ERROR:EDK:4125 - IPNAME: axi_gpio, INSTANCE: axi_gpio_0, PARAMETER: C_BASEADDR -
   ASSIGNMENT=REQUIRE is defined in the MPD. You must specify a value in the
   MHS. 
ERROR:EDK:4125 - IPNAME: axi_gpio, INSTANCE: axi_gpio_0, PARAMETER: C_HIGHADDR -
   ASSIGNMENT=REQUIRE is defined in the MPD. You must specify a value in the
   MHS. 
WARNING:EDK:2137 - Peripheral axi_gpio_0 is not accessible from any processor in
   the system. Check Bus Interface connections and address parameters. 
WARNING:EDK:2137 - Peripheral axi_gpio_for_input is not accessible from any
   processor in the system. Check Bus Interface connections and address
   parameters. 
Assigned Driver generic 1.00.a for instance axi_interconnect_1
Address Map for Processor processing_system7_0
Address Map for Processor processing_system7_0
  (0x41200000-0x4120ffff) axi_gpio_for_input	axi_interconnect_1
INFO:EDK - Do connection by refering to bus interface of a processing_system7_0
   in design
INFO:EDK - Create new axi_interconnect IP instance axi_interconnect_1
INFO:EDK - Connect clock port M_AXI_GP0_ACLK to processing_system7_0_FCLK_CLK0
INFO:EDK - Connect bus interface S_AXI to axi_interconnect_1
INFO:EDK - Connect clock port S_AXI_ACLK to processing_system7_0_FCLK_CLK0
INFO:EDK - Successfully did connection by refering to M_AXI_GP0 bus interface in
   processing_system7_0
INFO:EDK - External IO port grouping doneINFO:EDK - Generate address successfully
INFO:EDK - Successfully finished auto bus connection for IP instance:
   axi_gpio_for_input
Assigned Driver gpio 3.01.a for instance axi_gpio_0
axi_gpio_0 has been added to the project
ERROR:EDK:4125 - IPNAME: axi_gpio, INSTANCE: axi_gpio_0, PARAMETER: C_BASEADDR -
   ASSIGNMENT=REQUIRE is defined in the MPD. You must specify a value in the
   MHS. 
ERROR:EDK:4125 - IPNAME: axi_gpio, INSTANCE: axi_gpio_0, PARAMETER: C_HIGHADDR -
   ASSIGNMENT=REQUIRE is defined in the MPD. You must specify a value in the
   MHS. 
WARNING:EDK:2137 - Peripheral axi_gpio_0 is not accessible from any processor in
   the system. Check Bus Interface connections and address parameters. 
WARNING:EDK:2137 - Peripheral axi_gpio_for_output is not accessible from any
   processor in the system. Check Bus Interface connections and address
   parameters. 
Address Map for Processor processing_system7_0
  (0x41200000-0x4120ffff) axi_gpio_for_input	axi_interconnect_1
  (0x41240000-0x4124ffff) axi_gpio_for_output	axi_interconnect_1
INFO:EDK - Do connection by refering to bus interface of a processing_system7_0
   in design
INFO:EDK - Connect bus interface S_AXI to axi_interconnect_1
INFO:EDK - Connect clock port S_AXI_ACLK to processing_system7_0_FCLK_CLK0
INFO:EDK - Successfully did connection by refering to M_AXI_GP0 bus interface in
   processing_system7_0
INFO:EDK - External IO port grouping doneINFO:EDK - Generate address successfully
INFO:EDK - Successfully finished auto bus connection for IP instance:
   axi_gpio_for_output
Make instance axi_gpio_for_output port GPIO_IO_O external with net as port name
Instance axi_gpio_for_output port GPIO_IO_O connector undefined, using
axi_gpio_for_output_GPIO_IO_O
axi_gpio_for_input has been deleted from the project
Assigned Driver gpio 3.01.a for instance axi_gpio_0
axi_gpio_0 has been added to the project
ERROR:EDK:4125 - IPNAME: axi_gpio, INSTANCE: axi_gpio_0, PARAMETER: C_BASEADDR -
   ASSIGNMENT=REQUIRE is defined in the MPD. You must specify a value in the
   MHS. 
ERROR:EDK:4125 - IPNAME: axi_gpio, INSTANCE: axi_gpio_0, PARAMETER: C_HIGHADDR -
   ASSIGNMENT=REQUIRE is defined in the MPD. You must specify a value in the
   MHS. 
WARNING:EDK:2137 - Peripheral axi_gpio_0 is not accessible from any processor in
   the system. Check Bus Interface connections and address parameters. 
WARNING:EDK:2137 - Peripheral axi_gpio_for_input is not accessible from any
   processor in the system. Check Bus Interface connections and address
   parameters. 
Address Map for Processor processing_system7_0
  (0x41200000-0x4120ffff) axi_gpio_for_input	axi_interconnect_1
  (0x41240000-0x4124ffff) axi_gpio_for_output	axi_interconnect_1
INFO:EDK - Do connection by refering to bus interface of a processing_system7_0
   in design
INFO:EDK - Connect bus interface S_AXI to axi_interconnect_1
INFO:EDK - Connect clock port S_AXI_ACLK to processing_system7_0_FCLK_CLK0
INFO:EDK - Successfully did connection by refering to M_AXI_GP0 bus interface in
   processing_system7_0
INFO:EDK - External IO port grouping doneINFO:EDK - Generate address successfully
INFO:EDK - Successfully finished auto bus connection for IP instance:
   axi_gpio_for_input
Make instance axi_gpio_for_input port GPIO_IO external with net as port name
Instance axi_gpio_for_input port GPIO_IO connector undefined, using
axi_gpio_for_input_GPIO_IO
ZynqConfig: Terminated for gui mode
Writing filter settings....
Done writing filter settings to:
	/nfs/home/a/ay_vashi/COEN_317/lab_quiz/actual_lab_quiz/actual_lab_quiz.srcs/sou
rces_1/edk/system/etc/system.filters
Done writing Tab View settings to:
	/nfs/home/a/ay_vashi/COEN_317/lab_quiz/actual_lab_quiz/actual_lab_quiz.srcs/sou
rces_1/edk/system/etc/system.gui
INFO: [Edk 24-127] XPS completed
create_xps: Time (s): cpu = 00:00:28 ; elapsed = 00:10:56 . Memory (MB): peak = 2814.207 ; gain = 0.000
make_wrapper -files [get_files /nfs/home/a/ay_vashi/COEN_317/lab_quiz/actual_lab_quiz/actual_lab_quiz.srcs/sources_1/edk/system/system.xmp] -top -fileset [get_filesets sources_1] -import
INFO: [Edk 24-182] Generating top-level vhdl wrapper for the XPS sub-design source 'system'...

Xilinx Platform Studio
Xilinx EDK 14.7 Build EDK_P.20131013
Copyright (c) 1995-2012 Xilinx, Inc.  All rights reserved.

XPS% Evaluating file
/nfs/home/a/ay_vashi/COEN_317/lab_quiz/actual_lab_quiz/actual_lab_quiz.srcs/sour
ces_1/edk/system/__xps/pa/_system_top.tcl

Overriding IP level properties ...
INFO:EDK - IPNAME: processing_system7, INSTANCE:processing_system7_0 - tcl is
   overriding PARAMETER C_NUM_F2P_INTR_INPUTS value to 1 -
   /nfs/sw_cmc/x86_64.EL7/tools/xilinx_14.7/14.7/ISE_DS/EDK/hw/XilinxProcessorIP
   Lib/pcores/processing_system7_v4_03_a/data/processing_system7_v2_1_0.mpd line
   319 
INFO:EDK - IPNAME: axi_interconnect, INSTANCE:axi_interconnect_1 - tcl is
   overriding PARAMETER C_BASEFAMILY value to zynq -
   /nfs/sw_cmc/x86_64.EL7/tools/xilinx_14.7/14.7/ISE_DS/EDK/hw/XilinxProcessorIP
   Lib/pcores/axi_interconnect_v1_06_a/data/axi_interconnect_v2_1_0.mpd line 81 

Computing clock values...
INFO:EDK - Frequency for Top-Level Input Clock 'processing_system7_0_PS_CLK_pin'
   is not specified. Clock DRCs will not be performed for IPs connected to that
   clock port, unless they are connected through the clock generator IP. 


Performing IP level DRCs on properties...

Running DRC Tcl procedures for OPTION IPLEVEL_DRC_PROC...
INFO:EDK - INFO: DDR Base and High address in current configuration is
   0x00000000 and 0x3FFFFFFF respectively. 
INFO:EDK - INFO: You can modify the DDR address range accessed by Programmable
   Logic through the processing_system7 AXI slave interfaces. If MicroBlaze is a
   master on processing_system7 AXI slave interfaces, please use the top half of
   the address range (Base Address = 0x20000000; High Address = 0x3FFFFFFF). For
   all other master, any subset of the DDR address can be used. See Xilinx
   Answer 47167 for more information. 
Address Map for Processor processing_system7_0
  (0x41200000-0x4120ffff) axi_gpio_for_input	axi_interconnect_1
  (0x41240000-0x4124ffff) axi_gpio_for_output	axi_interconnect_1

Checking platform address map ...

Overriding IP level properties ...
INFO:EDK - IPNAME: processing_system7, INSTANCE:processing_system7_0 - tcl is
   overriding PARAMETER C_NUM_F2P_INTR_INPUTS value to 1 -
   /nfs/sw_cmc/x86_64.EL7/tools/xilinx_14.7/14.7/ISE_DS/EDK/hw/XilinxProcessorIP
   Lib/pcores/processing_system7_v4_03_a/data/processing_system7_v2_1_0.mpd line
   319 
INFO:EDK - IPNAME: axi_interconnect, INSTANCE:axi_interconnect_1 - tcl is
   overriding PARAMETER C_BASEFAMILY value to zynq -
   /nfs/sw_cmc/x86_64.EL7/tools/xilinx_14.7/14.7/ISE_DS/EDK/hw/XilinxProcessorIP
   Lib/pcores/axi_interconnect_v1_06_a/data/axi_interconnect_v2_1_0.mpd line 81 

Computing clock values...
INFO:EDK - Frequency for Top-Level Input Clock 'processing_system7_0_PS_CLK_pin'
   is not specified. Clock DRCs will not be performed for IPs connected to that
   clock port, unless they are connected through the clock generator IP. 


Performing IP level DRCs on properties...

Running DRC Tcl procedures for OPTION IPLEVEL_DRC_PROC...
INFO:EDK - INFO: DDR Base and High address in current configuration is
   0x00000000 and 0x3FFFFFFF respectively. 
INFO:EDK - INFO: You can modify the DDR address range accessed by Programmable
   Logic through the processing_system7 AXI slave interfaces. If MicroBlaze is a
   master on processing_system7 AXI slave interfaces, please use the top half of
   the address range (Base Address = 0x20000000; High Address = 0x3FFFFFFF). For
   all other master, any subset of the DDR address can be used. See Xilinx
   Answer 47167 for more information. 
Address Map for Processor processing_system7_0
  (0x41200000-0x4120ffff) axi_gpio_for_input	axi_interconnect_1
  (0x41240000-0x4124ffff) axi_gpio_for_output	axi_interconnect_1

Checking platform address map ...

Command Line: platgen -p xc7z020clg484-1 -lang vhdl -intstyle pa -stubgen
/nfs/home/a/ay_vashi/COEN_317/lab_quiz/actual_lab_quiz/actual_lab_quiz.srcs/sour
ces_1/edk/system/system.mhs 

WARNING:EDK - INFO:Security:50 - The XILINXD_LICENSE_FILE environment variable
   is set to '6088@license-cadpass:16088@license-cadpass'.
   INFO:Security:52 - The LM_LICENSE_FILE environment variable is set to
   '6088@license-cadpass:16088@license-cadpass'.
   INFO:Security:71 - If a license for part 'xc7z020' is available, it will be
   possible to use 'XPS_TDP' instead of 'XPS'.
   WARNING:Security:43 - No license file was found in the standard Xilinx
   license directory.
   WARNING:Security:44 - Since no license file was found,
          please run the Xilinx License Configuration Manager
          (xlcm or "Manage Xilinx Licenses")
          to assist in obtaining a license.
   WARNING:Security:42 - Your software subscription period has lapsed. Your
   current version of Xilinx tools will continue to function, but you no longer
   qualify for Xilinx software updates or new releases.


Parse
/nfs/home/a/ay_vashi/COEN_317/lab_quiz/actual_lab_quiz/actual_lab_quiz.srcs/sour
ces_1/edk/system/system.mhs ...

Create merged mhs ...

Overriding IP level properties ...
INFO:EDK:4130 - IPNAME: processing_system7, INSTANCE:processing_system7_0 - tcl
   is overriding PARAMETER C_NUM_F2P_INTR_INPUTS value to 1 -
   /nfs/sw_cmc/x86_64.EL7/tools/xilinx_14.7/14.7/ISE_DS/EDK/hw/XilinxProcessorIP
   Lib/pcores/processing_system7_v4_03_a/data/processing_system7_v2_1_0.mpd line
   319 
INFO:EDK:4130 - IPNAME: axi_interconnect, INSTANCE:axi_interconnect_1 - tcl is
   overriding PARAMETER C_BASEFAMILY value to zynq -
   /nfs/sw_cmc/x86_64.EL7/tools/xilinx_14.7/14.7/ISE_DS/EDK/hw/XilinxProcessorIP
   Lib/pcores/axi_interconnect_v1_06_a/data/axi_interconnect_v2_1_0.mpd line 81 

Computing clock values...
INFO:EDK:1432 - Frequency for Top-Level Input Clock
   'processing_system7_0_PS_CLK_pin' is not specified. Clock DRCs will not be
   performed for IPs connected to that clock port, unless they are connected
   through the clock generator IP. 


Performing IP level DRCs on properties...

Running DRC Tcl procedures for OPTION IPLEVEL_DRC_PROC...
INFO:EDK - INFO: DDR Base and High address in current configuration is
   0x00000000 and 0x3FFFFFFF respectively. 
INFO:EDK - INFO: You can modify the DDR address range accessed by Programmable
   Logic through the processing_system7 AXI slave interfaces. If MicroBlaze is a
   master on processing_system7 AXI slave interfaces, please use the top half of
   the address range (Base Address = 0x20000000; High Address = 0x3FFFFFFF). For
   all other master, any subset of the DDR address can be used. See Xilinx
   Answer 47167 for more information. 
Address Map for Processor processing_system7_0
  (0x41200000-0x4120ffff) axi_gpio_for_input	axi_interconnect_1
  (0x41240000-0x4124ffff) axi_gpio_for_output	axi_interconnect_1

Checking platform address map ...

Modify defaults ...

Creating stub ...

Elaborating instances ...

Inserting wrapper level ...

Writing (stub) BMM ...

Writing top-level HDL ...

Total run time: 2.00 seconds

Overriding IP level properties ...
INFO:EDK - IPNAME: processing_system7, INSTANCE:processing_system7_0 - tcl is
   overriding PARAMETER C_NUM_F2P_INTR_INPUTS value to 1 -
   /nfs/sw_cmc/x86_64.EL7/tools/xilinx_14.7/14.7/ISE_DS/EDK/hw/XilinxProcessorIP
   Lib/pcores/processing_system7_v4_03_a/data/processing_system7_v2_1_0.mpd line
   319 
INFO:EDK - IPNAME: axi_interconnect, INSTANCE:axi_interconnect_1 - tcl is
   overriding PARAMETER C_BASEFAMILY value to zynq -
   /nfs/sw_cmc/x86_64.EL7/tools/xilinx_14.7/14.7/ISE_DS/EDK/hw/XilinxProcessorIP
   Lib/pcores/axi_interconnect_v1_06_a/data/axi_interconnect_v2_1_0.mpd line 81 

Computing clock values...
INFO:EDK - Frequency for Top-Level Input Clock 'processing_system7_0_PS_CLK_pin'
   is not specified. Clock DRCs will not be performed for IPs connected to that
   clock port, unless they are connected through the clock generator IP. 


Performing IP level DRCs on properties...

Running DRC Tcl procedures for OPTION IPLEVEL_DRC_PROC...
INFO:EDK - INFO: DDR Base and High address in current configuration is
   0x00000000 and 0x3FFFFFFF respectively. 
INFO:EDK - INFO: You can modify the DDR address range accessed by Programmable
   Logic through the processing_system7 AXI slave interfaces. If MicroBlaze is a
   master on processing_system7 AXI slave interfaces, please use the top half of
   the address range (Base Address = 0x20000000; High Address = 0x3FFFFFFF). For
   all other master, any subset of the DDR address can be used. See Xilinx
   Answer 47167 for more information. 
Address Map for Processor processing_system7_0
  (0x41200000-0x4120ffff) axi_gpio_for_input	axi_interconnect_1
  (0x41240000-0x4124ffff) axi_gpio_for_output	axi_interconnect_1

Checking platform address map ...
INFO: [Edk 24-126] Wrapper generated:/nfs/home/a/ay_vashi/COEN_317/lab_quiz/actual_lab_quiz/actual_lab_quiz.srcs/sources_1/edk/system/system_stub.vhd
make_wrapper: Time (s): cpu = 00:00:05 ; elapsed = 00:00:12 . Memory (MB): peak = 2814.207 ; gain = 0.000
update_compile_order -fileset sources_1
update_compile_order -fileset sim_1
export_hardware [get_files /nfs/home/a/ay_vashi/COEN_317/lab_quiz/actual_lab_quiz/actual_lab_quiz.srcs/sources_1/edk/system/system.xmp]
INFO: [Edk 24-140] Exporting hardware platform for 'system'...

Xilinx Platform Studio
Xilinx EDK 14.7 Build EDK_P.20131013
Copyright (c) 1995-2012 Xilinx, Inc.  All rights reserved.

XPS% Evaluating file
/nfs/home/a/ay_vashi/COEN_317/lab_quiz/actual_lab_quiz/actual_lab_quiz.srcs/sour
ces_1/edk/system/__xps/pa/_system_export2sdk.tcl

Overriding IP level properties ...
INFO:EDK - IPNAME: processing_system7, INSTANCE:processing_system7_0 - tcl is
   overriding PARAMETER C_NUM_F2P_INTR_INPUTS value to 1 -
   /nfs/sw_cmc/x86_64.EL7/tools/xilinx_14.7/14.7/ISE_DS/EDK/hw/XilinxProcessorIP
   Lib/pcores/processing_system7_v4_03_a/data/processing_system7_v2_1_0.mpd line
   319 
INFO:EDK - IPNAME: axi_interconnect, INSTANCE:axi_interconnect_1 - tcl is
   overriding PARAMETER C_BASEFAMILY value to zynq -
   /nfs/sw_cmc/x86_64.EL7/tools/xilinx_14.7/14.7/ISE_DS/EDK/hw/XilinxProcessorIP
   Lib/pcores/axi_interconnect_v1_06_a/data/axi_interconnect_v2_1_0.mpd line 81 

Computing clock values...
INFO:EDK - Frequency for Top-Level Input Clock 'processing_system7_0_PS_CLK_pin'
   is not specified. Clock DRCs will not be performed for IPs connected to that
   clock port, unless they are connected through the clock generator IP. 


Performing IP level DRCs on properties...

Running DRC Tcl procedures for OPTION IPLEVEL_DRC_PROC...
INFO:EDK - INFO: DDR Base and High address in current configuration is
   0x00000000 and 0x3FFFFFFF respectively. 
INFO:EDK - INFO: You can modify the DDR address range accessed by Programmable
   Logic through the processing_system7 AXI slave interfaces. If MicroBlaze is a
   master on processing_system7 AXI slave interfaces, please use the top half of
   the address range (Base Address = 0x20000000; High Address = 0x3FFFFFFF). For
   all other master, any subset of the DDR address can be used. See Xilinx
   Answer 47167 for more information. 
Address Map for Processor processing_system7_0
  (0x41200000-0x4120ffff) axi_gpio_for_input	axi_interconnect_1
  (0x41240000-0x4124ffff) axi_gpio_for_output	axi_interconnect_1

Checking platform address map ...

Overriding IP level properties ...
INFO:EDK - IPNAME: processing_system7, INSTANCE:processing_system7_0 - tcl is
   overriding PARAMETER C_NUM_F2P_INTR_INPUTS value to 1 -
   /nfs/sw_cmc/x86_64.EL7/tools/xilinx_14.7/14.7/ISE_DS/EDK/hw/XilinxProcessorIP
   Lib/pcores/processing_system7_v4_03_a/data/processing_system7_v2_1_0.mpd line
   319 
INFO:EDK - IPNAME: axi_interconnect, INSTANCE:axi_interconnect_1 - tcl is
   overriding PARAMETER C_BASEFAMILY value to zynq -
   /nfs/sw_cmc/x86_64.EL7/tools/xilinx_14.7/14.7/ISE_DS/EDK/hw/XilinxProcessorIP
   Lib/pcores/axi_interconnect_v1_06_a/data/axi_interconnect_v2_1_0.mpd line 81 

Computing clock values...
INFO:EDK - Frequency for Top-Level Input Clock 'processing_system7_0_PS_CLK_pin'
   is not specified. Clock DRCs will not be performed for IPs connected to that
   clock port, unless they are connected through the clock generator IP. 


Performing IP level DRCs on properties...

Running DRC Tcl procedures for OPTION IPLEVEL_DRC_PROC...
INFO:EDK - INFO: DDR Base and High address in current configuration is
   0x00000000 and 0x3FFFFFFF respectively. 
INFO:EDK - INFO: You can modify the DDR address range accessed by Programmable
   Logic through the processing_system7 AXI slave interfaces. If MicroBlaze is a
   master on processing_system7 AXI slave interfaces, please use the top half of
   the address range (Base Address = 0x20000000; High Address = 0x3FFFFFFF). For
   all other master, any subset of the DDR address can be used. See Xilinx
   Answer 47167 for more information. 
Address Map for Processor processing_system7_0
  (0x41200000-0x4120ffff) axi_gpio_for_input	axi_interconnect_1
  (0x41240000-0x4124ffff) axi_gpio_for_output	axi_interconnect_1

Checking platform address map ...
pscgen -mhs system.mhs -expdir /nfs/home/a/ay_vashi/COEN_317/lab_quiz/actual_lab_quiz/actual_lab_quiz.sdk/SDK/SDK_Export/hw
Generating ps7_init code for Si version 1.... 
Generating ps7_init code for Si version 2.... 
Generating ps7_init code for Si version 3.... 
psf2Edward -inp system.xmp -flat_zynq -dont_run_checkhwsys -dont_add_loginfo -make_inst_lower -edwver 1.2 -xml /nfs/home/a/ay_vashi/COEN_317/lab_quiz/actual_lab_quiz/actual_lab_quiz.sdk/SDK/SDK_Export/hw/system.xml 
Release 14.7 - psf2Edward EDK_P.20131013 (lin64)
Copyright (c) 1995-2013 Xilinx, Inc.  All rights reserved.

Overriding IP level properties ...

Computing clock values...

Performing IP level DRCs on properties...

Running DRC Tcl procedures for OPTION IPLEVEL_DRC_PROC...
Address Map for Processor ps7_cortexa9_0
  (0000000000-0x0002ffff) ps7_ram_0	ps7_axi_interconnect_0
  (0x00100000-0x3fffffff) ps7_ddr_0	ps7_axi_interconnect_0
  (0x41200000-0x4120ffff)
axi_gpio_for_input	ps7_axi_interconnect_0->axi_interconnect_1
  (0x41240000-0x4124ffff)
axi_gpio_for_output	ps7_axi_interconnect_0->axi_interconnect_1
  (0xe0200000-0xe0200fff) ps7_iop_bus_config_0	ps7_axi_interconnect_0
  (0xf8000000-0xf8000fff) ps7_slcr_0	ps7_axi_interconnect_0
  (0xf8003000-0xf8003fff) ps7_dma_s	ps7_axi_interconnect_0
  (0xf8004000-0xf8004fff) ps7_dma_ns	ps7_axi_interconnect_0
  (0xf8006000-0xf8006fff) ps7_ddrc_0	ps7_axi_interconnect_0
  (0xf8007000-0xf80070ff) ps7_dev_cfg_0	ps7_axi_interconnect_0
  (0xf8007100-0xf8007120) ps7_xadc_0	ps7_axi_interconnect_0
  (0xf8008000-0xf8008fff) ps7_afi_0	ps7_axi_interconnect_0
  (0xf8009000-0xf8009fff) ps7_afi_1	ps7_axi_interconnect_0
  (0xf800a000-0xf800afff) ps7_afi_2	ps7_axi_interconnect_0
  (0xf800b000-0xf800bfff) ps7_afi_3	ps7_axi_interconnect_0
  (0xf800c000-0xf800cfff) ps7_ocmc_0	ps7_axi_interconnect_0
  (0xf8800000-0xf88fffff) ps7_coresight_comp_0	ps7_axi_interconnect_0
  (0xf8900000-0xf89fffff) ps7_gpv_0	ps7_axi_interconnect_0
  (0xf8f00000-0xf8f000fc) ps7_scuc_0	ps7_axi_interconnect_0
  (0xf8f00100-0xf8f001ff) ps7_scugic_0	ps7_axi_interconnect_0
  (0xf8f00200-0xf8f002ff) ps7_globaltimer_0	ps7_axi_interconnect_0
  (0xf8f00600-0xf8f0061f) ps7_scutimer_0	ps7_axi_interconnect_0
  (0xf8f00620-0xf8f006ff) ps7_scuwdt_0	ps7_axi_interconnect_0
  (0xf8f01000-0xf8f01fff) ps7_intc_dist_0	ps7_axi_interconnect_0
  (0xf8f02000-0xf8f02fff) ps7_l2cachec_0	ps7_axi_interconnect_0
  (0xffff0000-0xfffffdff) ps7_ram_1	ps7_axi_interconnect_0
Address Map for Processor ps7_cortexa9_1
  (0000000000-0x0002ffff) ps7_ram_0	ps7_axi_interconnect_0
  (0x00100000-0x3fffffff) ps7_ddr_0	ps7_axi_interconnect_0
  (0x41200000-0x4120ffff)
axi_gpio_for_input	ps7_axi_interconnect_0->axi_interconnect_1
  (0x41240000-0x4124ffff)
axi_gpio_for_output	ps7_axi_interconnect_0->axi_interconnect_1
  (0xe0200000-0xe0200fff) ps7_iop_bus_config_0	ps7_axi_interconnect_0
  (0xf8000000-0xf8000fff) ps7_slcr_0	ps7_axi_interconnect_0
  (0xf8003000-0xf8003fff) ps7_dma_s	ps7_axi_interconnect_0
  (0xf8004000-0xf8004fff) ps7_dma_ns	ps7_axi_interconnect_0
  (0xf8006000-0xf8006fff) ps7_ddrc_0	ps7_axi_interconnect_0
  (0xf8007000-0xf80070ff) ps7_dev_cfg_0	ps7_axi_interconnect_0
  (0xf8007100-0xf8007120) ps7_xadc_0	ps7_axi_interconnect_0
  (0xf8008000-0xf8008fff) ps7_afi_0	ps7_axi_interconnect_0
  (0xf8009000-0xf8009fff) ps7_afi_1	ps7_axi_interconnect_0
  (0xf800a000-0xf800afff) ps7_afi_2	ps7_axi_interconnect_0
  (0xf800b000-0xf800bfff) ps7_afi_3	ps7_axi_interconnect_0
  (0xf800c000-0xf800cfff) ps7_ocmc_0	ps7_axi_interconnect_0
  (0xf8800000-0xf88fffff) ps7_coresight_comp_0	ps7_axi_interconnect_0
  (0xf8900000-0xf89fffff) ps7_gpv_0	ps7_axi_interconnect_0
  (0xf8f00000-0xf8f000fc) ps7_scuc_0	ps7_axi_interconnect_0
  (0xf8f00100-0xf8f001ff) ps7_scugic_0	ps7_axi_interconnect_0
  (0xf8f00200-0xf8f002ff) ps7_globaltimer_0	ps7_axi_interconnect_0
  (0xf8f00600-0xf8f0061f) ps7_scutimer_0	ps7_axi_interconnect_0
  (0xf8f00620-0xf8f006ff) ps7_scuwdt_0	ps7_axi_interconnect_0
  (0xf8f01000-0xf8f01fff) ps7_intc_dist_0	ps7_axi_interconnect_0
  (0xf8f02000-0xf8f02fff) ps7_l2cachec_0	ps7_axi_interconnect_0
  (0xffff0000-0xfffffdff) ps7_ram_1	ps7_axi_interconnect_0

Checking platform address map ...
Conversion to XML complete.
xdsgen -inp system.xmp -report /nfs/home/a/ay_vashi/COEN_317/lab_quiz/actual_lab_quiz/actual_lab_quiz.sdk/SDK/SDK_Export/hw/system.html  -make_docs_local
Release 14.7 - xdsgen EDK_P.20131013 (lin64)
Copyright (c) 1995-2013 Xilinx, Inc.  All rights reserved.
WARNING:EDK:878 - Could not find IP doc
   http://www.xilinx.com/cgi-bin/docs/ipdoc?c=axi_interconnect;v=v1_06_a;d=ds768
   _axi_interconnect.pdf
WARNING:EDK:878 - Could not find IP doc
   http://www.xilinx.com/cgi-bin/docs/ipdoc?c=axi_gpio;v=v1_01_b;d=ds744_axi_gpi
   o.pdf
WARNING:EDK:878 - Could not find IP doc
   http://www.xilinx.com/cgi-bin/docs/ipdoc?c=axi_gpio;v=v1_01_b;d=ds744_axi_gpi
   o.pdf
Generated Block Diagram.
Rasterizing processing_system7_0.jpg.....
Rasterizing axi_interconnect_1.jpg.....
Rasterizing axi_gpio_for_output.jpg.....
Rasterizing axi_gpio_for_input.jpg.....
Rasterizing system_blkd.jpg.....
Report generated.
Report generation completed.

WARNING: The option to export bit and bmm files to SDK is set to false. Existing bit and bmm files in the /nfs/home/a/ay_vashi/COEN_317/lab_quiz/actual_lab_quiz/actual_lab_quiz.sdk/SDK/SDK_Export/hw directory (if any) will be deleted.

INFO: [Edk 24-142] Hardware platform data exported to '/nfs/home/a/ay_vashi/COEN_317/lab_quiz/actual_lab_quiz/actual_lab_quiz.sdk/SDK/SDK_Export/hw'
export_hardware: Time (s): cpu = 00:00:12 ; elapsed = 00:00:24 . Memory (MB): peak = 2814.207 ; gain = 0.000
launch_sdk -workspace /nfs/home/a/ay_vashi/COEN_317/lab_quiz/actual_lab_quiz/actual_lab_quiz.sdk/SDK/SDK_Export -hwspec /nfs/home/a/ay_vashi/COEN_317/lab_quiz/actual_lab_quiz/actual_lab_quiz.sdk/SDK/SDK_Export/hw/system.xml
INFO: [PlanAhead 12-393] Launching SDK...
INFO: [PlanAhead 12-417] Running xsdk -workspace /nfs/home/a/ay_vashi/COEN_317/lab_quiz/actual_lab_quiz/actual_lab_quiz.sdk/SDK/SDK_Export -hwspec /nfs/home/a/ay_vashi/COEN_317/lab_quiz/actual_lab_quiz/actual_lab_quiz.sdk/SDK/SDK_Export/hw/system.xml
INFO: [PlanAhead 12-418] SDK launched successfully
launch_runs synth_1
INFO: [Edk 24-181] Generating synthesized netlists for the XPS sub-design source 'system'...

Xilinx Platform Studio
Xilinx EDK 14.7 Build EDK_P.20131013
Copyright (c) 1995-2012 Xilinx, Inc.  All rights reserved.

XPS% Evaluating file
/nfs/home/a/ay_vashi/COEN_317/lab_quiz/actual_lab_quiz/actual_lab_quiz.srcs/sour
ces_1/edk/system/__xps/pa/_system_synth.tcl

Overriding IP level properties ...
INFO:EDK - IPNAME: processing_system7, INSTANCE:processing_system7_0 - tcl is
   overriding PARAMETER C_NUM_F2P_INTR_INPUTS value to 1 -
   /nfs/sw_cmc/x86_64.EL7/tools/xilinx_14.7/14.7/ISE_DS/EDK/hw/XilinxProcessorIP
   Lib/pcores/processing_system7_v4_03_a/data/processing_system7_v2_1_0.mpd line
   319 
INFO:EDK - IPNAME: axi_interconnect, INSTANCE:axi_interconnect_1 - tcl is
   overriding PARAMETER C_BASEFAMILY value to zynq -
   /nfs/sw_cmc/x86_64.EL7/tools/xilinx_14.7/14.7/ISE_DS/EDK/hw/XilinxProcessorIP
   Lib/pcores/axi_interconnect_v1_06_a/data/axi_interconnect_v2_1_0.mpd line 81 

Computing clock values...
INFO:EDK - Frequency for Top-Level Input Clock 'processing_system7_0_PS_CLK_pin'
   is not specified. Clock DRCs will not be performed for IPs connected to that
   clock port, unless they are connected through the clock generator IP. 


Performing IP level DRCs on properties...

Running DRC Tcl procedures for OPTION IPLEVEL_DRC_PROC...
INFO:EDK - INFO: DDR Base and High address in current configuration is
   0x00000000 and 0x3FFFFFFF respectively. 
INFO:EDK - INFO: You can modify the DDR address range accessed by Programmable
   Logic through the processing_system7 AXI slave interfaces. If MicroBlaze is a
   master on processing_system7 AXI slave interfaces, please use the top half of
   the address range (Base Address = 0x20000000; High Address = 0x3FFFFFFF). For
   all other master, any subset of the DDR address can be used. See Xilinx
   Answer 47167 for more information. 
Address Map for Processor processing_system7_0
  (0x41200000-0x4120ffff) axi_gpio_for_input	axi_interconnect_1
  (0x41240000-0x4124ffff) axi_gpio_for_output	axi_interconnect_1

Checking platform address map ...

Overriding IP level properties ...
INFO:EDK - IPNAME: processing_system7, INSTANCE:processing_system7_0 - tcl is
   overriding PARAMETER C_NUM_F2P_INTR_INPUTS value to 1 -
   /nfs/sw_cmc/x86_64.EL7/tools/xilinx_14.7/14.7/ISE_DS/EDK/hw/XilinxProcessorIP
   Lib/pcores/processing_system7_v4_03_a/data/processing_system7_v2_1_0.mpd line
   319 
INFO:EDK - IPNAME: axi_interconnect, INSTANCE:axi_interconnect_1 - tcl is
   overriding PARAMETER C_BASEFAMILY value to zynq -
   /nfs/sw_cmc/x86_64.EL7/tools/xilinx_14.7/14.7/ISE_DS/EDK/hw/XilinxProcessorIP
   Lib/pcores/axi_interconnect_v1_06_a/data/axi_interconnect_v2_1_0.mpd line 81 

Computing clock values...
INFO:EDK - Frequency for Top-Level Input Clock 'processing_system7_0_PS_CLK_pin'
   is not specified. Clock DRCs will not be performed for IPs connected to that
   clock port, unless they are connected through the clock generator IP. 


Performing IP level DRCs on properties...

Running DRC Tcl procedures for OPTION IPLEVEL_DRC_PROC...
INFO:EDK - INFO: DDR Base and High address in current configuration is
   0x00000000 and 0x3FFFFFFF respectively. 
INFO:EDK - INFO: You can modify the DDR address range accessed by Programmable
   Logic through the processing_system7 AXI slave interfaces. If MicroBlaze is a
   master on processing_system7 AXI slave interfaces, please use the top half of
   the address range (Base Address = 0x20000000; High Address = 0x3FFFFFFF). For
   all other master, any subset of the DDR address can be used. See Xilinx
   Answer 47167 for more information. 
Address Map for Processor processing_system7_0
  (0x41200000-0x4120ffff) axi_gpio_for_input	axi_interconnect_1
  (0x41240000-0x4124ffff) axi_gpio_for_output	axi_interconnect_1

Checking platform address map ...
****************************************************
Creating system netlist for hardware specification..
****************************************************
platgen -p xc7z020clg484-1 -lang vhdl -intstyle pa   -toplevel no -ti system_i -msg __xps/ise/xmsgprops.lst system.mhs

Command Line: platgen -p xc7z020clg484-1 -lang vhdl -intstyle pa -toplevel no
-ti system_i -msg __xps/ise/xmsgprops.lst system.mhs 

WARNING:EDK - INFO:Security:50 - The XILINXD_LICENSE_FILE environment variable
   is set to '6088@license-cadpass:16088@license-cadpass'.
   INFO:Security:52 - The LM_LICENSE_FILE environment variable is set to
   '6088@license-cadpass:16088@license-cadpass'.
   INFO:Security:71 - If a license for part 'xc7z020' is available, it will be
   possible to use 'XPS_TDP' instead of 'XPS'.
   WARNING:Security:43 - No license file was found in the standard Xilinx
   license directory.
   WARNING:Security:44 - Since no license file was found,
          please run the Xilinx License Configuration Manager
          (xlcm or "Manage Xilinx Licenses")
          to assist in obtaining a license.
   WARNING:Security:42 - Your software subscription period has lapsed. Your
   current version of Xilinx tools will continue to function, but you no longer
   qualify for Xilinx software updates or new releases.


Parse
/nfs/home/a/ay_vashi/COEN_317/lab_quiz/actual_lab_quiz/actual_lab_quiz.srcs/sour
ces_1/edk/system/system.mhs ...

Read MPD definitions ...

Overriding IP level properties ...
INFO:EDK:4130 - IPNAME: processing_system7, INSTANCE:processing_system7_0 - tcl
   is overriding PARAMETER C_NUM_F2P_INTR_INPUTS value to 1 -
   /nfs/sw_cmc/x86_64.EL7/tools/xilinx_14.7/14.7/ISE_DS/EDK/hw/XilinxProcessorIP
   Lib/pcores/processing_system7_v4_03_a/data/processing_system7_v2_1_0.mpd line
   319 
INFO:EDK:4130 - IPNAME: axi_interconnect, INSTANCE:axi_interconnect_1 - tcl is
   overriding PARAMETER C_BASEFAMILY value to zynq -
   /nfs/sw_cmc/x86_64.EL7/tools/xilinx_14.7/14.7/ISE_DS/EDK/hw/XilinxProcessorIP
   Lib/pcores/axi_interconnect_v1_06_a/data/axi_interconnect_v2_1_0.mpd line 81 

Computing clock values...
INFO:EDK:1432 - Frequency for Top-Level Input Clock
   'processing_system7_0_PS_CLK_pin' is not specified. Clock DRCs will not be
   performed for IPs connected to that clock port, unless they are connected
   through the clock generator IP. 


Performing IP level DRCs on properties...

Running DRC Tcl procedures for OPTION IPLEVEL_DRC_PROC...
INFO:EDK - INFO: DDR Base and High address in current configuration is
   0x00000000 and 0x3FFFFFFF respectively. 
INFO:EDK - INFO: You can modify the DDR address range accessed by Programmable
   Logic through the processing_system7 AXI slave interfaces. If MicroBlaze is a
   master on processing_system7 AXI slave interfaces, please use the top half of
   the address range (Base Address = 0x20000000; High Address = 0x3FFFFFFF). For
   all other master, any subset of the DDR address can be used. See Xilinx
   Answer 47167 for more information. 
Address Map for Processor processing_system7_0
  (0x41200000-0x4120ffff) axi_gpio_for_input	axi_interconnect_1
  (0x41240000-0x4124ffff) axi_gpio_for_output	axi_interconnect_1

Checking platform address map ...

Checking platform configuration ...
IPNAME: axi_interconnect, INSTANCE: axi_interconnect_1 - 1 master(s) : 2
slave(s) 

Checking port drivers...
ERROR:EDK:4074 - INSTANCE: system, PORT: axi_gpio_for_input_GPIO_IO, CONNECTOR:
   axi_gpio_for_input_GPIO_IO - No driver found -
   /nfs/home/a/ay_vashi/COEN_317/lab_quiz/actual_lab_quiz/actual_lab_quiz.srcs/s
   ources_1/edk/system/system.mhs line 27 
ERROR:EDK:440 - platgen failed with errors!
gmake: *** [system.make:124: implementation/system_processing_system7_0_wrapper.ngc] Error 2
ERROR:EDK -  
   Error while running "gmake -f system.make netlist".
ERROR: [Edk 24-166] (generate_target): Failed to execute XPS script. Please check for any errors reported by the XPS application in the console: [/nfs/home/a/ay_vashi/COEN_317/lab_quiz/actual_lab_quiz/actual_lab_quiz.srcs/sources_1/edk/system/__xps/pa/_system_synth.tcl]
launch_runs synth_1
INFO: [Edk 24-181] Generating synthesized netlists for the XPS sub-design source 'system'...

Xilinx Platform Studio
Xilinx EDK 14.7 Build EDK_P.20131013
Copyright (c) 1995-2012 Xilinx, Inc.  All rights reserved.

XPS% Evaluating file
/nfs/home/a/ay_vashi/COEN_317/lab_quiz/actual_lab_quiz/actual_lab_quiz.srcs/sour
ces_1/edk/system/__xps/pa/_system_synth.tcl

Overriding IP level properties ...
INFO:EDK - IPNAME: processing_system7, INSTANCE:processing_system7_0 - tcl is
   overriding PARAMETER C_NUM_F2P_INTR_INPUTS value to 1 -
   /nfs/sw_cmc/x86_64.EL7/tools/xilinx_14.7/14.7/ISE_DS/EDK/hw/XilinxProcessorIP
   Lib/pcores/processing_system7_v4_03_a/data/processing_system7_v2_1_0.mpd line
   319 
INFO:EDK - IPNAME: axi_interconnect, INSTANCE:axi_interconnect_1 - tcl is
   overriding PARAMETER C_BASEFAMILY value to zynq -
   /nfs/sw_cmc/x86_64.EL7/tools/xilinx_14.7/14.7/ISE_DS/EDK/hw/XilinxProcessorIP
   Lib/pcores/axi_interconnect_v1_06_a/data/axi_interconnect_v2_1_0.mpd line 81 

Computing clock values...
INFO:EDK - Frequency for Top-Level Input Clock 'processing_system7_0_PS_CLK_pin'
   is not specified. Clock DRCs will not be performed for IPs connected to that
   clock port, unless they are connected through the clock generator IP. 


Performing IP level DRCs on properties...

Running DRC Tcl procedures for OPTION IPLEVEL_DRC_PROC...
INFO:EDK - INFO: DDR Base and High address in current configuration is
   0x00000000 and 0x3FFFFFFF respectively. 
INFO:EDK - INFO: You can modify the DDR address range accessed by Programmable
   Logic through the processing_system7 AXI slave interfaces. If MicroBlaze is a
   master on processing_system7 AXI slave interfaces, please use the top half of
   the address range (Base Address = 0x20000000; High Address = 0x3FFFFFFF). For
   all other master, any subset of the DDR address can be used. See Xilinx
   Answer 47167 for more information. 
Address Map for Processor processing_system7_0
  (0x41200000-0x4120ffff) axi_gpio_for_input	axi_interconnect_1
  (0x41240000-0x4124ffff) axi_gpio_for_output	axi_interconnect_1

Checking platform address map ...

Overriding IP level properties ...
INFO:EDK - IPNAME: processing_system7, INSTANCE:processing_system7_0 - tcl is
   overriding PARAMETER C_NUM_F2P_INTR_INPUTS value to 1 -
   /nfs/sw_cmc/x86_64.EL7/tools/xilinx_14.7/14.7/ISE_DS/EDK/hw/XilinxProcessorIP
   Lib/pcores/processing_system7_v4_03_a/data/processing_system7_v2_1_0.mpd line
   319 
INFO:EDK - IPNAME: axi_interconnect, INSTANCE:axi_interconnect_1 - tcl is
   overriding PARAMETER C_BASEFAMILY value to zynq -
   /nfs/sw_cmc/x86_64.EL7/tools/xilinx_14.7/14.7/ISE_DS/EDK/hw/XilinxProcessorIP
   Lib/pcores/axi_interconnect_v1_06_a/data/axi_interconnect_v2_1_0.mpd line 81 

Computing clock values...
INFO:EDK - Frequency for Top-Level Input Clock 'processing_system7_0_PS_CLK_pin'
   is not specified. Clock DRCs will not be performed for IPs connected to that
   clock port, unless they are connected through the clock generator IP. 


Performing IP level DRCs on properties...

Running DRC Tcl procedures for OPTION IPLEVEL_DRC_PROC...
INFO:EDK - INFO: DDR Base and High address in current configuration is
   0x00000000 and 0x3FFFFFFF respectively. 
INFO:EDK - INFO: You can modify the DDR address range accessed by Programmable
   Logic through the processing_system7 AXI slave interfaces. If MicroBlaze is a
   master on processing_system7 AXI slave interfaces, please use the top half of
   the address range (Base Address = 0x20000000; High Address = 0x3FFFFFFF). For
   all other master, any subset of the DDR address can be used. See Xilinx
   Answer 47167 for more information. 
Address Map for Processor processing_system7_0
  (0x41200000-0x4120ffff) axi_gpio_for_input	axi_interconnect_1
  (0x41240000-0x4124ffff) axi_gpio_for_output	axi_interconnect_1

Checking platform address map ...
****************************************************
Creating system netlist for hardware specification..
****************************************************
platgen -p xc7z020clg484-1 -lang vhdl -intstyle pa   -toplevel no -ti system_i -msg __xps/ise/xmsgprops.lst system.mhs

Command Line: platgen -p xc7z020clg484-1 -lang vhdl -intstyle pa -toplevel no
-ti system_i -msg __xps/ise/xmsgprops.lst system.mhs 

WARNING:EDK - INFO:Security:50 - The XILINXD_LICENSE_FILE environment variable
   is set to '6088@license-cadpass:16088@license-cadpass'.
   INFO:Security:52 - The LM_LICENSE_FILE environment variable is set to
   '6088@license-cadpass:16088@license-cadpass'.
   INFO:Security:71 - If a license for part 'xc7z020' is available, it will be
   possible to use 'XPS_TDP' instead of 'XPS'.
   WARNING:Security:43 - No license file was found in the standard Xilinx
   license directory.
   WARNING:Security:44 - Since no license file was found,
          please run the Xilinx License Configuration Manager
          (xlcm or "Manage Xilinx Licenses")
          to assist in obtaining a license.
   WARNING:Security:42 - Your software subscription period has lapsed. Your
   current version of Xilinx tools will continue to function, but you no longer
   qualify for Xilinx software updates or new releases.


Parse
/nfs/home/a/ay_vashi/COEN_317/lab_quiz/actual_lab_quiz/actual_lab_quiz.srcs/sour
ces_1/edk/system/system.mhs ...

Read MPD definitions ...

Overriding IP level properties ...
INFO:EDK:4130 - IPNAME: processing_system7, INSTANCE:processing_system7_0 - tcl
   is overriding PARAMETER C_NUM_F2P_INTR_INPUTS value to 1 -
   /nfs/sw_cmc/x86_64.EL7/tools/xilinx_14.7/14.7/ISE_DS/EDK/hw/XilinxProcessorIP
   Lib/pcores/processing_system7_v4_03_a/data/processing_system7_v2_1_0.mpd line
   319 
INFO:EDK:4130 - IPNAME: axi_interconnect, INSTANCE:axi_interconnect_1 - tcl is
   overriding PARAMETER C_BASEFAMILY value to zynq -
   /nfs/sw_cmc/x86_64.EL7/tools/xilinx_14.7/14.7/ISE_DS/EDK/hw/XilinxProcessorIP
   Lib/pcores/axi_interconnect_v1_06_a/data/axi_interconnect_v2_1_0.mpd line 81 

Computing clock values...
INFO:EDK:1432 - Frequency for Top-Level Input Clock
   'processing_system7_0_PS_CLK_pin' is not specified. Clock DRCs will not be
   performed for IPs connected to that clock port, unless they are connected
   through the clock generator IP. 


Performing IP level DRCs on properties...

Running DRC Tcl procedures for OPTION IPLEVEL_DRC_PROC...
INFO:EDK - INFO: DDR Base and High address in current configuration is
   0x00000000 and 0x3FFFFFFF respectively. 
INFO:EDK - INFO: You can modify the DDR address range accessed by Programmable
   Logic through the processing_system7 AXI slave interfaces. If MicroBlaze is a
   master on processing_system7 AXI slave interfaces, please use the top half of
   the address range (Base Address = 0x20000000; High Address = 0x3FFFFFFF). For
   all other master, any subset of the DDR address can be used. See Xilinx
   Answer 47167 for more information. 
Address Map for Processor processing_system7_0
  (0x41200000-0x4120ffff) axi_gpio_for_input	axi_interconnect_1
  (0x41240000-0x4124ffff) axi_gpio_for_output	axi_interconnect_1

Checking platform address map ...

Checking platform configuration ...
IPNAME: axi_interconnect, INSTANCE: axi_interconnect_1 - 1 master(s) : 2
slave(s) 

Checking port drivers...
ERROR:EDK:4074 - INSTANCE: system, PORT: axi_gpio_for_input_GPIO_IO, CONNECTOR:
   axi_gpio_for_input_GPIO_IO - No driver found -
   /nfs/home/a/ay_vashi/COEN_317/lab_quiz/actual_lab_quiz/actual_lab_quiz.srcs/s
   ources_1/edk/system/system.mhs line 27 
ERROR:EDK:440 - platgen failed with errors!
gmake: *** [system.make:124: implementation/system_processing_system7_0_wrapper.ngc] Error 2
ERROR:EDK -  
   Error while running "gmake -f system.make netlist".
ERROR: [Edk 24-166] (generate_target): Failed to execute XPS script. Please check for any errors reported by the XPS application in the console: [/nfs/home/a/ay_vashi/COEN_317/lab_quiz/actual_lab_quiz/actual_lab_quiz.srcs/sources_1/edk/system/__xps/pa/_system_synth.tcl]
exit
INFO: [Common 17-206] Exiting PlanAhead at Thu Apr  9 15:34:00 2026...
INFO: [Common 17-83] Releasing license: PlanAhead
