#-----------------------------------------------------------
# PlanAhead v14.7 (64-bit)
# Build 321239 by xbuild on Fri Sep 27 19:24:36 MDT 2013
# Start of session at: Thu Apr  9 15:34:10 2026
# Process ID: 55573
# Log file: /nfs/home/a/ay_vashi/COEN_317/lab_quiz/planAhead.log
# Journal file: /nfs/home/a/ay_vashi/COEN_317/lab_quiz/planAhead.jou
#-----------------------------------------------------------
INFO: [Common 17-78] Attempting to get a license: PlanAhead
INFO: [Common 17-290] Got license for PlanAhead
INFO: [Common 17-86] Your PlanAhead license expires in -99 day(s)
INFO: [Device 21-36] Loading parts and site information from /nfs/sw_cmc/x86_64.EL7/tools/xilinx_14.7/14.7/ISE_DS/PlanAhead/data/parts/arch.xml
Parsing RTL primitives file [/nfs/sw_cmc/x86_64.EL7/tools/xilinx_14.7/14.7/ISE_DS/PlanAhead/data/parts/xilinx/rtl/prims/rtl_prims.xml]
Finished parsing RTL primitives file [/nfs/sw_cmc/x86_64.EL7/tools/xilinx_14.7/14.7/ISE_DS/PlanAhead/data/parts/xilinx/rtl/prims/rtl_prims.xml]
start_gui
INFO: [Common 17-81] Feature available: PartialReconfiguration
create_project actual_lab_quiz /nfs/home/a/ay_vashi/COEN_317/lab_quiz/actual_lab_quiz -part xc7z020clg484-1
set_property board zc702 [current_project]
set_property target_language VHDL [current_project]
set_property ng.output_hdl_format VHDL [get_filesets sim_1]
import_files -fileset constrs_1 -force -norecurse /nfs/home/a/ay_vashi/COEN_317/lab_quiz/quiz.ucf
create_xps system
INFO: [Edk 24-176] Creating XPS sub-design source for 'system'...

Xilinx Platform Studio
Xilinx EDK 14.7 Build EDK_P.20131013
Copyright (c) 1995-2012 Xilinx, Inc.  All rights reserved.

XPS% Evaluating file
/nfs/home/a/ay_vashi/COEN_317/lab_quiz/actual_lab_quiz/actual_lab_quiz.srcs/sour
ces_1/edk/system/__xps/pa/_system_create.tcl
Created pcores directory
Copied
/nfs/sw_cmc/x86_64.EL7/tools/xilinx_14.7/14.7/ISE_DS/EDK/data/xflow/bitgen_zynq.
ut to etc directory
Copied file
/nfs/sw_cmc/x86_64.EL7/tools/xilinx_14.7/14.7/ISE_DS/EDK/data/xflow/fast_runtime
_zynq.opt to etc directory

Overriding IP level properties ...

Computing clock values...

Performing IP level DRCs on properties...

Running DRC Tcl procedures for OPTION IPLEVEL_DRC_PROC...

Checking platform address map ...
Created backup of etc/bitgen.ut to etc/bitgen.ut.virtex5
Copied
/nfs/sw_cmc/x86_64.EL7/tools/xilinx_14.7/14.7/ISE_DS/EDK/data/xflow/bitgen_zynq.
ut to etc directory
Created backup of etc/fast_runtime.opt to etc/fast_runtime.opt.virtex5
Copied file
/nfs/sw_cmc/x86_64.EL7/tools/xilinx_14.7/14.7/ISE_DS/EDK/data/xflow/fast_runtime
_zynq.opt to etc directory
No changes to be saved in MHS file
Saved project XMP file
Saved Make file
INFO: [Edk 24-189] XPS sub-design source created

INFO: [Edk 24-185] Launching XPS GUI for configuring XPS sub-design source 'system'. The GUI will be up in a moment...
INFO: [Edk 24-173]  After configuring the source design, please select 'File->Exit' from the XPS GUI to exit from XPS. The source will be added to the current project automatically.

Xilinx Platform Studio
Xilinx EDK 14.7 Build EDK_P.20131013
Copyright (c) 1995-2012 Xilinx, Inc.  All rights reserved.

Launching XPS GUI...
INFO:EDK - Simulation, Implementation and Device configuration flows are
   disabled in XPS when launched from PlanAhead. All these features are
   available in PlanAhead.
MainWindow
INFO:EDK - INFO:Security:50 - The XILINXD_LICENSE_FILE environment variable is
   set to '6088@license-cadpass:16088@license-cadpass'.
   INFO:Security:52 - The LM_LICENSE_FILE environment variable is set to
   '6088@license-cadpass:16088@license-cadpass'.
   WARNING:Security:43 - No license file was found in the standard Xilinx
   license directory.
   WARNING:Security:44 - Since no license file was found,
          please run the Xilinx License Configuration Manager
          (xlcm or "Manage Xilinx Licenses")
          to assist in obtaining a license.
   WARNING:Security:42 - Your software subscription period has lapsed. Your
   current version of Xilinx tools will continue to function, but you no longer
   qualify for Xilinx software updates or new releases.

Address Map for Processor processing_system7_0
Address Map for Processor processing_system7_0
Address Map for Processor processing_system7_0
Address Map for Processor processing_system7_0
Address Map for Processor processing_system7_0
Address Map for Processor processing_system7_0
Address Map for Processor processing_system7_0
Address Map for Processor processing_system7_0
Assigned Driver gpio 3.01.a for instance axi_gpio_0
axi_gpio_0 has been added to the project
ERROR:EDK:4125 - IPNAME: axi_gpio, INSTANCE: axi_gpio_0, PARAMETER: C_BASEADDR -
   ASSIGNMENT=REQUIRE is defined in the MPD. You must specify a value in the
   MHS. 
ERROR:EDK:4125 - IPNAME: axi_gpio, INSTANCE: axi_gpio_0, PARAMETER: C_HIGHADDR -
   ASSIGNMENT=REQUIRE is defined in the MPD. You must specify a value in the
   MHS. 
WARNING:EDK:2137 - Peripheral axi_gpio_0 is not accessible from any processor in
   the system. Check Bus Interface connections and address parameters. 
WARNING:EDK:2137 - Peripheral axi_gpio_for_input is not accessible from any
   processor in the system. Check Bus Interface connections and address
   parameters. 
Assigned Driver generic 1.00.a for instance axi_interconnect_1
Address Map for Processor processing_system7_0
Address Map for Processor processing_system7_0
  (0x41200000-0x4120ffff) axi_gpio_for_input	axi_interconnect_1
INFO:EDK - Do connection by refering to bus interface of a processing_system7_0
   in design
INFO:EDK - Create new axi_interconnect IP instance axi_interconnect_1
INFO:EDK - Connect clock port M_AXI_GP0_ACLK to processing_system7_0_FCLK_CLK0
INFO:EDK - Connect bus interface S_AXI to axi_interconnect_1
INFO:EDK - Connect clock port S_AXI_ACLK to processing_system7_0_FCLK_CLK0
INFO:EDK - Successfully did connection by refering to M_AXI_GP0 bus interface in
   processing_system7_0
INFO:EDK - External IO port grouping doneINFO:EDK - Generate address successfully
INFO:EDK - Successfully finished auto bus connection for IP instance:
   axi_gpio_for_input
Assigned Driver gpio 3.01.a for instance axi_gpio_0
axi_gpio_0 has been added to the project
ERROR:EDK:4125 - IPNAME: axi_gpio, INSTANCE: axi_gpio_0, PARAMETER: C_BASEADDR -
   ASSIGNMENT=REQUIRE is defined in the MPD. You must specify a value in the
   MHS. 
ERROR:EDK:4125 - IPNAME: axi_gpio, INSTANCE: axi_gpio_0, PARAMETER: C_HIGHADDR -
   ASSIGNMENT=REQUIRE is defined in the MPD. You must specify a value in the
   MHS. 
WARNING:EDK:2137 - Peripheral axi_gpio_0 is not accessible from any processor in
   the system. Check Bus Interface connections and address parameters. 
WARNING:EDK:2137 - Peripheral axi_gpio_for_output is not accessible from any
   processor in the system. Check Bus Interface connections and address
   parameters. 
Address Map for Processor processing_system7_0
  (0x41200000-0x4120ffff) axi_gpio_for_input	axi_interconnect_1
  (0x41240000-0x4124ffff) axi_gpio_for_output	axi_interconnect_1
INFO:EDK - Do connection by refering to bus interface of a processing_system7_0
   in design
INFO:EDK - Connect bus interface S_AXI to axi_interconnect_1
INFO:EDK - Connect clock port S_AXI_ACLK to processing_system7_0_FCLK_CLK0
INFO:EDK - Successfully did connection by refering to M_AXI_GP0 bus interface in
   processing_system7_0
INFO:EDK - External IO port grouping doneINFO:EDK - Generate address successfully
INFO:EDK - Successfully finished auto bus connection for IP instance:
   axi_gpio_for_output
Make instance axi_gpio_for_input port GPIO_IO external with net as port name
Instance axi_gpio_for_input port GPIO_IO connector undefined, using
axi_gpio_for_input_GPIO_IO
Make instance axi_gpio_for_output port GPIO_IO_I external with net as port name
Instance axi_gpio_for_output port GPIO_IO_I connector undefined, using
axi_gpio_for_output_GPIO_IO_I
axi_gpio_for_input has been deleted from the project
Assigned Driver gpio 3.01.a for instance axi_gpio_0
axi_gpio_0 has been added to the project
ERROR:EDK:4125 - IPNAME: axi_gpio, INSTANCE: axi_gpio_0, PARAMETER: C_BASEADDR -
   ASSIGNMENT=REQUIRE is defined in the MPD. You must specify a value in the
   MHS. 
ERROR:EDK:4125 - IPNAME: axi_gpio, INSTANCE: axi_gpio_0, PARAMETER: C_HIGHADDR -
   ASSIGNMENT=REQUIRE is defined in the MPD. You must specify a value in the
   MHS. 
WARNING:EDK:2137 - Peripheral axi_gpio_0 is not accessible from any processor in
   the system. Check Bus Interface connections and address parameters. 
WARNING:EDK:2137 - Peripheral axi_gpio_for_input is not accessible from any
   processor in the system. Check Bus Interface connections and address
   parameters. 
Address Map for Processor processing_system7_0
  (0x41200000-0x4120ffff) axi_gpio_for_input	axi_interconnect_1
  (0x41240000-0x4124ffff) axi_gpio_for_output	axi_interconnect_1
INFO:EDK - Do connection by refering to bus interface of a processing_system7_0
   in design
INFO:EDK - Connect bus interface S_AXI to axi_interconnect_1
INFO:EDK - Connect clock port S_AXI_ACLK to processing_system7_0_FCLK_CLK0
INFO:EDK - Successfully did connection by refering to M_AXI_GP0 bus interface in
   processing_system7_0
INFO:EDK - External IO port grouping doneINFO:EDK - Generate address successfully
INFO:EDK - Successfully finished auto bus connection for IP instance:
   axi_gpio_for_input
ZynqConfig: Terminated for gui mode
Writing filter settings....
Done writing filter settings to:
	/nfs/home/a/ay_vashi/COEN_317/lab_quiz/actual_lab_quiz/actual_lab_quiz.srcs/sou
rces_1/edk/system/etc/system.filters
Done writing Tab View settings to:
	/nfs/home/a/ay_vashi/COEN_317/lab_quiz/actual_lab_quiz/actual_lab_quiz.srcs/sou
rces_1/edk/system/etc/system.gui
INFO: [Edk 24-127] XPS completed
create_xps: Time (s): cpu = 00:00:31 ; elapsed = 00:05:54 . Memory (MB): peak = 2834.531 ; gain = 0.000
make_wrapper -files [get_files /nfs/home/a/ay_vashi/COEN_317/lab_quiz/actual_lab_quiz/actual_lab_quiz.srcs/sources_1/edk/system/system.xmp] -top -fileset [get_filesets sources_1] -import
INFO: [Edk 24-182] Generating top-level vhdl wrapper for the XPS sub-design source 'system'...

Xilinx Platform Studio
Xilinx EDK 14.7 Build EDK_P.20131013
Copyright (c) 1995-2012 Xilinx, Inc.  All rights reserved.

XPS% Evaluating file
/nfs/home/a/ay_vashi/COEN_317/lab_quiz/actual_lab_quiz/actual_lab_quiz.srcs/sour
ces_1/edk/system/__xps/pa/_system_top.tcl

Overriding IP level properties ...
INFO:EDK - IPNAME: processing_system7, INSTANCE:processing_system7_0 - tcl is
   overriding PARAMETER C_NUM_F2P_INTR_INPUTS value to 1 -
   /nfs/sw_cmc/x86_64.EL7/tools/xilinx_14.7/14.7/ISE_DS/EDK/hw/XilinxProcessorIP
   Lib/pcores/processing_system7_v4_03_a/data/processing_system7_v2_1_0.mpd line
   319 
INFO:EDK - IPNAME: axi_interconnect, INSTANCE:axi_interconnect_1 - tcl is
   overriding PARAMETER C_BASEFAMILY value to zynq -
   /nfs/sw_cmc/x86_64.EL7/tools/xilinx_14.7/14.7/ISE_DS/EDK/hw/XilinxProcessorIP
   Lib/pcores/axi_interconnect_v1_06_a/data/axi_interconnect_v2_1_0.mpd line 81 

Computing clock values...
INFO:EDK - Frequency for Top-Level Input Clock 'processing_system7_0_PS_CLK' is
   not specified. Clock DRCs will not be performed for IPs connected to that
   clock port, unless they are connected through the clock generator IP. 


Performing IP level DRCs on properties...

Running DRC Tcl procedures for OPTION IPLEVEL_DRC_PROC...
INFO:EDK - INFO: DDR Base and High address in current configuration is
   0x00000000 and 0x3FFFFFFF respectively. 
INFO:EDK - INFO: You can modify the DDR address range accessed by Programmable
   Logic through the processing_system7 AXI slave interfaces. If MicroBlaze is a
   master on processing_system7 AXI slave interfaces, please use the top half of
   the address range (Base Address = 0x20000000; High Address = 0x3FFFFFFF). For
   all other master, any subset of the DDR address can be used. See Xilinx
   Answer 47167 for more information. 
Address Map for Processor processing_system7_0
  (0x41200000-0x4120ffff) axi_gpio_for_input	axi_interconnect_1
  (0x41240000-0x4124ffff) axi_gpio_for_output	axi_interconnect_1

Checking platform address map ...

Overriding IP level properties ...
INFO:EDK - IPNAME: processing_system7, INSTANCE:processing_system7_0 - tcl is
   overriding PARAMETER C_NUM_F2P_INTR_INPUTS value to 1 -
   /nfs/sw_cmc/x86_64.EL7/tools/xilinx_14.7/14.7/ISE_DS/EDK/hw/XilinxProcessorIP
   Lib/pcores/processing_system7_v4_03_a/data/processing_system7_v2_1_0.mpd line
   319 
INFO:EDK - IPNAME: axi_interconnect, INSTANCE:axi_interconnect_1 - tcl is
   overriding PARAMETER C_BASEFAMILY value to zynq -
   /nfs/sw_cmc/x86_64.EL7/tools/xilinx_14.7/14.7/ISE_DS/EDK/hw/XilinxProcessorIP
   Lib/pcores/axi_interconnect_v1_06_a/data/axi_interconnect_v2_1_0.mpd line 81 

Computing clock values...
INFO:EDK - Frequency for Top-Level Input Clock 'processing_system7_0_PS_CLK' is
   not specified. Clock DRCs will not be performed for IPs connected to that
   clock port, unless they are connected through the clock generator IP. 


Performing IP level DRCs on properties...

Running DRC Tcl procedures for OPTION IPLEVEL_DRC_PROC...
INFO:EDK - INFO: DDR Base and High address in current configuration is
   0x00000000 and 0x3FFFFFFF respectively. 
INFO:EDK - INFO: You can modify the DDR address range accessed by Programmable
   Logic through the processing_system7 AXI slave interfaces. If MicroBlaze is a
   master on processing_system7 AXI slave interfaces, please use the top half of
   the address range (Base Address = 0x20000000; High Address = 0x3FFFFFFF). For
   all other master, any subset of the DDR address can be used. See Xilinx
   Answer 47167 for more information. 
Address Map for Processor processing_system7_0
  (0x41200000-0x4120ffff) axi_gpio_for_input	axi_interconnect_1
  (0x41240000-0x4124ffff) axi_gpio_for_output	axi_interconnect_1

Checking platform address map ...

Command Line: platgen -p xc7z020clg484-1 -lang vhdl -intstyle pa -stubgen
/nfs/home/a/ay_vashi/COEN_317/lab_quiz/actual_lab_quiz/actual_lab_quiz.srcs/sour
ces_1/edk/system/system.mhs 

WARNING:EDK - INFO:Security:50 - The XILINXD_LICENSE_FILE environment variable
   is set to '6088@license-cadpass:16088@license-cadpass'.
   INFO:Security:52 - The LM_LICENSE_FILE environment variable is set to
   '6088@license-cadpass:16088@license-cadpass'.
   INFO:Security:71 - If a license for part 'xc7z020' is available, it will be
   possible to use 'XPS_TDP' instead of 'XPS'.
   WARNING:Security:43 - No license file was found in the standard Xilinx
   license directory.
   WARNING:Security:44 - Since no license file was found,
          please run the Xilinx License Configuration Manager
          (xlcm or "Manage Xilinx Licenses")
          to assist in obtaining a license.
   WARNING:Security:42 - Your software subscription period has lapsed. Your
   current version of Xilinx tools will continue to function, but you no longer
   qualify for Xilinx software updates or new releases.


Parse
/nfs/home/a/ay_vashi/COEN_317/lab_quiz/actual_lab_quiz/actual_lab_quiz.srcs/sour
ces_1/edk/system/system.mhs ...

Create merged mhs ...

Overriding IP level properties ...
INFO:EDK:4130 - IPNAME: processing_system7, INSTANCE:processing_system7_0 - tcl
   is overriding PARAMETER C_NUM_F2P_INTR_INPUTS value to 1 -
   /nfs/sw_cmc/x86_64.EL7/tools/xilinx_14.7/14.7/ISE_DS/EDK/hw/XilinxProcessorIP
   Lib/pcores/processing_system7_v4_03_a/data/processing_system7_v2_1_0.mpd line
   319 
INFO:EDK:4130 - IPNAME: axi_interconnect, INSTANCE:axi_interconnect_1 - tcl is
   overriding PARAMETER C_BASEFAMILY value to zynq -
   /nfs/sw_cmc/x86_64.EL7/tools/xilinx_14.7/14.7/ISE_DS/EDK/hw/XilinxProcessorIP
   Lib/pcores/axi_interconnect_v1_06_a/data/axi_interconnect_v2_1_0.mpd line 81 

Computing clock values...
INFO:EDK:1432 - Frequency for Top-Level Input Clock
   'processing_system7_0_PS_CLK' is not specified. Clock DRCs will not be
   performed for IPs connected to that clock port, unless they are connected
   through the clock generator IP. 


Performing IP level DRCs on properties...

Running DRC Tcl procedures for OPTION IPLEVEL_DRC_PROC...
INFO:EDK - INFO: DDR Base and High address in current configuration is
   0x00000000 and 0x3FFFFFFF respectively. 
INFO:EDK - INFO: You can modify the DDR address range accessed by Programmable
   Logic through the processing_system7 AXI slave interfaces. If MicroBlaze is a
   master on processing_system7 AXI slave interfaces, please use the top half of
   the address range (Base Address = 0x20000000; High Address = 0x3FFFFFFF). For
   all other master, any subset of the DDR address can be used. See Xilinx
   Answer 47167 for more information. 
Address Map for Processor processing_system7_0
  (0x41200000-0x4120ffff) axi_gpio_for_input	axi_interconnect_1
  (0x41240000-0x4124ffff) axi_gpio_for_output	axi_interconnect_1

Checking platform address map ...

Modify defaults ...

Creating stub ...

Elaborating instances ...

Inserting wrapper level ...

Writing (stub) BMM ...

Writing top-level HDL ...

Total run time: 2.00 seconds

Overriding IP level properties ...
INFO:EDK - IPNAME: processing_system7, INSTANCE:processing_system7_0 - tcl is
   overriding PARAMETER C_NUM_F2P_INTR_INPUTS value to 1 -
   /nfs/sw_cmc/x86_64.EL7/tools/xilinx_14.7/14.7/ISE_DS/EDK/hw/XilinxProcessorIP
   Lib/pcores/processing_system7_v4_03_a/data/processing_system7_v2_1_0.mpd line
   319 
INFO:EDK - IPNAME: axi_interconnect, INSTANCE:axi_interconnect_1 - tcl is
   overriding PARAMETER C_BASEFAMILY value to zynq -
   /nfs/sw_cmc/x86_64.EL7/tools/xilinx_14.7/14.7/ISE_DS/EDK/hw/XilinxProcessorIP
   Lib/pcores/axi_interconnect_v1_06_a/data/axi_interconnect_v2_1_0.mpd line 81 

Computing clock values...
INFO:EDK - Frequency for Top-Level Input Clock 'processing_system7_0_PS_CLK' is
   not specified. Clock DRCs will not be performed for IPs connected to that
   clock port, unless they are connected through the clock generator IP. 


Performing IP level DRCs on properties...

Running DRC Tcl procedures for OPTION IPLEVEL_DRC_PROC...
INFO:EDK - INFO: DDR Base and High address in current configuration is
   0x00000000 and 0x3FFFFFFF respectively. 
INFO:EDK - INFO: You can modify the DDR address range accessed by Programmable
   Logic through the processing_system7 AXI slave interfaces. If MicroBlaze is a
   master on processing_system7 AXI slave interfaces, please use the top half of
   the address range (Base Address = 0x20000000; High Address = 0x3FFFFFFF). For
   all other master, any subset of the DDR address can be used. See Xilinx
   Answer 47167 for more information. 
Address Map for Processor processing_system7_0
  (0x41200000-0x4120ffff) axi_gpio_for_input	axi_interconnect_1
  (0x41240000-0x4124ffff) axi_gpio_for_output	axi_interconnect_1

Checking platform address map ...
INFO: [Edk 24-126] Wrapper generated:/nfs/home/a/ay_vashi/COEN_317/lab_quiz/actual_lab_quiz/actual_lab_quiz.srcs/sources_1/edk/system/system_stub.vhd
make_wrapper: Time (s): cpu = 00:00:06 ; elapsed = 00:00:13 . Memory (MB): peak = 2834.531 ; gain = 0.000
update_compile_order -fileset sources_1
update_compile_order -fileset sim_1
launch_runs synth_1
INFO: [Edk 24-181] Generating synthesized netlists for the XPS sub-design source 'system'...

Xilinx Platform Studio
Xilinx EDK 14.7 Build EDK_P.20131013
Copyright (c) 1995-2012 Xilinx, Inc.  All rights reserved.

XPS% Evaluating file
/nfs/home/a/ay_vashi/COEN_317/lab_quiz/actual_lab_quiz/actual_lab_quiz.srcs/sour
ces_1/edk/system/__xps/pa/_system_synth.tcl

Overriding IP level properties ...
INFO:EDK - IPNAME: processing_system7, INSTANCE:processing_system7_0 - tcl is
   overriding PARAMETER C_NUM_F2P_INTR_INPUTS value to 1 -
   /nfs/sw_cmc/x86_64.EL7/tools/xilinx_14.7/14.7/ISE_DS/EDK/hw/XilinxProcessorIP
   Lib/pcores/processing_system7_v4_03_a/data/processing_system7_v2_1_0.mpd line
   319 
INFO:EDK - IPNAME: axi_interconnect, INSTANCE:axi_interconnect_1 - tcl is
   overriding PARAMETER C_BASEFAMILY value to zynq -
   /nfs/sw_cmc/x86_64.EL7/tools/xilinx_14.7/14.7/ISE_DS/EDK/hw/XilinxProcessorIP
   Lib/pcores/axi_interconnect_v1_06_a/data/axi_interconnect_v2_1_0.mpd line 81 

Computing clock values...
INFO:EDK - Frequency for Top-Level Input Clock 'processing_system7_0_PS_CLK' is
   not specified. Clock DRCs will not be performed for IPs connected to that
   clock port, unless they are connected through the clock generator IP. 


Performing IP level DRCs on properties...

Running DRC Tcl procedures for OPTION IPLEVEL_DRC_PROC...
INFO:EDK - INFO: DDR Base and High address in current configuration is
   0x00000000 and 0x3FFFFFFF respectively. 
INFO:EDK - INFO: You can modify the DDR address range accessed by Programmable
   Logic through the processing_system7 AXI slave interfaces. If MicroBlaze is a
   master on processing_system7 AXI slave interfaces, please use the top half of
   the address range (Base Address = 0x20000000; High Address = 0x3FFFFFFF). For
   all other master, any subset of the DDR address can be used. See Xilinx
   Answer 47167 for more information. 
Address Map for Processor processing_system7_0
  (0x41200000-0x4120ffff) axi_gpio_for_input	axi_interconnect_1
  (0x41240000-0x4124ffff) axi_gpio_for_output	axi_interconnect_1

Checking platform address map ...

Overriding IP level properties ...
INFO:EDK - IPNAME: processing_system7, INSTANCE:processing_system7_0 - tcl is
   overriding PARAMETER C_NUM_F2P_INTR_INPUTS value to 1 -
   /nfs/sw_cmc/x86_64.EL7/tools/xilinx_14.7/14.7/ISE_DS/EDK/hw/XilinxProcessorIP
   Lib/pcores/processing_system7_v4_03_a/data/processing_system7_v2_1_0.mpd line
   319 
INFO:EDK - IPNAME: axi_interconnect, INSTANCE:axi_interconnect_1 - tcl is
   overriding PARAMETER C_BASEFAMILY value to zynq -
   /nfs/sw_cmc/x86_64.EL7/tools/xilinx_14.7/14.7/ISE_DS/EDK/hw/XilinxProcessorIP
   Lib/pcores/axi_interconnect_v1_06_a/data/axi_interconnect_v2_1_0.mpd line 81 

Computing clock values...
INFO:EDK - Frequency for Top-Level Input Clock 'processing_system7_0_PS_CLK' is
   not specified. Clock DRCs will not be performed for IPs connected to that
   clock port, unless they are connected through the clock generator IP. 


Performing IP level DRCs on properties...

Running DRC Tcl procedures for OPTION IPLEVEL_DRC_PROC...
INFO:EDK - INFO: DDR Base and High address in current configuration is
   0x00000000 and 0x3FFFFFFF respectively. 
INFO:EDK - INFO: You can modify the DDR address range accessed by Programmable
   Logic through the processing_system7 AXI slave interfaces. If MicroBlaze is a
   master on processing_system7 AXI slave interfaces, please use the top half of
   the address range (Base Address = 0x20000000; High Address = 0x3FFFFFFF). For
   all other master, any subset of the DDR address can be used. See Xilinx
   Answer 47167 for more information. 
Address Map for Processor processing_system7_0
  (0x41200000-0x4120ffff) axi_gpio_for_input	axi_interconnect_1
  (0x41240000-0x4124ffff) axi_gpio_for_output	axi_interconnect_1

Checking platform address map ...
****************************************************
Creating system netlist for hardware specification..
****************************************************
platgen -p xc7z020clg484-1 -lang vhdl -intstyle pa   -toplevel no -ti system_i -msg __xps/ise/xmsgprops.lst system.mhs

Command Line: platgen -p xc7z020clg484-1 -lang vhdl -intstyle pa -toplevel no
-ti system_i -msg __xps/ise/xmsgprops.lst system.mhs 

WARNING:EDK - INFO:Security:50 - The XILINXD_LICENSE_FILE environment variable
   is set to '6088@license-cadpass:16088@license-cadpass'.
   INFO:Security:52 - The LM_LICENSE_FILE environment variable is set to
   '6088@license-cadpass:16088@license-cadpass'.
   INFO:Security:71 - If a license for part 'xc7z020' is available, it will be
   possible to use 'XPS_TDP' instead of 'XPS'.
   WARNING:Security:43 - No license file was found in the standard Xilinx
   license directory.
   WARNING:Security:44 - Since no license file was found,
          please run the Xilinx License Configuration Manager
          (xlcm or "Manage Xilinx Licenses")
          to assist in obtaining a license.
   WARNING:Security:42 - Your software subscription period has lapsed. Your
   current version of Xilinx tools will continue to function, but you no longer
   qualify for Xilinx software updates or new releases.


Parse
/nfs/home/a/ay_vashi/COEN_317/lab_quiz/actual_lab_quiz/actual_lab_quiz.srcs/sour
ces_1/edk/system/system.mhs ...

Read MPD definitions ...

Overriding IP level properties ...
INFO:EDK:4130 - IPNAME: processing_system7, INSTANCE:processing_system7_0 - tcl
   is overriding PARAMETER C_NUM_F2P_INTR_INPUTS value to 1 -
   /nfs/sw_cmc/x86_64.EL7/tools/xilinx_14.7/14.7/ISE_DS/EDK/hw/XilinxProcessorIP
   Lib/pcores/processing_system7_v4_03_a/data/processing_system7_v2_1_0.mpd line
   319 
INFO:EDK:4130 - IPNAME: axi_interconnect, INSTANCE:axi_interconnect_1 - tcl is
   overriding PARAMETER C_BASEFAMILY value to zynq -
   /nfs/sw_cmc/x86_64.EL7/tools/xilinx_14.7/14.7/ISE_DS/EDK/hw/XilinxProcessorIP
   Lib/pcores/axi_interconnect_v1_06_a/data/axi_interconnect_v2_1_0.mpd line 81 

Computing clock values...
INFO:EDK:1432 - Frequency for Top-Level Input Clock
   'processing_system7_0_PS_CLK' is not specified. Clock DRCs will not be
   performed for IPs connected to that clock port, unless they are connected
   through the clock generator IP. 


Performing IP level DRCs on properties...

Running DRC Tcl procedures for OPTION IPLEVEL_DRC_PROC...
INFO:EDK - INFO: DDR Base and High address in current configuration is
   0x00000000 and 0x3FFFFFFF respectively. 
INFO:EDK - INFO: You can modify the DDR address range accessed by Programmable
   Logic through the processing_system7 AXI slave interfaces. If MicroBlaze is a
   master on processing_system7 AXI slave interfaces, please use the top half of
   the address range (Base Address = 0x20000000; High Address = 0x3FFFFFFF). For
   all other master, any subset of the DDR address can be used. See Xilinx
   Answer 47167 for more information. 
Address Map for Processor processing_system7_0
  (0x41200000-0x4120ffff) axi_gpio_for_input	axi_interconnect_1
  (0x41240000-0x4124ffff) axi_gpio_for_output	axi_interconnect_1

Checking platform address map ...

Checking platform configuration ...
IPNAME: axi_interconnect, INSTANCE: axi_interconnect_1 - 1 master(s) : 2
slave(s) 

Checking port drivers...
WARNING:EDK:4181 - PORT: axi_gpio_for_output_GPIO_IO_I_pin, CONNECTOR:
   axi_gpio_for_output_GPIO_IO_I - floating connection -
   /nfs/home/a/ay_vashi/COEN_317/lab_quiz/actual_lab_quiz/actual_lab_quiz.srcs/s
   ources_1/edk/system/system.mhs line 35 

Performing Clock DRCs...

Performing Reset DRCs...

Overriding system level properties...
INFO:EDK:4130 - IPNAME: processing_system7, INSTANCE:processing_system7_0 - tcl
   is overriding PARAMETER C_FCLK_CLK1_BUF value to FALSE -
   /nfs/sw_cmc/x86_64.EL7/tools/xilinx_14.7/14.7/ISE_DS/EDK/hw/XilinxProcessorIP
   Lib/pcores/processing_system7_v4_03_a/data/processing_system7_v2_1_0.mpd line
   351 
INFO:EDK:4130 - IPNAME: processing_system7, INSTANCE:processing_system7_0 - tcl
   is overriding PARAMETER C_FCLK_CLK2_BUF value to FALSE -
   /nfs/sw_cmc/x86_64.EL7/tools/xilinx_14.7/14.7/ISE_DS/EDK/hw/XilinxProcessorIP
   Lib/pcores/processing_system7_v4_03_a/data/processing_system7_v2_1_0.mpd line
   352 
INFO:EDK:4130 - IPNAME: processing_system7, INSTANCE:processing_system7_0 - tcl
   is overriding PARAMETER C_FCLK_CLK3_BUF value to FALSE -
   /nfs/sw_cmc/x86_64.EL7/tools/xilinx_14.7/14.7/ISE_DS/EDK/hw/XilinxProcessorIP
   Lib/pcores/processing_system7_v4_03_a/data/processing_system7_v2_1_0.mpd line
   353 

INFO: Setting C_RANGE_CHECK = ON for axi_interconnect axi_interconnect_1.
INFO:EDK:4130 - IPNAME: axi_interconnect, INSTANCE:axi_interconnect_1 - tcl is
   overriding PARAMETER C_RANGE_CHECK value to 1 -
   /nfs/sw_cmc/x86_64.EL7/tools/xilinx_14.7/14.7/ISE_DS/EDK/hw/XilinxProcessorIP
   Lib/pcores/axi_interconnect_v1_06_a/data/axi_interconnect_v2_1_0.mpd line 149
    

Running system level update procedures...

Running UPDATE Tcl procedures for OPTION SYSLEVEL_UPDATE_PROC...
ZynqConfig: Terminated for tcl mode

Running system level DRCs...

Performing System level DRCs on properties...

Running DRC Tcl procedures for OPTION SYSLEVEL_DRC_PROC...
ZynqConfig: Terminated for tcl mode

Running UPDATE Tcl procedures for OPTION PLATGEN_SYSLEVEL_UPDATE_PROC...
ZynqConfig: Terminated for tcl mode
INFO: No asynchronous clock conversions in axi_interconnect axi_interconnect_1.

Modify defaults ...

Creating stub ...

Processing licensed instances ...
Completion time: 0.00 seconds

Creating hardware output directories ...

Managing hardware (BBD-specified) netlist files ...

Managing cache ...

Elaborating instances ...

Writing HDL for elaborated instances ...

Inserting wrapper level ...
Completion time: 1.00 seconds

Constructing platform-level connectivity ...
Completion time: 0.00 seconds

Writing (top-level) BMM ...

Writing (top-level and wrappers) HDL ...

Generating synthesis project file ...

Running XST synthesis ...

INFO:EDK:4211 - The following instances are synthesized with XST. The MPD option
   IMP_NETLIST=TRUE indicates that a NGC file is to be produced using XST
   synthesis. IMP_NETLIST=FALSE (default) instances are not synthesized. 
INSTANCE:processing_system7_0 -
/nfs/home/a/ay_vashi/COEN_317/lab_quiz/actual_lab_quiz/actual_lab_quiz.srcs/sour
ces_1/edk/system/system.mhs line 40 - Running XST synthesis
PMSPEC -- Overriding Xilinx file
</nfs/sw_cmc/x86_64.EL7/tools/xilinx_14.7/14.7/ISE_DS/EDK/zynq/data/zynq.acd>
with local file
</nfs/sw_cmc/x86_64.EL7/tools/xilinx_14.7/14.7/ISE_DS/ISE/zynq/data/zynq.acd>
INSTANCE:axi_interconnect_1 -
/nfs/home/a/ay_vashi/COEN_317/lab_quiz/actual_lab_quiz/actual_lab_quiz.srcs/sour
ces_1/edk/system/system.mhs line 127 - Running XST synthesis
PMSPEC -- Overriding Xilinx file
</nfs/sw_cmc/x86_64.EL7/tools/xilinx_14.7/14.7/ISE_DS/EDK/zynq/data/zynq.acd>
with local file
</nfs/sw_cmc/x86_64.EL7/tools/xilinx_14.7/14.7/ISE_DS/ISE/zynq/data/zynq.acd>
INSTANCE:axi_gpio_for_output -
/nfs/home/a/ay_vashi/COEN_317/lab_quiz/actual_lab_quiz/actual_lab_quiz.srcs/sour
ces_1/edk/system/system.mhs line 135 - Running XST synthesis
PMSPEC -- Overriding Xilinx file
</nfs/sw_cmc/x86_64.EL7/tools/xilinx_14.7/14.7/ISE_DS/EDK/zynq/data/zynq.acd>
with local file
</nfs/sw_cmc/x86_64.EL7/tools/xilinx_14.7/14.7/ISE_DS/ISE/zynq/data/zynq.acd>
INSTANCE:axi_gpio_for_input -
/nfs/home/a/ay_vashi/COEN_317/lab_quiz/actual_lab_quiz/actual_lab_quiz.srcs/sour
ces_1/edk/system/system.mhs line 146 - Running XST synthesis
PMSPEC -- Overriding Xilinx file
</nfs/sw_cmc/x86_64.EL7/tools/xilinx_14.7/14.7/ISE_DS/EDK/zynq/data/zynq.acd>
with local file
</nfs/sw_cmc/x86_64.EL7/tools/xilinx_14.7/14.7/ISE_DS/ISE/zynq/data/zynq.acd>

Running NGCBUILD ...
IPNAME:system_axi_interconnect_1_wrapper INSTANCE:axi_interconnect_1 -
/nfs/home/a/ay_vashi/COEN_317/lab_quiz/actual_lab_quiz/actual_lab_quiz.srcs/sour
ces_1/edk/system/system.mhs line 127 - Running NGCBUILD
PMSPEC -- Overriding Xilinx file
</nfs/sw_cmc/x86_64.EL7/tools/xilinx_14.7/14.7/ISE_DS/EDK/zynq/data/zynq.acd>
with local file
</nfs/sw_cmc/x86_64.EL7/tools/xilinx_14.7/14.7/ISE_DS/ISE/zynq/data/zynq.acd>

Command Line:
/nfs/sw_cmc/x86_64.EL7/tools/xilinx_14.7/14.7/ISE_DS/ISE/bin/lin64/unwrapped/ngc
build -p xc7z020clg484-1 -intstyle silent -i -sd ..
system_axi_interconnect_1_wrapper.ngc ../system_axi_interconnect_1_wrapper

Reading NGO file
"/nfs/home/a/ay_vashi/COEN_317/lab_quiz/actual_lab_quiz/actual_lab_quiz.srcs/sou
rces_1/edk/system/implementation/axi_interconnect_1_wrapper/system_axi_interconn
ect_1_wrapper.ngc" ...

Partition Implementation Status
-------------------------------

  No Partitions were found in this design.

-------------------------------

NGCBUILD Design Results Summary:
  Number of errors:     0
  Number of warnings:   0

Writing NGC file "../system_axi_interconnect_1_wrapper.ngc" ...
Total REAL time to NGCBUILD completion:  4 sec
Total CPU time to NGCBUILD completion:   2 sec

Writing NGCBUILD log file "../system_axi_interconnect_1_wrapper.blc"...

NGCBUILD done.
INFO:EDK:3509 - NCF files should not be modified as they will be regenerated.
   If any constraint needs to be overridden, this should be done by modifying
   the data/system.ucf file.

Rebuilding cache ...

Total run time: 61.00 seconds
Running synthesis...
bash -c "cd synthesis; ./synthesis.sh"
xst -ifn system_xst.scr -intstyle silent
Running XST synthesis ...
PMSPEC -- Overriding Xilinx file
</nfs/sw_cmc/x86_64.EL7/tools/xilinx_14.7/14.7/ISE_DS/EDK/zynq/data/zynq.acd>
with local file
</nfs/sw_cmc/x86_64.EL7/tools/xilinx_14.7/14.7/ISE_DS/ISE/zynq/data/zynq.acd>
XST completed

Overriding IP level properties ...
INFO:EDK - IPNAME: processing_system7, INSTANCE:processing_system7_0 - tcl is
   overriding PARAMETER C_NUM_F2P_INTR_INPUTS value to 1 -
   /nfs/sw_cmc/x86_64.EL7/tools/xilinx_14.7/14.7/ISE_DS/EDK/hw/XilinxProcessorIP
   Lib/pcores/processing_system7_v4_03_a/data/processing_system7_v2_1_0.mpd line
   319 
INFO:EDK - IPNAME: axi_interconnect, INSTANCE:axi_interconnect_1 - tcl is
   overriding PARAMETER C_BASEFAMILY value to zynq -
   /nfs/sw_cmc/x86_64.EL7/tools/xilinx_14.7/14.7/ISE_DS/EDK/hw/XilinxProcessorIP
   Lib/pcores/axi_interconnect_v1_06_a/data/axi_interconnect_v2_1_0.mpd line 81 

Computing clock values...
INFO:EDK - Frequency for Top-Level Input Clock 'processing_system7_0_PS_CLK' is
   not specified. Clock DRCs will not be performed for IPs connected to that
   clock port, unless they are connected through the clock generator IP. 


Performing IP level DRCs on properties...

Running DRC Tcl procedures for OPTION IPLEVEL_DRC_PROC...
INFO:EDK - INFO: DDR Base and High address in current configuration is
   0x00000000 and 0x3FFFFFFF respectively. 
INFO:EDK - INFO: You can modify the DDR address range accessed by Programmable
   Logic through the processing_system7 AXI slave interfaces. If MicroBlaze is a
   master on processing_system7 AXI slave interfaces, please use the top half of
   the address range (Base Address = 0x20000000; High Address = 0x3FFFFFFF). For
   all other master, any subset of the DDR address can be used. See Xilinx
   Answer 47167 for more information. 
Address Map for Processor processing_system7_0
  (0x41200000-0x4120ffff) axi_gpio_for_input	axi_interconnect_1
  (0x41240000-0x4124ffff) axi_gpio_for_output	axi_interconnect_1

Checking platform address map ...

INFO: [Edk 24-137] Netlists generated
INFO: [Edk 24-85] Copied 'system.ucf' to '/nfs/home/a/ay_vashi/COEN_317/lab_quiz/actual_lab_quiz/actual_lab_quiz.srcs/sources_1/edk/system/implementation/system.ncf'
WARNING: [Runs 36-53] Possible issues detected after target generation. Generation state is unexpected for target 'Synthesis'. Expected 'Generated', got 'Stale' for source '/nfs/home/a/ay_vashi/COEN_317/lab_quiz/actual_lab_quiz/actual_lab_quiz.srcs/sources_1/edk/system/system.xmp'
[Thu Apr  9 15:42:41 2026] Launched synth_1...
Run output will be captured here: /nfs/home/a/ay_vashi/COEN_317/lab_quiz/actual_lab_quiz/actual_lab_quiz.runs/synth_1/runme.log
launch_runs: Time (s): cpu = 00:00:53 ; elapsed = 00:01:21 . Memory (MB): peak = 2834.531 ; gain = 0.000
launch_runs impl_1
Release 14.7 - ngc2edif P.20131013 (lin64)
Copyright (c) 1995-2013 Xilinx, Inc.  All rights reserved.

Release 14.7 - ngc2edif P.20131013 (lin64)
Copyright (c) 1995-2013 Xilinx, Inc.  All rights reserved.
Reading design system_stub.ngc ...
WARNING:NetListWriters:298 - No output is written to system_stub.xncf, ignored.
Processing design ...
   Preping design's networks ...
   Preping design's macros ...
  finished :Prep
Writing EDIF netlist file system_stub.edif ...
ngc2edif: Total memory usage is 91940 kilobytes

Parsing EDIF File [./actual_lab_quiz/actual_lab_quiz.data/cache/system_stub_ngc_66f9e2ef.edif]
Finished Parsing EDIF File [./actual_lab_quiz/actual_lab_quiz.data/cache/system_stub_ngc_66f9e2ef.edif]
Release 14.7 - ngc2edif P.20131013 (lin64)
Copyright (c) 1995-2013 Xilinx, Inc.  All rights reserved.

Release 14.7 - ngc2edif P.20131013 (lin64)
Copyright (c) 1995-2013 Xilinx, Inc.  All rights reserved.
Reading design system.ngc ...
WARNING:NetListWriters:298 - No output is written to system.xncf, ignored.
Processing design ...
   Preping design's networks ...
   Preping design's macros ...
WARNING:NetListWriters:306 - Signal bus axi_interconnect_1_M_AWADDR<40 : 0> on
   block system is not reconstructed, because there are some missing bus
   signals.
WARNING:NetListWriters:306 - Signal bus axi_interconnect_1_M_ARADDR<40 : 0> on
   block system is not reconstructed, because there are some missing bus
   signals.
  finished :Prep
Writing EDIF netlist file system.edif ...
ngc2edif: Total memory usage is 94744 kilobytes

Reading core file '/nfs/home/a/ay_vashi/COEN_317/lab_quiz/actual_lab_quiz/actual_lab_quiz.srcs/sources_1/edk/system/implementation/system.ngc' for (cell view 'system', library 'system_stub_lib', file 'system_stub.ngc')
Parsing EDIF File [./actual_lab_quiz/actual_lab_quiz.data/cache/system_ngc_64ee9f70.edif]
Finished Parsing EDIF File [./actual_lab_quiz/actual_lab_quiz.data/cache/system_ngc_64ee9f70.edif]
Release 14.7 - ngc2edif P.20131013 (lin64)
Copyright (c) 1995-2013 Xilinx, Inc.  All rights reserved.

Release 14.7 - ngc2edif P.20131013 (lin64)
Copyright (c) 1995-2013 Xilinx, Inc.  All rights reserved.
Reading design system_processing_system7_0_wrapper.ngc ...
WARNING:NetListWriters:298 - No output is written to
   system_processing_system7_0_wrapper.xncf, ignored.
Processing design ...
   Preping design's networks ...
   Preping design's macros ...
  finished :Prep
Writing EDIF netlist file system_processing_system7_0_wrapper.edif ...
ngc2edif: Total memory usage is 95908 kilobytes

Reading core file '/nfs/home/a/ay_vashi/COEN_317/lab_quiz/actual_lab_quiz/actual_lab_quiz.srcs/sources_1/edk/system/implementation/system_processing_system7_0_wrapper.ngc' for (cell view 'system_processing_system7_0_wrapper', library 'system_lib', file 'system.ngc')
Parsing EDIF File [./actual_lab_quiz/actual_lab_quiz.data/cache/system_processing_system7_0_wrapper_ngc_64ee9f70.edif]
Finished Parsing EDIF File [./actual_lab_quiz/actual_lab_quiz.data/cache/system_processing_system7_0_wrapper_ngc_64ee9f70.edif]
Release 14.7 - ngc2edif P.20131013 (lin64)
Copyright (c) 1995-2013 Xilinx, Inc.  All rights reserved.

Release 14.7 - ngc2edif P.20131013 (lin64)
Copyright (c) 1995-2013 Xilinx, Inc.  All rights reserved.
Reading design system_axi_interconnect_1_wrapper.ngc ...
WARNING:NetListWriters:298 - No output is written to
   system_axi_interconnect_1_wrapper.xncf, ignored.
Processing design ...
   Preping design's networks ...
   Preping design's macros ...
WARNING:NetListWriters:306 - Signal bus
   axi_interconnect_1/crossbar_samd/gen_sasd.crossbar_sasd_0/gen_crossbar.addr_a
   rbiter_inst/m_amesg_i[65 : 0] on block system_axi_interconnect_1_wrapper is
   not reconstructed, because there are some missing bus signals.
WARNING:NetListWriters:306 - Signal bus
   axi_interconnect_1/crossbar_samd/gen_sasd.crossbar_sasd_0/gen_crossbar.addr_a
   rbiter_inst/s_amesg[65 : 0] on block system_axi_interconnect_1_wrapper is not
   reconstructed, because there are some missing bus signals.
  finished :Prep
Writing EDIF netlist file system_axi_interconnect_1_wrapper.edif ...
ngc2edif: Total memory usage is 93924 kilobytes

Reading core file '/nfs/home/a/ay_vashi/COEN_317/lab_quiz/actual_lab_quiz/actual_lab_quiz.srcs/sources_1/edk/system/implementation/system_axi_interconnect_1_wrapper.ngc' for (cell view 'system_axi_interconnect_1_wrapper', library 'system_lib', file 'system.ngc')
Parsing EDIF File [./actual_lab_quiz/actual_lab_quiz.data/cache/system_axi_interconnect_1_wrapper_ngc_64ee9f70.edif]
Finished Parsing EDIF File [./actual_lab_quiz/actual_lab_quiz.data/cache/system_axi_interconnect_1_wrapper_ngc_64ee9f70.edif]
Release 14.7 - ngc2edif P.20131013 (lin64)
Copyright (c) 1995-2013 Xilinx, Inc.  All rights reserved.

Release 14.7 - ngc2edif P.20131013 (lin64)
Copyright (c) 1995-2013 Xilinx, Inc.  All rights reserved.
Reading design system_axi_gpio_for_output_wrapper.ngc ...
WARNING:NetListWriters:298 - No output is written to
   system_axi_gpio_for_output_wrapper.xncf, ignored.
Processing design ...
   Preping design's networks ...
   Preping design's macros ...
WARNING:NetListWriters:306 - Signal bus axi_gpio_for_output/bus2ip_addr<6 : 0>
   on block system_axi_gpio_for_output_wrapper is not reconstructed, because
   there are some missing bus signals.
  finished :Prep
Writing EDIF netlist file system_axi_gpio_for_output_wrapper.edif ...
ngc2edif: Total memory usage is 92048 kilobytes

Reading core file '/nfs/home/a/ay_vashi/COEN_317/lab_quiz/actual_lab_quiz/actual_lab_quiz.srcs/sources_1/edk/system/implementation/system_axi_gpio_for_output_wrapper.ngc' for (cell view 'system_axi_gpio_for_output_wrapper', library 'system_lib', file 'system.ngc')
Parsing EDIF File [./actual_lab_quiz/actual_lab_quiz.data/cache/system_axi_gpio_for_output_wrapper_ngc_64ee9f70.edif]
Finished Parsing EDIF File [./actual_lab_quiz/actual_lab_quiz.data/cache/system_axi_gpio_for_output_wrapper_ngc_64ee9f70.edif]
Release 14.7 - ngc2edif P.20131013 (lin64)
Copyright (c) 1995-2013 Xilinx, Inc.  All rights reserved.

Release 14.7 - ngc2edif P.20131013 (lin64)
Copyright (c) 1995-2013 Xilinx, Inc.  All rights reserved.
Reading design system_axi_gpio_for_input_wrapper.ngc ...
WARNING:NetListWriters:298 - No output is written to
   system_axi_gpio_for_input_wrapper.xncf, ignored.
Processing design ...
   Preping design's networks ...
   Preping design's macros ...
WARNING:NetListWriters:306 - Signal bus axi_gpio_for_input/bus2ip_addr<6 : 0> on
   block system_axi_gpio_for_input_wrapper is not reconstructed, because there
   are some missing bus signals.
  finished :Prep
Writing EDIF netlist file system_axi_gpio_for_input_wrapper.edif ...
ngc2edif: Total memory usage is 92040 kilobytes

Reading core file '/nfs/home/a/ay_vashi/COEN_317/lab_quiz/actual_lab_quiz/actual_lab_quiz.srcs/sources_1/edk/system/implementation/system_axi_gpio_for_input_wrapper.ngc' for (cell view 'system_axi_gpio_for_input_wrapper', library 'system_lib', file 'system.ngc')
Parsing EDIF File [./actual_lab_quiz/actual_lab_quiz.data/cache/system_axi_gpio_for_input_wrapper_ngc_64ee9f70.edif]
Finished Parsing EDIF File [./actual_lab_quiz/actual_lab_quiz.data/cache/system_axi_gpio_for_input_wrapper_ngc_64ee9f70.edif]
INFO: [Netlist 29-17] Analyzing 158 Unisim elements for replacement
INFO: [Netlist 29-28] Unisim Transformation completed in 0 CPU seconds
Loading clock regions from /nfs/sw_cmc/x86_64.EL7/tools/xilinx_14.7/14.7/ISE_DS/PlanAhead/data/parts/xilinx/zynq/zynq/xc7z020/ClockRegion.xml
Loading clock buffers from /nfs/sw_cmc/x86_64.EL7/tools/xilinx_14.7/14.7/ISE_DS/PlanAhead/data/parts/xilinx/zynq/zynq/xc7z020/ClockBuffers.xml
Loading clock placement rules from /nfs/sw_cmc/x86_64.EL7/tools/xilinx_14.7/14.7/ISE_DS/PlanAhead/data/parts/xilinx/zynq/ClockPlacerRules.xml
Loading package pin functions from /nfs/sw_cmc/x86_64.EL7/tools/xilinx_14.7/14.7/ISE_DS/PlanAhead/data/parts/xilinx/zynq/PinFunctions.xml...
Loading package from /nfs/sw_cmc/x86_64.EL7/tools/xilinx_14.7/14.7/ISE_DS/PlanAhead/data/parts/xilinx/zynq/zynq/xc7z020/clg484/Package.xml
Loading io standards from /nfs/sw_cmc/x86_64.EL7/tools/xilinx_14.7/14.7/ISE_DS/PlanAhead/data/./parts/xilinx/zynq/IOStandards.xml
Loading list of drcs for the architecture : /nfs/sw_cmc/x86_64.EL7/tools/xilinx_14.7/14.7/ISE_DS/PlanAhead/data/./parts/xilinx/zynq/drc.xml
WARNING: [Runs 36-53] Possible issues detected after target generation. Generation state is unexpected for target 'Implementation'. Expected 'Generated', got 'Stale' for source '/nfs/home/a/ay_vashi/COEN_317/lab_quiz/actual_lab_quiz/actual_lab_quiz.srcs/sources_1/edk/system/system.xmp'
Parsing UCF File [/nfs/home/a/ay_vashi/COEN_317/lab_quiz/actual_lab_quiz/actual_lab_quiz.srcs/constrs_1/imports/lab_quiz/quiz.ucf]
Finished Parsing UCF File [/nfs/home/a/ay_vashi/COEN_317/lab_quiz/actual_lab_quiz/actual_lab_quiz.srcs/constrs_1/imports/lab_quiz/quiz.ucf]
Parsing UCF File [/nfs/home/a/ay_vashi/COEN_317/lab_quiz/actual_lab_quiz/actual_lab_quiz.srcs/sources_1/edk/system/implementation/system_processing_system7_0_wrapper.ncf]
INFO: [Constraints 18-98] IO constraint IOSTANDARD with a setting of LVCMOS18 for net system_i/processing_system7_0/PS_PORB will not be propagated through the buffer. The constraint should be associated with the net that is connected to the top level port. [/nfs/home/a/ay_vashi/COEN_317/lab_quiz/actual_lab_quiz/actual_lab_quiz.srcs/sources_1/edk/system/implementation/system_processing_system7_0_wrapper.ncf:157]
INFO: [Constraints 18-98] IO constraint DRIVE with a setting of 8 for net system_i/processing_system7_0/PS_PORB will not be propagated through the buffer. The constraint should be associated with the net that is connected to the top level port. [/nfs/home/a/ay_vashi/COEN_317/lab_quiz/actual_lab_quiz/actual_lab_quiz.srcs/sources_1/edk/system/implementation/system_processing_system7_0_wrapper.ncf:157]
INFO: [Constraints 18-98] IO constraint SLEW with a setting of slow for net system_i/processing_system7_0/PS_PORB will not be propagated through the buffer. The constraint should be associated with the net that is connected to the top level port. [/nfs/home/a/ay_vashi/COEN_317/lab_quiz/actual_lab_quiz/actual_lab_quiz.srcs/sources_1/edk/system/implementation/system_processing_system7_0_wrapper.ncf:157]
CRITICAL WARNING: [Constraints 18-5] Cannot loc instance 'processing_system7_0_PS_PORB_IBUF' at site B5, Site location is not valid [/nfs/home/a/ay_vashi/COEN_317/lab_quiz/actual_lab_quiz/actual_lab_quiz.srcs/sources_1/edk/system/implementation/system_processing_system7_0_wrapper.ncf:157]
INFO: [Constraints 18-98] IO constraint IOSTANDARD with a setting of LVCMOS18 for net system_i/processing_system7_0/PS_SRSTB will not be propagated through the buffer. The constraint should be associated with the net that is connected to the top level port. [/nfs/home/a/ay_vashi/COEN_317/lab_quiz/actual_lab_quiz/actual_lab_quiz.srcs/sources_1/edk/system/implementation/system_processing_system7_0_wrapper.ncf:158]
INFO: [Constraints 18-98] IO constraint DRIVE with a setting of 8 for net system_i/processing_system7_0/PS_SRSTB will not be propagated through the buffer. The constraint should be associated with the net that is connected to the top level port. [/nfs/home/a/ay_vashi/COEN_317/lab_quiz/actual_lab_quiz/actual_lab_quiz.srcs/sources_1/edk/system/implementation/system_processing_system7_0_wrapper.ncf:158]
INFO: [Constraints 18-98] IO constraint SLEW with a setting of slow for net system_i/processing_system7_0/PS_SRSTB will not be propagated through the buffer. The constraint should be associated with the net that is connected to the top level port. [/nfs/home/a/ay_vashi/COEN_317/lab_quiz/actual_lab_quiz/actual_lab_quiz.srcs/sources_1/edk/system/implementation/system_processing_system7_0_wrapper.ncf:158]
CRITICAL WARNING: [Constraints 18-5] Cannot loc instance 'processing_system7_0_PS_SRSTB_IBUF' at site C9, Site location is not valid [/nfs/home/a/ay_vashi/COEN_317/lab_quiz/actual_lab_quiz/actual_lab_quiz.srcs/sources_1/edk/system/implementation/system_processing_system7_0_wrapper.ncf:158]
INFO: [Constraints 18-98] IO constraint IOSTANDARD with a setting of LVCMOS18 for net system_i/processing_system7_0/PS_CLK will not be propagated through the buffer. The constraint should be associated with the net that is connected to the top level port. [/nfs/home/a/ay_vashi/COEN_317/lab_quiz/actual_lab_quiz/actual_lab_quiz.srcs/sources_1/edk/system/implementation/system_processing_system7_0_wrapper.ncf:159]
INFO: [Constraints 18-98] IO constraint DRIVE with a setting of 8 for net system_i/processing_system7_0/PS_CLK will not be propagated through the buffer. The constraint should be associated with the net that is connected to the top level port. [/nfs/home/a/ay_vashi/COEN_317/lab_quiz/actual_lab_quiz/actual_lab_quiz.srcs/sources_1/edk/system/implementation/system_processing_system7_0_wrapper.ncf:159]
INFO: [Constraints 18-98] IO constraint SLEW with a setting of slow for net system_i/processing_system7_0/PS_CLK will not be propagated through the buffer. The constraint should be associated with the net that is connected to the top level port. [/nfs/home/a/ay_vashi/COEN_317/lab_quiz/actual_lab_quiz/actual_lab_quiz.srcs/sources_1/edk/system/implementation/system_processing_system7_0_wrapper.ncf:159]
CRITICAL WARNING: [Constraints 18-5] Cannot loc instance 'processing_system7_0_PS_CLK_IBUF' at site F7, Site location is not valid [/nfs/home/a/ay_vashi/COEN_317/lab_quiz/actual_lab_quiz/actual_lab_quiz.srcs/sources_1/edk/system/implementation/system_processing_system7_0_wrapper.ncf:159]
Finished Parsing UCF File [/nfs/home/a/ay_vashi/COEN_317/lab_quiz/actual_lab_quiz/actual_lab_quiz.srcs/sources_1/edk/system/implementation/system_processing_system7_0_wrapper.ncf]
Parsing UCF File [/nfs/home/a/ay_vashi/COEN_317/lab_quiz/actual_lab_quiz/actual_lab_quiz.srcs/sources_1/edk/system/implementation/system_axi_interconnect_1_wrapper.ncf]
Finished Parsing UCF File [/nfs/home/a/ay_vashi/COEN_317/lab_quiz/actual_lab_quiz/actual_lab_quiz.srcs/sources_1/edk/system/implementation/system_axi_interconnect_1_wrapper.ncf]
Parsing UCF File [/nfs/home/a/ay_vashi/COEN_317/lab_quiz/actual_lab_quiz/actual_lab_quiz.srcs/sources_1/edk/system/data/system.ncf]
Finished Parsing UCF File [/nfs/home/a/ay_vashi/COEN_317/lab_quiz/actual_lab_quiz/actual_lab_quiz.srcs/sources_1/edk/system/data/system.ncf]
INFO: [Designutils 20-20] Invalid constraints found, use command 'write_ucf -constraints invalid <file>' to save all the invalid constraints to a file
[Thu Apr  9 15:43:16 2026] Launched impl_1...
Run output will be captured here: /nfs/home/a/ay_vashi/COEN_317/lab_quiz/actual_lab_quiz/actual_lab_quiz.runs/impl_1/runme.log
launch_runs: Time (s): cpu = 00:00:15 ; elapsed = 00:00:22 . Memory (MB): peak = 3064.727 ; gain = 172.758
launch_runs impl_1 -to_step Bitgen
[Thu Apr  9 15:44:38 2026] Launched impl_1...
Run output will be captured here: /nfs/home/a/ay_vashi/COEN_317/lab_quiz/actual_lab_quiz/actual_lab_quiz.runs/impl_1/runme.log
launch_impact 
INFO: [Chipscope 16-8] Launching iMPACT with command: impact -intstyle pa -mode bscan -port auto -autoassign -b /nfs/home/a/ay_vashi/COEN_317/lab_quiz/actual_lab_quiz/actual_lab_quiz.runs/impl_1/system_stub.bit
export_hardware [get_files /nfs/home/a/ay_vashi/COEN_317/lab_quiz/actual_lab_quiz/actual_lab_quiz.srcs/sources_1/edk/system/system.xmp]
INFO: [Edk 24-140] Exporting hardware platform for 'system'...

Xilinx Platform Studio
Xilinx EDK 14.7 Build EDK_P.20131013
Copyright (c) 1995-2012 Xilinx, Inc.  All rights reserved.

XPS% Evaluating file
/nfs/home/a/ay_vashi/COEN_317/lab_quiz/actual_lab_quiz/actual_lab_quiz.srcs/sour
ces_1/edk/system/__xps/pa/_system_export2sdk.tcl

Overriding IP level properties ...
INFO:EDK - IPNAME: processing_system7, INSTANCE:processing_system7_0 - tcl is
   overriding PARAMETER C_NUM_F2P_INTR_INPUTS value to 1 -
   /nfs/sw_cmc/x86_64.EL7/tools/xilinx_14.7/14.7/ISE_DS/EDK/hw/XilinxProcessorIP
   Lib/pcores/processing_system7_v4_03_a/data/processing_system7_v2_1_0.mpd line
   319 
INFO:EDK - IPNAME: axi_interconnect, INSTANCE:axi_interconnect_1 - tcl is
   overriding PARAMETER C_BASEFAMILY value to zynq -
   /nfs/sw_cmc/x86_64.EL7/tools/xilinx_14.7/14.7/ISE_DS/EDK/hw/XilinxProcessorIP
   Lib/pcores/axi_interconnect_v1_06_a/data/axi_interconnect_v2_1_0.mpd line 81 

Computing clock values...
INFO:EDK - Frequency for Top-Level Input Clock 'processing_system7_0_PS_CLK' is
   not specified. Clock DRCs will not be performed for IPs connected to that
   clock port, unless they are connected through the clock generator IP. 


Performing IP level DRCs on properties...

Running DRC Tcl procedures for OPTION IPLEVEL_DRC_PROC...
INFO:EDK - INFO: DDR Base and High address in current configuration is
   0x00000000 and 0x3FFFFFFF respectively. 
INFO:EDK - INFO: You can modify the DDR address range accessed by Programmable
   Logic through the processing_system7 AXI slave interfaces. If MicroBlaze is a
   master on processing_system7 AXI slave interfaces, please use the top half of
   the address range (Base Address = 0x20000000; High Address = 0x3FFFFFFF). For
   all other master, any subset of the DDR address can be used. See Xilinx
   Answer 47167 for more information. 
Address Map for Processor processing_system7_0
  (0x41200000-0x4120ffff) axi_gpio_for_input	axi_interconnect_1
  (0x41240000-0x4124ffff) axi_gpio_for_output	axi_interconnect_1

Checking platform address map ...

Overriding IP level properties ...
INFO:EDK - IPNAME: processing_system7, INSTANCE:processing_system7_0 - tcl is
   overriding PARAMETER C_NUM_F2P_INTR_INPUTS value to 1 -
   /nfs/sw_cmc/x86_64.EL7/tools/xilinx_14.7/14.7/ISE_DS/EDK/hw/XilinxProcessorIP
   Lib/pcores/processing_system7_v4_03_a/data/processing_system7_v2_1_0.mpd line
   319 
INFO:EDK - IPNAME: axi_interconnect, INSTANCE:axi_interconnect_1 - tcl is
   overriding PARAMETER C_BASEFAMILY value to zynq -
   /nfs/sw_cmc/x86_64.EL7/tools/xilinx_14.7/14.7/ISE_DS/EDK/hw/XilinxProcessorIP
   Lib/pcores/axi_interconnect_v1_06_a/data/axi_interconnect_v2_1_0.mpd line 81 

Computing clock values...
INFO:EDK - Frequency for Top-Level Input Clock 'processing_system7_0_PS_CLK' is
   not specified. Clock DRCs will not be performed for IPs connected to that
   clock port, unless they are connected through the clock generator IP. 


Performing IP level DRCs on properties...

Running DRC Tcl procedures for OPTION IPLEVEL_DRC_PROC...
INFO:EDK - INFO: DDR Base and High address in current configuration is
   0x00000000 and 0x3FFFFFFF respectively. 
INFO:EDK - INFO: You can modify the DDR address range accessed by Programmable
   Logic through the processing_system7 AXI slave interfaces. If MicroBlaze is a
   master on processing_system7 AXI slave interfaces, please use the top half of
   the address range (Base Address = 0x20000000; High Address = 0x3FFFFFFF). For
   all other master, any subset of the DDR address can be used. See Xilinx
   Answer 47167 for more information. 
Address Map for Processor processing_system7_0
  (0x41200000-0x4120ffff) axi_gpio_for_input	axi_interconnect_1
  (0x41240000-0x4124ffff) axi_gpio_for_output	axi_interconnect_1

Checking platform address map ...
pscgen -mhs system.mhs -expdir /nfs/home/a/ay_vashi/COEN_317/lab_quiz/actual_lab_quiz/actual_lab_quiz.sdk/SDK/SDK_Export/hw
Generating ps7_init code for Si version 1.... 
Generating ps7_init code for Si version 2.... 
Generating ps7_init code for Si version 3.... 
psf2Edward -inp system.xmp -flat_zynq -dont_run_checkhwsys -dont_add_loginfo -make_inst_lower -edwver 1.2 -xml /nfs/home/a/ay_vashi/COEN_317/lab_quiz/actual_lab_quiz/actual_lab_quiz.sdk/SDK/SDK_Export/hw/system.xml 
Release 14.7 - psf2Edward EDK_P.20131013 (lin64)
Copyright (c) 1995-2013 Xilinx, Inc.  All rights reserved.
WARNING:EDK -
   /nfs/sw_cmc/x86_64.EL7/tools/xilinx_14.7/14.7/ISE_DS/ISE/data/zynqconfig/ps7_
   internals/pcores/ps7_i2c_v1_00_a/data/ps7_i2c_v2_1_0.mpd line 108	Unknown
   PORT subproperty IIC Serial Data
WARNING:EDK -
   /nfs/sw_cmc/x86_64.EL7/tools/xilinx_14.7/14.7/ISE_DS/ISE/data/zynqconfig/ps7_
   internals/pcores/ps7_i2c_v1_00_a/data/ps7_i2c_v2_1_0.mpd line 109	Unknown
   PORT subproperty IIC Serial Clock
WARNING:EDK:4131 - IPNAME: ps7_usb_0, PROPERTY: C_INTERCONNECT_M_AXI_BASE_ID -
   Failure in evaluting ISVALID expresion "(C_INCLUDE_DMA == 1)" -
   /nfs/sw_cmc/x86_64.EL7/tools/xilinx_14.7/14.7/ISE_DS/EDK/data/coremodel/axi/d
   ata/tools_axi_v1_01_a.txt line 19 
WARNING:EDK:4131 - IPNAME: ps7_usb_0, PROPERTY:
   C_INTERCONNECT_M_AXI_IS_ACLK_ASYNC - Failure in evaluting ISVALID expresion
   "(C_INCLUDE_DMA == 1)" -
   /nfs/sw_cmc/x86_64.EL7/tools/xilinx_14.7/14.7/ISE_DS/EDK/data/coremodel/axi/d
   ata/tools_axi_v1_01_a.txt line 20 
WARNING:EDK:4131 - IPNAME: ps7_usb_0, PROPERTY: C_INTERCONNECT_M_AXI_ACLK_RATIO
   - Failure in evaluting ISVALID expresion "(C_INCLUDE_DMA == 1)" -
   /nfs/sw_cmc/x86_64.EL7/tools/xilinx_14.7/14.7/ISE_DS/EDK/data/coremodel/axi/d
   ata/tools_axi_v1_01_a.txt line 21 
WARNING:EDK:4131 - IPNAME: ps7_usb_0, PROPERTY:
   C_INTERCONNECT_M_AXI_ARB_PRIORITY - Failure in evaluting ISVALID expresion
   "(C_INCLUDE_DMA == 1)" -
   /nfs/sw_cmc/x86_64.EL7/tools/xilinx_14.7/14.7/ISE_DS/EDK/data/coremodel/axi/d
   ata/tools_axi_v1_01_a.txt line 22 
WARNING:EDK:4131 - IPNAME: ps7_usb_0, PROPERTY: C_INTERCONNECT_M_AXI_AW_REGISTER
   - Failure in evaluting ISVALID expresion "(C_INCLUDE_DMA == 1)" -
   /nfs/sw_cmc/x86_64.EL7/tools/xilinx_14.7/14.7/ISE_DS/EDK/data/coremodel/axi/d
   ata/tools_axi_v1_01_a.txt line 23 
WARNING:EDK:4131 - IPNAME: ps7_usb_0, PROPERTY: C_INTERCONNECT_M_AXI_AR_REGISTER
   - Failure in evaluting ISVALID expresion "(C_INCLUDE_DMA == 1)" -
   /nfs/sw_cmc/x86_64.EL7/tools/xilinx_14.7/14.7/ISE_DS/EDK/data/coremodel/axi/d
   ata/tools_axi_v1_01_a.txt line 24 
WARNING:EDK:4131 - IPNAME: ps7_usb_0, PROPERTY: C_INTERCONNECT_M_AXI_W_REGISTER
   - Failure in evaluting ISVALID expresion "(C_INCLUDE_DMA == 1)" -
   /nfs/sw_cmc/x86_64.EL7/tools/xilinx_14.7/14.7/ISE_DS/EDK/data/coremodel/axi/d
   ata/tools_axi_v1_01_a.txt line 25 
WARNING:EDK:4131 - IPNAME: ps7_usb_0, PROPERTY: C_INTERCONNECT_M_AXI_R_REGISTER
   - Failure in evaluting ISVALID expresion "(C_INCLUDE_DMA == 1)" -
   /nfs/sw_cmc/x86_64.EL7/tools/xilinx_14.7/14.7/ISE_DS/EDK/data/coremodel/axi/d
   ata/tools_axi_v1_01_a.txt line 26 
WARNING:EDK:4131 - IPNAME: ps7_usb_0, PROPERTY: C_INTERCONNECT_M_AXI_B_REGISTER
   - Failure in evaluting ISVALID expresion "(C_INCLUDE_DMA == 1)" -
   /nfs/sw_cmc/x86_64.EL7/tools/xilinx_14.7/14.7/ISE_DS/EDK/data/coremodel/axi/d
   ata/tools_axi_v1_01_a.txt line 27 
WARNING:EDK:4131 - IPNAME: ps7_usb_0, PROPERTY:
   C_INTERCONNECT_M_AXI_WRITE_FIFO_DEPTH - Failure in evaluting ISVALID
   expresion "(C_INCLUDE_DMA == 1)" -
   /nfs/sw_cmc/x86_64.EL7/tools/xilinx_14.7/14.7/ISE_DS/EDK/data/coremodel/axi/d
   ata/tools_axi_v1_01_a.txt line 28 
WARNING:EDK:4131 - IPNAME: ps7_usb_0, PROPERTY:
   C_INTERCONNECT_M_AXI_READ_FIFO_DEPTH - Failure in evaluting ISVALID expresion
   "(C_INCLUDE_DMA == 1)" -
   /nfs/sw_cmc/x86_64.EL7/tools/xilinx_14.7/14.7/ISE_DS/EDK/data/coremodel/axi/d
   ata/tools_axi_v1_01_a.txt line 29 
WARNING:EDK:4131 - IPNAME: ps7_usb_0, PROPERTY:
   C_INTERCONNECT_M_AXI_WRITE_ISSUING - Failure in evaluting ISVALID expresion
   "(C_INCLUDE_DMA == 1)" -
   /nfs/sw_cmc/x86_64.EL7/tools/xilinx_14.7/14.7/ISE_DS/EDK/data/coremodel/axi/d
   ata/tools_axi_v1_01_a.txt line 30 
WARNING:EDK:4131 - IPNAME: ps7_usb_0, PROPERTY:
   C_INTERCONNECT_M_AXI_READ_ISSUING - Failure in evaluting ISVALID expresion
   "(C_INCLUDE_DMA == 1)" -
   /nfs/sw_cmc/x86_64.EL7/tools/xilinx_14.7/14.7/ISE_DS/EDK/data/coremodel/axi/d
   ata/tools_axi_v1_01_a.txt line 31 
WARNING:EDK:4131 - IPNAME: ps7_usb_0, PROPERTY: M_AXI_ACLK - Failure in
   evaluting ISVALID expresion "(C_INCLUDE_DMA == 1)" -
   /nfs/sw_cmc/x86_64.EL7/tools/xilinx_14.7/14.7/ISE_DS/ISE/data/zynqconfig/ps7_
   internals/pcores/ps7_usb_v1_00_a/data/ps7_usb_v2_1_0.mpd line 119 
WARNING:EDK:4131 - IPNAME: ps7_usb_0, PROPERTY: M_AXI_ARESETN - Failure in
   evaluting ISVALID expresion "(C_INCLUDE_DMA == 1)" -
   /nfs/sw_cmc/x86_64.EL7/tools/xilinx_14.7/14.7/ISE_DS/ISE/data/zynqconfig/ps7_
   internals/pcores/ps7_usb_v1_00_a/data/ps7_usb_v2_1_0.mpd line 120 
WARNING:EDK:4131 - IPNAME: ps7_usb_0, PROPERTY: M_AXI_AWID - Failure in
   evaluting ISVALID expresion "(C_INCLUDE_DMA == 1)" -
   /nfs/sw_cmc/x86_64.EL7/tools/xilinx_14.7/14.7/ISE_DS/ISE/data/zynqconfig/ps7_
   internals/pcores/ps7_usb_v1_00_a/data/ps7_usb_v2_1_0.mpd line 121 
WARNING:EDK:4131 - IPNAME: ps7_usb_0, PROPERTY: M_AXI_AWADDR - Failure in
   evaluting ISVALID expresion "(C_INCLUDE_DMA == 1)" -
   /nfs/sw_cmc/x86_64.EL7/tools/xilinx_14.7/14.7/ISE_DS/ISE/data/zynqconfig/ps7_
   internals/pcores/ps7_usb_v1_00_a/data/ps7_usb_v2_1_0.mpd line 122 
WARNING:EDK:4131 - IPNAME: ps7_usb_0, PROPERTY: M_AXI_AWLEN - Failure in
   evaluting ISVALID expresion "(C_INCLUDE_DMA == 1)" -
   /nfs/sw_cmc/x86_64.EL7/tools/xilinx_14.7/14.7/ISE_DS/ISE/data/zynqconfig/ps7_
   internals/pcores/ps7_usb_v1_00_a/data/ps7_usb_v2_1_0.mpd line 123 
WARNING:EDK:4131 - IPNAME: ps7_usb_0, PROPERTY: M_AXI_AWSIZE - Failure in
   evaluting ISVALID expresion "(C_INCLUDE_DMA == 1)" -
   /nfs/sw_cmc/x86_64.EL7/tools/xilinx_14.7/14.7/ISE_DS/ISE/data/zynqconfig/ps7_
   internals/pcores/ps7_usb_v1_00_a/data/ps7_usb_v2_1_0.mpd line 124 
WARNING:EDK:4131 - IPNAME: ps7_usb_0, PROPERTY: M_AXI_AWBURST - Failure in
   evaluting ISVALID expresion "(C_INCLUDE_DMA == 1)" -
   /nfs/sw_cmc/x86_64.EL7/tools/xilinx_14.7/14.7/ISE_DS/ISE/data/zynqconfig/ps7_
   internals/pcores/ps7_usb_v1_00_a/data/ps7_usb_v2_1_0.mpd line 125 
WARNING:EDK:4131 - IPNAME: ps7_usb_0, PROPERTY: M_AXI_AWCACHE - Failure in
   evaluting ISVALID expresion "(C_INCLUDE_DMA == 1)" -
   /nfs/sw_cmc/x86_64.EL7/tools/xilinx_14.7/14.7/ISE_DS/ISE/data/zynqconfig/ps7_
   internals/pcores/ps7_usb_v1_00_a/data/ps7_usb_v2_1_0.mpd line 126 
WARNING:EDK:4131 - IPNAME: ps7_usb_0, PROPERTY: M_AXI_AWPROT - Failure in
   evaluting ISVALID expresion "(C_INCLUDE_DMA == 1)" -
   /nfs/sw_cmc/x86_64.EL7/tools/xilinx_14.7/14.7/ISE_DS/ISE/data/zynqconfig/ps7_
   internals/pcores/ps7_usb_v1_00_a/data/ps7_usb_v2_1_0.mpd line 127 
WARNING:EDK:4131 - IPNAME: ps7_usb_0, PROPERTY: M_AXI_AWLOCK - Failure in
   evaluting ISVALID expresion "(C_INCLUDE_DMA == 1)" -
   /nfs/sw_cmc/x86_64.EL7/tools/xilinx_14.7/14.7/ISE_DS/ISE/data/zynqconfig/ps7_
   internals/pcores/ps7_usb_v1_00_a/data/ps7_usb_v2_1_0.mpd line 128 
WARNING:EDK:4131 - IPNAME: ps7_usb_0, PROPERTY: M_AXI_AWVALID - Failure in
   evaluting ISVALID expresion "(C_INCLUDE_DMA == 1)" -
   /nfs/sw_cmc/x86_64.EL7/tools/xilinx_14.7/14.7/ISE_DS/ISE/data/zynqconfig/ps7_
   internals/pcores/ps7_usb_v1_00_a/data/ps7_usb_v2_1_0.mpd line 129 
WARNING:EDK:4131 - IPNAME: ps7_usb_0, PROPERTY: M_AXI_AWREADY - Failure in
   evaluting ISVALID expresion "(C_INCLUDE_DMA == 1)" -
   /nfs/sw_cmc/x86_64.EL7/tools/xilinx_14.7/14.7/ISE_DS/ISE/data/zynqconfig/ps7_
   internals/pcores/ps7_usb_v1_00_a/data/ps7_usb_v2_1_0.mpd line 130 
WARNING:EDK:4131 - IPNAME: ps7_usb_0, PROPERTY: M_AXI_WDATA - Failure in
   evaluting ISVALID expresion "(C_INCLUDE_DMA == 1)" -
   /nfs/sw_cmc/x86_64.EL7/tools/xilinx_14.7/14.7/ISE_DS/ISE/data/zynqconfig/ps7_
   internals/pcores/ps7_usb_v1_00_a/data/ps7_usb_v2_1_0.mpd line 131 
WARNING:EDK:4131 - IPNAME: ps7_usb_0, PROPERTY: M_AXI_WSTRB - Failure in
   evaluting ISVALID expresion "(C_INCLUDE_DMA == 1)" -
   /nfs/sw_cmc/x86_64.EL7/tools/xilinx_14.7/14.7/ISE_DS/ISE/data/zynqconfig/ps7_
   internals/pcores/ps7_usb_v1_00_a/data/ps7_usb_v2_1_0.mpd line 132 
WARNING:EDK:4131 - IPNAME: ps7_usb_0, PROPERTY: M_AXI_WLAST - Failure in
   evaluting ISVALID expresion "(C_INCLUDE_DMA == 1)" -
   /nfs/sw_cmc/x86_64.EL7/tools/xilinx_14.7/14.7/ISE_DS/ISE/data/zynqconfig/ps7_
   internals/pcores/ps7_usb_v1_00_a/data/ps7_usb_v2_1_0.mpd line 133 
WARNING:EDK:4131 - IPNAME: ps7_usb_0, PROPERTY: M_AXI_WVALID - Failure in
   evaluting ISVALID expresion "(C_INCLUDE_DMA == 1)" -
   /nfs/sw_cmc/x86_64.EL7/tools/xilinx_14.7/14.7/ISE_DS/ISE/data/zynqconfig/ps7_
   internals/pcores/ps7_usb_v1_00_a/data/ps7_usb_v2_1_0.mpd line 134 
WARNING:EDK:4131 - IPNAME: ps7_usb_0, PROPERTY: M_AXI_WREADY - Failure in
   evaluting ISVALID expresion "(C_INCLUDE_DMA == 1)" -
   /nfs/sw_cmc/x86_64.EL7/tools/xilinx_14.7/14.7/ISE_DS/ISE/data/zynqconfig/ps7_
   internals/pcores/ps7_usb_v1_00_a/data/ps7_usb_v2_1_0.mpd line 135 
WARNING:EDK:4131 - IPNAME: ps7_usb_0, PROPERTY: M_AXI_BID - Failure in evaluting
   ISVALID expresion "(C_INCLUDE_DMA == 1)" -
   /nfs/sw_cmc/x86_64.EL7/tools/xilinx_14.7/14.7/ISE_DS/ISE/data/zynqconfig/ps7_
   internals/pcores/ps7_usb_v1_00_a/data/ps7_usb_v2_1_0.mpd line 136 
WARNING:EDK:4131 - IPNAME: ps7_usb_0, PROPERTY: M_AXI_BRESP - Failure in
   evaluting ISVALID expresion "(C_INCLUDE_DMA == 1)" -
   /nfs/sw_cmc/x86_64.EL7/tools/xilinx_14.7/14.7/ISE_DS/ISE/data/zynqconfig/ps7_
   internals/pcores/ps7_usb_v1_00_a/data/ps7_usb_v2_1_0.mpd line 137 
WARNING:EDK:4131 - IPNAME: ps7_usb_0, PROPERTY: M_AXI_BVALID - Failure in
   evaluting ISVALID expresion "(C_INCLUDE_DMA == 1)" -
   /nfs/sw_cmc/x86_64.EL7/tools/xilinx_14.7/14.7/ISE_DS/ISE/data/zynqconfig/ps7_
   internals/pcores/ps7_usb_v1_00_a/data/ps7_usb_v2_1_0.mpd line 138 
WARNING:EDK:4131 - IPNAME: ps7_usb_0, PROPERTY: M_AXI_BREADY - Failure in
   evaluting ISVALID expresion "(C_INCLUDE_DMA == 1)" -
   /nfs/sw_cmc/x86_64.EL7/tools/xilinx_14.7/14.7/ISE_DS/ISE/data/zynqconfig/ps7_
   internals/pcores/ps7_usb_v1_00_a/data/ps7_usb_v2_1_0.mpd line 139 
WARNING:EDK:4131 - IPNAME: ps7_usb_0, PROPERTY: M_AXI_ARID - Failure in
   evaluting ISVALID expresion "(C_INCLUDE_DMA == 1)" -
   /nfs/sw_cmc/x86_64.EL7/tools/xilinx_14.7/14.7/ISE_DS/ISE/data/zynqconfig/ps7_
   internals/pcores/ps7_usb_v1_00_a/data/ps7_usb_v2_1_0.mpd line 140 
WARNING:EDK:4131 - IPNAME: ps7_usb_0, PROPERTY: M_AXI_ARADDR - Failure in
   evaluting ISVALID expresion "(C_INCLUDE_DMA == 1)" -
   /nfs/sw_cmc/x86_64.EL7/tools/xilinx_14.7/14.7/ISE_DS/ISE/data/zynqconfig/ps7_
   internals/pcores/ps7_usb_v1_00_a/data/ps7_usb_v2_1_0.mpd line 141 
WARNING:EDK:4131 - IPNAME: ps7_usb_0, PROPERTY: M_AXI_ARLEN - Failure in
   evaluting ISVALID expresion "(C_INCLUDE_DMA == 1)" -
   /nfs/sw_cmc/x86_64.EL7/tools/xilinx_14.7/14.7/ISE_DS/ISE/data/zynqconfig/ps7_
   internals/pcores/ps7_usb_v1_00_a/data/ps7_usb_v2_1_0.mpd line 142 
WARNING:EDK:4131 - IPNAME: ps7_usb_0, PROPERTY: M_AXI_ARSIZE - Failure in
   evaluting ISVALID expresion "(C_INCLUDE_DMA == 1)" -
   /nfs/sw_cmc/x86_64.EL7/tools/xilinx_14.7/14.7/ISE_DS/ISE/data/zynqconfig/ps7_
   internals/pcores/ps7_usb_v1_00_a/data/ps7_usb_v2_1_0.mpd line 143 
WARNING:EDK:4131 - IPNAME: ps7_usb_0, PROPERTY: M_AXI_ARBURST - Failure in
   evaluting ISVALID expresion "(C_INCLUDE_DMA == 1)" -
   /nfs/sw_cmc/x86_64.EL7/tools/xilinx_14.7/14.7/ISE_DS/ISE/data/zynqconfig/ps7_
   internals/pcores/ps7_usb_v1_00_a/data/ps7_usb_v2_1_0.mpd line 144 
WARNING:EDK:4131 - IPNAME: ps7_usb_0, PROPERTY: M_AXI_ARCACHE - Failure in
   evaluting ISVALID expresion "(C_INCLUDE_DMA == 1)" -
   /nfs/sw_cmc/x86_64.EL7/tools/xilinx_14.7/14.7/ISE_DS/ISE/data/zynqconfig/ps7_
   internals/pcores/ps7_usb_v1_00_a/data/ps7_usb_v2_1_0.mpd line 145 
WARNING:EDK:4131 - IPNAME: ps7_usb_0, PROPERTY: M_AXI_ARPROT - Failure in
   evaluting ISVALID expresion "(C_INCLUDE_DMA == 1)" -
   /nfs/sw_cmc/x86_64.EL7/tools/xilinx_14.7/14.7/ISE_DS/ISE/data/zynqconfig/ps7_
   internals/pcores/ps7_usb_v1_00_a/data/ps7_usb_v2_1_0.mpd line 146 
WARNING:EDK:4131 - IPNAME: ps7_usb_0, PROPERTY: M_AXI_ARLOCK - Failure in
   evaluting ISVALID expresion "(C_INCLUDE_DMA == 1)" -
   /nfs/sw_cmc/x86_64.EL7/tools/xilinx_14.7/14.7/ISE_DS/ISE/data/zynqconfig/ps7_
   internals/pcores/ps7_usb_v1_00_a/data/ps7_usb_v2_1_0.mpd line 147 
WARNING:EDK:4131 - IPNAME: ps7_usb_0, PROPERTY: M_AXI_ARVALID - Failure in
   evaluting ISVALID expresion "(C_INCLUDE_DMA == 1)" -
   /nfs/sw_cmc/x86_64.EL7/tools/xilinx_14.7/14.7/ISE_DS/ISE/data/zynqconfig/ps7_
   internals/pcores/ps7_usb_v1_00_a/data/ps7_usb_v2_1_0.mpd line 148 
WARNING:EDK:4131 - IPNAME: ps7_usb_0, PROPERTY: M_AXI_ARREADY - Failure in
   evaluting ISVALID expresion "(C_INCLUDE_DMA == 1)" -
   /nfs/sw_cmc/x86_64.EL7/tools/xilinx_14.7/14.7/ISE_DS/ISE/data/zynqconfig/ps7_
   internals/pcores/ps7_usb_v1_00_a/data/ps7_usb_v2_1_0.mpd line 149 
WARNING:EDK:4131 - IPNAME: ps7_usb_0, PROPERTY: M_AXI_RID - Failure in evaluting
   ISVALID expresion "(C_INCLUDE_DMA == 1)" -
   /nfs/sw_cmc/x86_64.EL7/tools/xilinx_14.7/14.7/ISE_DS/ISE/data/zynqconfig/ps7_
   internals/pcores/ps7_usb_v1_00_a/data/ps7_usb_v2_1_0.mpd line 150 
WARNING:EDK:4131 - IPNAME: ps7_usb_0, PROPERTY: M_AXI_RDATA - Failure in
   evaluting ISVALID expresion "(C_INCLUDE_DMA == 1)" -
   /nfs/sw_cmc/x86_64.EL7/tools/xilinx_14.7/14.7/ISE_DS/ISE/data/zynqconfig/ps7_
   internals/pcores/ps7_usb_v1_00_a/data/ps7_usb_v2_1_0.mpd line 151 
WARNING:EDK:4131 - IPNAME: ps7_usb_0, PROPERTY: M_AXI_RRESP - Failure in
   evaluting ISVALID expresion "(C_INCLUDE_DMA == 1)" -
   /nfs/sw_cmc/x86_64.EL7/tools/xilinx_14.7/14.7/ISE_DS/ISE/data/zynqconfig/ps7_
   internals/pcores/ps7_usb_v1_00_a/data/ps7_usb_v2_1_0.mpd line 152 
WARNING:EDK:4131 - IPNAME: ps7_usb_0, PROPERTY: M_AXI_RLAST - Failure in
   evaluting ISVALID expresion "(C_INCLUDE_DMA == 1)" -
   /nfs/sw_cmc/x86_64.EL7/tools/xilinx_14.7/14.7/ISE_DS/ISE/data/zynqconfig/ps7_
   internals/pcores/ps7_usb_v1_00_a/data/ps7_usb_v2_1_0.mpd line 153 
WARNING:EDK:4131 - IPNAME: ps7_usb_0, PROPERTY: M_AXI_RVALID - Failure in
   evaluting ISVALID expresion "(C_INCLUDE_DMA == 1)" -
   /nfs/sw_cmc/x86_64.EL7/tools/xilinx_14.7/14.7/ISE_DS/ISE/data/zynqconfig/ps7_
   internals/pcores/ps7_usb_v1_00_a/data/ps7_usb_v2_1_0.mpd line 154 
WARNING:EDK:4131 - IPNAME: ps7_usb_0, PROPERTY: M_AXI_RREADY - Failure in
   evaluting ISVALID expresion "(C_INCLUDE_DMA == 1)" -
   /nfs/sw_cmc/x86_64.EL7/tools/xilinx_14.7/14.7/ISE_DS/ISE/data/zynqconfig/ps7_
   internals/pcores/ps7_usb_v1_00_a/data/ps7_usb_v2_1_0.mpd line 155 
WARNING:EDK:4131 - IPNAME: ps7_usb_0, PROPERTY: M_AXI - Failure in evaluting
   ISVALID expresion "(C_INCLUDE_DMA == 1)" -
   /nfs/sw_cmc/x86_64.EL7/tools/xilinx_14.7/14.7/ISE_DS/ISE/data/zynqconfig/ps7_
   internals/pcores/ps7_usb_v1_00_a/data/ps7_usb_v2_1_0.mpd line 73 
WARNING:EDK:4131 - IPNAME: ps7_qspi_0, PROPERTY: SCK_I - Failure in evaluting
   ISVALID expresion "(C_USE_STARTUP==0)" -
   /nfs/sw_cmc/x86_64.EL7/tools/xilinx_14.7/14.7/ISE_DS/ISE/data/zynqconfig/ps7_
   internals/pcores/ps7_qspi_v1_00_a/data/ps7_qspi_v2_1_0.mpd line 102 
WARNING:EDK:4131 - IPNAME: ps7_qspi_0, PROPERTY: SCK_O - Failure in evaluting
   ISVALID expresion "(C_USE_STARTUP==0)" -
   /nfs/sw_cmc/x86_64.EL7/tools/xilinx_14.7/14.7/ISE_DS/ISE/data/zynqconfig/ps7_
   internals/pcores/ps7_qspi_v1_00_a/data/ps7_qspi_v2_1_0.mpd line 103 
WARNING:EDK:4131 - IPNAME: ps7_qspi_0, PROPERTY: SCK_T - Failure in evaluting
   ISVALID expresion "(C_USE_STARTUP==0)" -
   /nfs/sw_cmc/x86_64.EL7/tools/xilinx_14.7/14.7/ISE_DS/ISE/data/zynqconfig/ps7_
   internals/pcores/ps7_qspi_v1_00_a/data/ps7_qspi_v2_1_0.mpd line 104 
WARNING:EDK:4131 - IPNAME: ps7_qspi_0, PROPERTY: SCK - Failure in evaluting
   ISVALID expresion "(C_USE_STARTUP==0)" -
   /nfs/sw_cmc/x86_64.EL7/tools/xilinx_14.7/14.7/ISE_DS/ISE/data/zynqconfig/ps7_
   internals/pcores/ps7_qspi_v1_00_a/data/ps7_qspi_v2_1_0.mpd line 122 

Overriding IP level properties ...
WARNING:EDK:4131 - IPNAME: ps7_usb_0, PROPERTY: C_INTERCONNECT_M_AXI_BASE_ID -
   Failure in evaluting ISVALID expresion "(C_INCLUDE_DMA == 1)" -
   /nfs/sw_cmc/x86_64.EL7/tools/xilinx_14.7/14.7/ISE_DS/EDK/data/coremodel/axi/d
   ata/tools_axi_v1_01_a.txt line 19 
WARNING:EDK:4131 - IPNAME: ps7_usb_0, PROPERTY:
   C_INTERCONNECT_M_AXI_IS_ACLK_ASYNC - Failure in evaluting ISVALID expresion
   "(C_INCLUDE_DMA == 1)" -
   /nfs/sw_cmc/x86_64.EL7/tools/xilinx_14.7/14.7/ISE_DS/EDK/data/coremodel/axi/d
   ata/tools_axi_v1_01_a.txt line 20 
WARNING:EDK:4131 - IPNAME: ps7_usb_0, PROPERTY: C_INTERCONNECT_M_AXI_ACLK_RATIO
   - Failure in evaluting ISVALID expresion "(C_INCLUDE_DMA == 1)" -
   /nfs/sw_cmc/x86_64.EL7/tools/xilinx_14.7/14.7/ISE_DS/EDK/data/coremodel/axi/d
   ata/tools_axi_v1_01_a.txt line 21 
WARNING:EDK:4131 - IPNAME: ps7_usb_0, PROPERTY:
   C_INTERCONNECT_M_AXI_ARB_PRIORITY - Failure in evaluting ISVALID expresion
   "(C_INCLUDE_DMA == 1)" -
   /nfs/sw_cmc/x86_64.EL7/tools/xilinx_14.7/14.7/ISE_DS/EDK/data/coremodel/axi/d
   ata/tools_axi_v1_01_a.txt line 22 
WARNING:EDK:4131 - IPNAME: ps7_usb_0, PROPERTY: C_INTERCONNECT_M_AXI_AW_REGISTER
   - Failure in evaluting ISVALID expresion "(C_INCLUDE_DMA == 1)" -
   /nfs/sw_cmc/x86_64.EL7/tools/xilinx_14.7/14.7/ISE_DS/EDK/data/coremodel/axi/d
   ata/tools_axi_v1_01_a.txt line 23 
WARNING:EDK:4131 - IPNAME: ps7_usb_0, PROPERTY: C_INTERCONNECT_M_AXI_AR_REGISTER
   - Failure in evaluting ISVALID expresion "(C_INCLUDE_DMA == 1)" -
   /nfs/sw_cmc/x86_64.EL7/tools/xilinx_14.7/14.7/ISE_DS/EDK/data/coremodel/axi/d
   ata/tools_axi_v1_01_a.txt line 24 
WARNING:EDK:4131 - IPNAME: ps7_usb_0, PROPERTY: C_INTERCONNECT_M_AXI_W_REGISTER
   - Failure in evaluting ISVALID expresion "(C_INCLUDE_DMA == 1)" -
   /nfs/sw_cmc/x86_64.EL7/tools/xilinx_14.7/14.7/ISE_DS/EDK/data/coremodel/axi/d
   ata/tools_axi_v1_01_a.txt line 25 
WARNING:EDK:4131 - IPNAME: ps7_usb_0, PROPERTY: C_INTERCONNECT_M_AXI_R_REGISTER
   - Failure in evaluting ISVALID expresion "(C_INCLUDE_DMA == 1)" -
   /nfs/sw_cmc/x86_64.EL7/tools/xilinx_14.7/14.7/ISE_DS/EDK/data/coremodel/axi/d
   ata/tools_axi_v1_01_a.txt line 26 
WARNING:EDK:4131 - IPNAME: ps7_usb_0, PROPERTY: C_INTERCONNECT_M_AXI_B_REGISTER
   - Failure in evaluting ISVALID expresion "(C_INCLUDE_DMA == 1)" -
   /nfs/sw_cmc/x86_64.EL7/tools/xilinx_14.7/14.7/ISE_DS/EDK/data/coremodel/axi/d
   ata/tools_axi_v1_01_a.txt line 27 
WARNING:EDK:4131 - IPNAME: ps7_usb_0, PROPERTY:
   C_INTERCONNECT_M_AXI_WRITE_FIFO_DEPTH - Failure in evaluting ISVALID
   expresion "(C_INCLUDE_DMA == 1)" -
   /nfs/sw_cmc/x86_64.EL7/tools/xilinx_14.7/14.7/ISE_DS/EDK/data/coremodel/axi/d
   ata/tools_axi_v1_01_a.txt line 28 
WARNING:EDK:4131 - IPNAME: ps7_usb_0, PROPERTY:
   C_INTERCONNECT_M_AXI_READ_FIFO_DEPTH - Failure in evaluting ISVALID expresion
   "(C_INCLUDE_DMA == 1)" -
   /nfs/sw_cmc/x86_64.EL7/tools/xilinx_14.7/14.7/ISE_DS/EDK/data/coremodel/axi/d
   ata/tools_axi_v1_01_a.txt line 29 
WARNING:EDK:4131 - IPNAME: ps7_usb_0, PROPERTY:
   C_INTERCONNECT_M_AXI_WRITE_ISSUING - Failure in evaluting ISVALID expresion
   "(C_INCLUDE_DMA == 1)" -
   /nfs/sw_cmc/x86_64.EL7/tools/xilinx_14.7/14.7/ISE_DS/EDK/data/coremodel/axi/d
   ata/tools_axi_v1_01_a.txt line 30 
WARNING:EDK:4131 - IPNAME: ps7_usb_0, PROPERTY:
   C_INTERCONNECT_M_AXI_READ_ISSUING - Failure in evaluting ISVALID expresion
   "(C_INCLUDE_DMA == 1)" -
   /nfs/sw_cmc/x86_64.EL7/tools/xilinx_14.7/14.7/ISE_DS/EDK/data/coremodel/axi/d
   ata/tools_axi_v1_01_a.txt line 31 
WARNING:EDK:4131 - IPNAME: ps7_usb_0, PROPERTY: M_AXI_ACLK - Failure in
   evaluting ISVALID expresion "(C_INCLUDE_DMA == 1)" -
   /nfs/sw_cmc/x86_64.EL7/tools/xilinx_14.7/14.7/ISE_DS/ISE/data/zynqconfig/ps7_
   internals/pcores/ps7_usb_v1_00_a/data/ps7_usb_v2_1_0.mpd line 119 
WARNING:EDK:4131 - IPNAME: ps7_usb_0, PROPERTY: M_AXI_ARESETN - Failure in
   evaluting ISVALID expresion "(C_INCLUDE_DMA == 1)" -
   /nfs/sw_cmc/x86_64.EL7/tools/xilinx_14.7/14.7/ISE_DS/ISE/data/zynqconfig/ps7_
   internals/pcores/ps7_usb_v1_00_a/data/ps7_usb_v2_1_0.mpd line 120 
WARNING:EDK:4131 - IPNAME: ps7_usb_0, PROPERTY: M_AXI_AWID - Failure in
   evaluting ISVALID expresion "(C_INCLUDE_DMA == 1)" -
   /nfs/sw_cmc/x86_64.EL7/tools/xilinx_14.7/14.7/ISE_DS/ISE/data/zynqconfig/ps7_
   internals/pcores/ps7_usb_v1_00_a/data/ps7_usb_v2_1_0.mpd line 121 
WARNING:EDK:4131 - IPNAME: ps7_usb_0, PROPERTY: M_AXI_AWADDR - Failure in
   evaluting ISVALID expresion "(C_INCLUDE_DMA == 1)" -
   /nfs/sw_cmc/x86_64.EL7/tools/xilinx_14.7/14.7/ISE_DS/ISE/data/zynqconfig/ps7_
   internals/pcores/ps7_usb_v1_00_a/data/ps7_usb_v2_1_0.mpd line 122 
WARNING:EDK:4131 - IPNAME: ps7_usb_0, PROPERTY: M_AXI_AWLEN - Failure in
   evaluting ISVALID expresion "(C_INCLUDE_DMA == 1)" -
   /nfs/sw_cmc/x86_64.EL7/tools/xilinx_14.7/14.7/ISE_DS/ISE/data/zynqconfig/ps7_
   internals/pcores/ps7_usb_v1_00_a/data/ps7_usb_v2_1_0.mpd line 123 
WARNING:EDK:4131 - IPNAME: ps7_usb_0, PROPERTY: M_AXI_AWSIZE - Failure in
   evaluting ISVALID expresion "(C_INCLUDE_DMA == 1)" -
   /nfs/sw_cmc/x86_64.EL7/tools/xilinx_14.7/14.7/ISE_DS/ISE/data/zynqconfig/ps7_
   internals/pcores/ps7_usb_v1_00_a/data/ps7_usb_v2_1_0.mpd line 124 
WARNING:EDK:4131 - IPNAME: ps7_usb_0, PROPERTY: M_AXI_AWBURST - Failure in
   evaluting ISVALID expresion "(C_INCLUDE_DMA == 1)" -
   /nfs/sw_cmc/x86_64.EL7/tools/xilinx_14.7/14.7/ISE_DS/ISE/data/zynqconfig/ps7_
   internals/pcores/ps7_usb_v1_00_a/data/ps7_usb_v2_1_0.mpd line 125 
WARNING:EDK:4131 - IPNAME: ps7_usb_0, PROPERTY: M_AXI_AWCACHE - Failure in
   evaluting ISVALID expresion "(C_INCLUDE_DMA == 1)" -
   /nfs/sw_cmc/x86_64.EL7/tools/xilinx_14.7/14.7/ISE_DS/ISE/data/zynqconfig/ps7_
   internals/pcores/ps7_usb_v1_00_a/data/ps7_usb_v2_1_0.mpd line 126 
WARNING:EDK:4131 - IPNAME: ps7_usb_0, PROPERTY: M_AXI_AWPROT - Failure in
   evaluting ISVALID expresion "(C_INCLUDE_DMA == 1)" -
   /nfs/sw_cmc/x86_64.EL7/tools/xilinx_14.7/14.7/ISE_DS/ISE/data/zynqconfig/ps7_
   internals/pcores/ps7_usb_v1_00_a/data/ps7_usb_v2_1_0.mpd line 127 
WARNING:EDK:4131 - IPNAME: ps7_usb_0, PROPERTY: M_AXI_AWLOCK - Failure in
   evaluting ISVALID expresion "(C_INCLUDE_DMA == 1)" -
   /nfs/sw_cmc/x86_64.EL7/tools/xilinx_14.7/14.7/ISE_DS/ISE/data/zynqconfig/ps7_
   internals/pcores/ps7_usb_v1_00_a/data/ps7_usb_v2_1_0.mpd line 128 
WARNING:EDK:4131 - IPNAME: ps7_usb_0, PROPERTY: M_AXI_AWVALID - Failure in
   evaluting ISVALID expresion "(C_INCLUDE_DMA == 1)" -
   /nfs/sw_cmc/x86_64.EL7/tools/xilinx_14.7/14.7/ISE_DS/ISE/data/zynqconfig/ps7_
   internals/pcores/ps7_usb_v1_00_a/data/ps7_usb_v2_1_0.mpd line 129 
WARNING:EDK:4131 - IPNAME: ps7_usb_0, PROPERTY: M_AXI_AWREADY - Failure in
   evaluting ISVALID expresion "(C_INCLUDE_DMA == 1)" -
   /nfs/sw_cmc/x86_64.EL7/tools/xilinx_14.7/14.7/ISE_DS/ISE/data/zynqconfig/ps7_
   internals/pcores/ps7_usb_v1_00_a/data/ps7_usb_v2_1_0.mpd line 130 
WARNING:EDK:4131 - IPNAME: ps7_usb_0, PROPERTY: M_AXI_WDATA - Failure in
   evaluting ISVALID expresion "(C_INCLUDE_DMA == 1)" -
   /nfs/sw_cmc/x86_64.EL7/tools/xilinx_14.7/14.7/ISE_DS/ISE/data/zynqconfig/ps7_
   internals/pcores/ps7_usb_v1_00_a/data/ps7_usb_v2_1_0.mpd line 131 
WARNING:EDK:4131 - IPNAME: ps7_usb_0, PROPERTY: M_AXI_WSTRB - Failure in
   evaluting ISVALID expresion "(C_INCLUDE_DMA == 1)" -
   /nfs/sw_cmc/x86_64.EL7/tools/xilinx_14.7/14.7/ISE_DS/ISE/data/zynqconfig/ps7_
   internals/pcores/ps7_usb_v1_00_a/data/ps7_usb_v2_1_0.mpd line 132 
WARNING:EDK:4131 - IPNAME: ps7_usb_0, PROPERTY: M_AXI_WLAST - Failure in
   evaluting ISVALID expresion "(C_INCLUDE_DMA == 1)" -
   /nfs/sw_cmc/x86_64.EL7/tools/xilinx_14.7/14.7/ISE_DS/ISE/data/zynqconfig/ps7_
   internals/pcores/ps7_usb_v1_00_a/data/ps7_usb_v2_1_0.mpd line 133 
WARNING:EDK:4131 - IPNAME: ps7_usb_0, PROPERTY: M_AXI_WVALID - Failure in
   evaluting ISVALID expresion "(C_INCLUDE_DMA == 1)" -
   /nfs/sw_cmc/x86_64.EL7/tools/xilinx_14.7/14.7/ISE_DS/ISE/data/zynqconfig/ps7_
   internals/pcores/ps7_usb_v1_00_a/data/ps7_usb_v2_1_0.mpd line 134 
WARNING:EDK:4131 - IPNAME: ps7_usb_0, PROPERTY: M_AXI_WREADY - Failure in
   evaluting ISVALID expresion "(C_INCLUDE_DMA == 1)" -
   /nfs/sw_cmc/x86_64.EL7/tools/xilinx_14.7/14.7/ISE_DS/ISE/data/zynqconfig/ps7_
   internals/pcores/ps7_usb_v1_00_a/data/ps7_usb_v2_1_0.mpd line 135 
WARNING:EDK:4131 - IPNAME: ps7_usb_0, PROPERTY: M_AXI_BID - Failure in evaluting
   ISVALID expresion "(C_INCLUDE_DMA == 1)" -
   /nfs/sw_cmc/x86_64.EL7/tools/xilinx_14.7/14.7/ISE_DS/ISE/data/zynqconfig/ps7_
   internals/pcores/ps7_usb_v1_00_a/data/ps7_usb_v2_1_0.mpd line 136 
WARNING:EDK:4131 - IPNAME: ps7_usb_0, PROPERTY: M_AXI_BRESP - Failure in
   evaluting ISVALID expresion "(C_INCLUDE_DMA == 1)" -
   /nfs/sw_cmc/x86_64.EL7/tools/xilinx_14.7/14.7/ISE_DS/ISE/data/zynqconfig/ps7_
   internals/pcores/ps7_usb_v1_00_a/data/ps7_usb_v2_1_0.mpd line 137 
WARNING:EDK:4131 - IPNAME: ps7_usb_0, PROPERTY: M_AXI_BVALID - Failure in
   evaluting ISVALID expresion "(C_INCLUDE_DMA == 1)" -
   /nfs/sw_cmc/x86_64.EL7/tools/xilinx_14.7/14.7/ISE_DS/ISE/data/zynqconfig/ps7_
   internals/pcores/ps7_usb_v1_00_a/data/ps7_usb_v2_1_0.mpd line 138 
WARNING:EDK:4131 - IPNAME: ps7_usb_0, PROPERTY: M_AXI_BREADY - Failure in
   evaluting ISVALID expresion "(C_INCLUDE_DMA == 1)" -
   /nfs/sw_cmc/x86_64.EL7/tools/xilinx_14.7/14.7/ISE_DS/ISE/data/zynqconfig/ps7_
   internals/pcores/ps7_usb_v1_00_a/data/ps7_usb_v2_1_0.mpd line 139 
WARNING:EDK:4131 - IPNAME: ps7_usb_0, PROPERTY: M_AXI_ARID - Failure in
   evaluting ISVALID expresion "(C_INCLUDE_DMA == 1)" -
   /nfs/sw_cmc/x86_64.EL7/tools/xilinx_14.7/14.7/ISE_DS/ISE/data/zynqconfig/ps7_
   internals/pcores/ps7_usb_v1_00_a/data/ps7_usb_v2_1_0.mpd line 140 
WARNING:EDK:4131 - IPNAME: ps7_usb_0, PROPERTY: M_AXI_ARADDR - Failure in
   evaluting ISVALID expresion "(C_INCLUDE_DMA == 1)" -
   /nfs/sw_cmc/x86_64.EL7/tools/xilinx_14.7/14.7/ISE_DS/ISE/data/zynqconfig/ps7_
   internals/pcores/ps7_usb_v1_00_a/data/ps7_usb_v2_1_0.mpd line 141 
WARNING:EDK:4131 - IPNAME: ps7_usb_0, PROPERTY: M_AXI_ARLEN - Failure in
   evaluting ISVALID expresion "(C_INCLUDE_DMA == 1)" -
   /nfs/sw_cmc/x86_64.EL7/tools/xilinx_14.7/14.7/ISE_DS/ISE/data/zynqconfig/ps7_
   internals/pcores/ps7_usb_v1_00_a/data/ps7_usb_v2_1_0.mpd line 142 
WARNING:EDK:4131 - IPNAME: ps7_usb_0, PROPERTY: M_AXI_ARSIZE - Failure in
   evaluting ISVALID expresion "(C_INCLUDE_DMA == 1)" -
   /nfs/sw_cmc/x86_64.EL7/tools/xilinx_14.7/14.7/ISE_DS/ISE/data/zynqconfig/ps7_
   internals/pcores/ps7_usb_v1_00_a/data/ps7_usb_v2_1_0.mpd line 143 
WARNING:EDK:4131 - IPNAME: ps7_usb_0, PROPERTY: M_AXI_ARBURST - Failure in
   evaluting ISVALID expresion "(C_INCLUDE_DMA == 1)" -
   /nfs/sw_cmc/x86_64.EL7/tools/xilinx_14.7/14.7/ISE_DS/ISE/data/zynqconfig/ps7_
   internals/pcores/ps7_usb_v1_00_a/data/ps7_usb_v2_1_0.mpd line 144 
WARNING:EDK:4131 - IPNAME: ps7_usb_0, PROPERTY: M_AXI_ARCACHE - Failure in
   evaluting ISVALID expresion "(C_INCLUDE_DMA == 1)" -
   /nfs/sw_cmc/x86_64.EL7/tools/xilinx_14.7/14.7/ISE_DS/ISE/data/zynqconfig/ps7_
   internals/pcores/ps7_usb_v1_00_a/data/ps7_usb_v2_1_0.mpd line 145 
WARNING:EDK:4131 - IPNAME: ps7_usb_0, PROPERTY: M_AXI_ARPROT - Failure in
   evaluting ISVALID expresion "(C_INCLUDE_DMA == 1)" -
   /nfs/sw_cmc/x86_64.EL7/tools/xilinx_14.7/14.7/ISE_DS/ISE/data/zynqconfig/ps7_
   internals/pcores/ps7_usb_v1_00_a/data/ps7_usb_v2_1_0.mpd line 146 
WARNING:EDK:4131 - IPNAME: ps7_usb_0, PROPERTY: M_AXI_ARLOCK - Failure in
   evaluting ISVALID expresion "(C_INCLUDE_DMA == 1)" -
   /nfs/sw_cmc/x86_64.EL7/tools/xilinx_14.7/14.7/ISE_DS/ISE/data/zynqconfig/ps7_
   internals/pcores/ps7_usb_v1_00_a/data/ps7_usb_v2_1_0.mpd line 147 
WARNING:EDK:4131 - IPNAME: ps7_usb_0, PROPERTY: M_AXI_ARVALID - Failure in
   evaluting ISVALID expresion "(C_INCLUDE_DMA == 1)" -
   /nfs/sw_cmc/x86_64.EL7/tools/xilinx_14.7/14.7/ISE_DS/ISE/data/zynqconfig/ps7_
   internals/pcores/ps7_usb_v1_00_a/data/ps7_usb_v2_1_0.mpd line 148 
WARNING:EDK:4131 - IPNAME: ps7_usb_0, PROPERTY: M_AXI_ARREADY - Failure in
   evaluting ISVALID expresion "(C_INCLUDE_DMA == 1)" -
   /nfs/sw_cmc/x86_64.EL7/tools/xilinx_14.7/14.7/ISE_DS/ISE/data/zynqconfig/ps7_
   internals/pcores/ps7_usb_v1_00_a/data/ps7_usb_v2_1_0.mpd line 149 
WARNING:EDK:4131 - IPNAME: ps7_usb_0, PROPERTY: M_AXI_RID - Failure in evaluting
   ISVALID expresion "(C_INCLUDE_DMA == 1)" -
   /nfs/sw_cmc/x86_64.EL7/tools/xilinx_14.7/14.7/ISE_DS/ISE/data/zynqconfig/ps7_
   internals/pcores/ps7_usb_v1_00_a/data/ps7_usb_v2_1_0.mpd line 150 
WARNING:EDK:4131 - IPNAME: ps7_usb_0, PROPERTY: M_AXI_RDATA - Failure in
   evaluting ISVALID expresion "(C_INCLUDE_DMA == 1)" -
   /nfs/sw_cmc/x86_64.EL7/tools/xilinx_14.7/14.7/ISE_DS/ISE/data/zynqconfig/ps7_
   internals/pcores/ps7_usb_v1_00_a/data/ps7_usb_v2_1_0.mpd line 151 
WARNING:EDK:4131 - IPNAME: ps7_usb_0, PROPERTY: M_AXI_RRESP - Failure in
   evaluting ISVALID expresion "(C_INCLUDE_DMA == 1)" -
   /nfs/sw_cmc/x86_64.EL7/tools/xilinx_14.7/14.7/ISE_DS/ISE/data/zynqconfig/ps7_
   internals/pcores/ps7_usb_v1_00_a/data/ps7_usb_v2_1_0.mpd line 152 
WARNING:EDK:4131 - IPNAME: ps7_usb_0, PROPERTY: M_AXI_RLAST - Failure in
   evaluting ISVALID expresion "(C_INCLUDE_DMA == 1)" -
   /nfs/sw_cmc/x86_64.EL7/tools/xilinx_14.7/14.7/ISE_DS/ISE/data/zynqconfig/ps7_
   internals/pcores/ps7_usb_v1_00_a/data/ps7_usb_v2_1_0.mpd line 153 
WARNING:EDK:4131 - IPNAME: ps7_usb_0, PROPERTY: M_AXI_RVALID - Failure in
   evaluting ISVALID expresion "(C_INCLUDE_DMA == 1)" -
   /nfs/sw_cmc/x86_64.EL7/tools/xilinx_14.7/14.7/ISE_DS/ISE/data/zynqconfig/ps7_
   internals/pcores/ps7_usb_v1_00_a/data/ps7_usb_v2_1_0.mpd line 154 
WARNING:EDK:4131 - IPNAME: ps7_usb_0, PROPERTY: M_AXI_RREADY - Failure in
   evaluting ISVALID expresion "(C_INCLUDE_DMA == 1)" -
   /nfs/sw_cmc/x86_64.EL7/tools/xilinx_14.7/14.7/ISE_DS/ISE/data/zynqconfig/ps7_
   internals/pcores/ps7_usb_v1_00_a/data/ps7_usb_v2_1_0.mpd line 155 
WARNING:EDK:4131 - IPNAME: ps7_usb_0, PROPERTY: M_AXI - Failure in evaluting
   ISVALID expresion "(C_INCLUDE_DMA == 1)" -
   /nfs/sw_cmc/x86_64.EL7/tools/xilinx_14.7/14.7/ISE_DS/ISE/data/zynqconfig/ps7_
   internals/pcores/ps7_usb_v1_00_a/data/ps7_usb_v2_1_0.mpd line 73 
WARNING:EDK:4131 - IPNAME: ps7_qspi_0, PROPERTY: SCK_I - Failure in evaluting
   ISVALID expresion "(C_USE_STARTUP==0)" -
   /nfs/sw_cmc/x86_64.EL7/tools/xilinx_14.7/14.7/ISE_DS/ISE/data/zynqconfig/ps7_
   internals/pcores/ps7_qspi_v1_00_a/data/ps7_qspi_v2_1_0.mpd line 102 
WARNING:EDK:4131 - IPNAME: ps7_qspi_0, PROPERTY: SCK_O - Failure in evaluting
   ISVALID expresion "(C_USE_STARTUP==0)" -
   /nfs/sw_cmc/x86_64.EL7/tools/xilinx_14.7/14.7/ISE_DS/ISE/data/zynqconfig/ps7_
   internals/pcores/ps7_qspi_v1_00_a/data/ps7_qspi_v2_1_0.mpd line 103 
WARNING:EDK:4131 - IPNAME: ps7_qspi_0, PROPERTY: SCK_T - Failure in evaluting
   ISVALID expresion "(C_USE_STARTUP==0)" -
   /nfs/sw_cmc/x86_64.EL7/tools/xilinx_14.7/14.7/ISE_DS/ISE/data/zynqconfig/ps7_
   internals/pcores/ps7_qspi_v1_00_a/data/ps7_qspi_v2_1_0.mpd line 104 
WARNING:EDK:4131 - IPNAME: ps7_qspi_0, PROPERTY: SCK - Failure in evaluting
   ISVALID expresion "(C_USE_STARTUP==0)" -
   /nfs/sw_cmc/x86_64.EL7/tools/xilinx_14.7/14.7/ISE_DS/ISE/data/zynqconfig/ps7_
   internals/pcores/ps7_qspi_v1_00_a/data/ps7_qspi_v2_1_0.mpd line 122 

Computing clock values...

Performing IP level DRCs on properties...

Running DRC Tcl procedures for OPTION IPLEVEL_DRC_PROC...
Address Map for Processor ps7_cortexa9_0
  (0000000000-0x0002ffff) ps7_ram_0	ps7_axi_interconnect_0
  (0x00100000-0x3fffffff) ps7_ddr_0	ps7_axi_interconnect_0
  (0x41200000-0x4120ffff)
axi_gpio_for_input	ps7_axi_interconnect_0->axi_interconnect_1
  (0x41240000-0x4124ffff)
axi_gpio_for_output	ps7_axi_interconnect_0->axi_interconnect_1
  (0xe0001000-0xe0001fff) ps7_uart_1	ps7_axi_interconnect_0
  (0xe0002000-0xe0002fff) ps7_usb_0	ps7_axi_interconnect_0
  (0xe0004000-0xe0004fff) ps7_i2c_0	ps7_axi_interconnect_0
  (0xe0008000-0xe0008fff) ps7_can_0	ps7_axi_interconnect_0
  (0xe000a000-0xe000afff) ps7_gpio_0	ps7_axi_interconnect_0
  (0xe000b000-0xe000bfff) ps7_ethernet_0	ps7_axi_interconnect_0
  (0xe000d000-0xe000dfff) ps7_qspi_0	ps7_axi_interconnect_0
  (0xe0100000-0xe0100fff) ps7_sd_0	ps7_axi_interconnect_0
  (0xe0200000-0xe0200fff) ps7_iop_bus_config_0	ps7_axi_interconnect_0
  (0xf8000000-0xf8000fff) ps7_slcr_0	ps7_axi_interconnect_0
  (0xf8001000-0xf8001fff) ps7_ttc_0	ps7_axi_interconnect_0
  (0xf8003000-0xf8003fff) ps7_dma_s	ps7_axi_interconnect_0
  (0xf8004000-0xf8004fff) ps7_dma_ns	ps7_axi_interconnect_0
  (0xf8005000-0xf8005fff) ps7_wdt_0	ps7_axi_interconnect_0
  (0xf8006000-0xf8006fff) ps7_ddrc_0	ps7_axi_interconnect_0
  (0xf8007000-0xf80070ff) ps7_dev_cfg_0	ps7_axi_interconnect_0
  (0xf8007100-0xf8007120) ps7_xadc_0	ps7_axi_interconnect_0
  (0xf8008000-0xf8008fff) ps7_afi_0	ps7_axi_interconnect_0
  (0xf8009000-0xf8009fff) ps7_afi_1	ps7_axi_interconnect_0
  (0xf800a000-0xf800afff) ps7_afi_2	ps7_axi_interconnect_0
  (0xf800b000-0xf800bfff) ps7_afi_3	ps7_axi_interconnect_0
  (0xf800c000-0xf800cfff) ps7_ocmc_0	ps7_axi_interconnect_0
  (0xf8800000-0xf88fffff) ps7_coresight_comp_0	ps7_axi_interconnect_0
  (0xf8900000-0xf89fffff) ps7_gpv_0	ps7_axi_interconnect_0
  (0xf8f00000-0xf8f000fc) ps7_scuc_0	ps7_axi_interconnect_0
  (0xf8f00100-0xf8f001ff) ps7_scugic_0	ps7_axi_interconnect_0
  (0xf8f00200-0xf8f002ff) ps7_globaltimer_0	ps7_axi_interconnect_0
  (0xf8f00600-0xf8f0061f) ps7_scutimer_0	ps7_axi_interconnect_0
  (0xf8f00620-0xf8f006ff) ps7_scuwdt_0	ps7_axi_interconnect_0
  (0xf8f01000-0xf8f01fff) ps7_intc_dist_0	ps7_axi_interconnect_0
  (0xf8f02000-0xf8f02fff) ps7_l2cachec_0	ps7_axi_interconnect_0
  (0xfc000000-0xfcffffff) ps7_qspi_linear_0	ps7_axi_interconnect_0
  (0xffff0000-0xfffffdff) ps7_ram_1	ps7_axi_interconnect_0
Address Map for Processor ps7_cortexa9_1
  (0000000000-0x0002ffff) ps7_ram_0	ps7_axi_interconnect_0
  (0x00100000-0x3fffffff) ps7_ddr_0	ps7_axi_interconnect_0
  (0x41200000-0x4120ffff)
axi_gpio_for_input	ps7_axi_interconnect_0->axi_interconnect_1
  (0x41240000-0x4124ffff)
axi_gpio_for_output	ps7_axi_interconnect_0->axi_interconnect_1
  (0xe0001000-0xe0001fff) ps7_uart_1	ps7_axi_interconnect_0
  (0xe0002000-0xe0002fff) ps7_usb_0	ps7_axi_interconnect_0
  (0xe0004000-0xe0004fff) ps7_i2c_0	ps7_axi_interconnect_0
  (0xe0008000-0xe0008fff) ps7_can_0	ps7_axi_interconnect_0
  (0xe000a000-0xe000afff) ps7_gpio_0	ps7_axi_interconnect_0
  (0xe000b000-0xe000bfff) ps7_ethernet_0	ps7_axi_interconnect_0
  (0xe000d000-0xe000dfff) ps7_qspi_0	ps7_axi_interconnect_0
  (0xe0100000-0xe0100fff) ps7_sd_0	ps7_axi_interconnect_0
  (0xe0200000-0xe0200fff) ps7_iop_bus_config_0	ps7_axi_interconnect_0
  (0xf8000000-0xf8000fff) ps7_slcr_0	ps7_axi_interconnect_0
  (0xf8001000-0xf8001fff) ps7_ttc_0	ps7_axi_interconnect_0
  (0xf8003000-0xf8003fff) ps7_dma_s	ps7_axi_interconnect_0
  (0xf8004000-0xf8004fff) ps7_dma_ns	ps7_axi_interconnect_0
  (0xf8005000-0xf8005fff) ps7_wdt_0	ps7_axi_interconnect_0
  (0xf8006000-0xf8006fff) ps7_ddrc_0	ps7_axi_interconnect_0
  (0xf8007000-0xf80070ff) ps7_dev_cfg_0	ps7_axi_interconnect_0
  (0xf8007100-0xf8007120) ps7_xadc_0	ps7_axi_interconnect_0
  (0xf8008000-0xf8008fff) ps7_afi_0	ps7_axi_interconnect_0
  (0xf8009000-0xf8009fff) ps7_afi_1	ps7_axi_interconnect_0
  (0xf800a000-0xf800afff) ps7_afi_2	ps7_axi_interconnect_0
  (0xf800b000-0xf800bfff) ps7_afi_3	ps7_axi_interconnect_0
  (0xf800c000-0xf800cfff) ps7_ocmc_0	ps7_axi_interconnect_0
  (0xf8800000-0xf88fffff) ps7_coresight_comp_0	ps7_axi_interconnect_0
  (0xf8900000-0xf89fffff) ps7_gpv_0	ps7_axi_interconnect_0
  (0xf8f00000-0xf8f000fc) ps7_scuc_0	ps7_axi_interconnect_0
  (0xf8f00100-0xf8f001ff) ps7_scugic_0	ps7_axi_interconnect_0
  (0xf8f00200-0xf8f002ff) ps7_globaltimer_0	ps7_axi_interconnect_0
  (0xf8f00600-0xf8f0061f) ps7_scutimer_0	ps7_axi_interconnect_0
  (0xf8f00620-0xf8f006ff) ps7_scuwdt_0	ps7_axi_interconnect_0
  (0xf8f01000-0xf8f01fff) ps7_intc_dist_0	ps7_axi_interconnect_0
  (0xf8f02000-0xf8f02fff) ps7_l2cachec_0	ps7_axi_interconnect_0
  (0xfc000000-0xfcffffff) ps7_qspi_linear_0	ps7_axi_interconnect_0
  (0xffff0000-0xfffffdff) ps7_ram_1	ps7_axi_interconnect_0

Checking platform address map ...
WARNING:EDK -
   /nfs/sw_cmc/x86_64.EL7/tools/xilinx_14.7/14.7/ISE_DS/ISE/data/zynqconfig/ps7_
   internals/pcores/ps7_i2c_v1_00_a/data/ps7_i2c_v2_1_0.mpd line 108	Unknown
   PORT subproperty IIC Serial Data
WARNING:EDK -
   /nfs/sw_cmc/x86_64.EL7/tools/xilinx_14.7/14.7/ISE_DS/ISE/data/zynqconfig/ps7_
   internals/pcores/ps7_i2c_v1_00_a/data/ps7_i2c_v2_1_0.mpd line 109	Unknown
   PORT subproperty IIC Serial Clock
Conversion to XML complete.
xdsgen -inp system.xmp -report /nfs/home/a/ay_vashi/COEN_317/lab_quiz/actual_lab_quiz/actual_lab_quiz.sdk/SDK/SDK_Export/hw/system.html  -make_docs_local
Release 14.7 - xdsgen EDK_P.20131013 (lin64)
Copyright (c) 1995-2013 Xilinx, Inc.  All rights reserved.
WARNING:EDK:878 - Could not find IP doc
   http://www.xilinx.com/cgi-bin/docs/ipdoc?c=axi_interconnect;v=v1_06_a;d=ds768
   _axi_interconnect.pdf
WARNING:EDK:878 - Could not find IP doc
   http://www.xilinx.com/cgi-bin/docs/ipdoc?c=axi_gpio;v=v1_01_b;d=ds744_axi_gpi
   o.pdf
WARNING:EDK:878 - Could not find IP doc
   http://www.xilinx.com/cgi-bin/docs/ipdoc?c=axi_gpio;v=v1_01_b;d=ds744_axi_gpi
   o.pdf
Generated Block Diagram.
Rasterizing processing_system7_0.jpg.....
Rasterizing axi_interconnect_1.jpg.....
Rasterizing axi_gpio_for_output.jpg.....
Rasterizing axi_gpio_for_input.jpg.....
Rasterizing system_blkd.jpg.....
Report generated.
Report generation completed.

WARNING: The option to export bit and bmm files to SDK is set to false. Existing bit and bmm files in the /nfs/home/a/ay_vashi/COEN_317/lab_quiz/actual_lab_quiz/actual_lab_quiz.sdk/SDK/SDK_Export/hw directory (if any) will be deleted.

INFO: [Edk 24-142] Hardware platform data exported to '/nfs/home/a/ay_vashi/COEN_317/lab_quiz/actual_lab_quiz/actual_lab_quiz.sdk/SDK/SDK_Export/hw'
export_hardware: Time (s): cpu = 00:00:14 ; elapsed = 00:00:20 . Memory (MB): peak = 3064.727 ; gain = 0.000
launch_sdk -workspace /nfs/home/a/ay_vashi/COEN_317/lab_quiz/actual_lab_quiz/actual_lab_quiz.sdk/SDK/SDK_Export -hwspec /nfs/home/a/ay_vashi/COEN_317/lab_quiz/actual_lab_quiz/actual_lab_quiz.sdk/SDK/SDK_Export/hw/system.xml
INFO: [PlanAhead 12-393] Launching SDK...
INFO: [PlanAhead 12-417] Running xsdk -workspace /nfs/home/a/ay_vashi/COEN_317/lab_quiz/actual_lab_quiz/actual_lab_quiz.sdk/SDK/SDK_Export -hwspec /nfs/home/a/ay_vashi/COEN_317/lab_quiz/actual_lab_quiz/actual_lab_quiz.sdk/SDK/SDK_Export/hw/system.xml
INFO: [PlanAhead 12-418] SDK launched successfully
launch_impact 
INFO: [Chipscope 16-8] Launching iMPACT with command: impact -intstyle pa -mode bscan -port auto -autoassign -b /nfs/home/a/ay_vashi/COEN_317/lab_quiz/actual_lab_quiz/actual_lab_quiz.runs/impl_1/system_stub.bit
launch_impact 
INFO: [Chipscope 16-8] Launching iMPACT with command: impact -intstyle pa -mode bscan -port auto -autoassign -b /nfs/home/a/ay_vashi/COEN_317/lab_quiz/actual_lab_quiz/actual_lab_quiz.runs/impl_1/system_stub.bit
launch_impact 
INFO: [Chipscope 16-8] Launching iMPACT with command: impact -intstyle pa -mode bscan -port auto -autoassign -b /nfs/home/a/ay_vashi/COEN_317/lab_quiz/actual_lab_quiz/actual_lab_quiz.runs/impl_1/system_stub.bit
launch_impact 
INFO: [Chipscope 16-8] Launching iMPACT with command: impact -intstyle pa -mode bscan -port auto -autoassign -b /nfs/home/a/ay_vashi/COEN_317/lab_quiz/actual_lab_quiz/actual_lab_quiz.runs/impl_1/system_stub.bit
launch_impact 
INFO: [Chipscope 16-8] Launching iMPACT with command: impact -intstyle pa -mode bscan -port auto -autoassign -b /nfs/home/a/ay_vashi/COEN_317/lab_quiz/actual_lab_quiz/actual_lab_quiz.runs/impl_1/system_stub.bit
launch_impact 
INFO: [Chipscope 16-8] Launching iMPACT with command: impact -intstyle pa -mode bscan -port auto -autoassign -b /nfs/home/a/ay_vashi/COEN_317/lab_quiz/actual_lab_quiz/actual_lab_quiz.runs/impl_1/system_stub.bit
