
*** Running ngdbuild
    with args -intstyle ise -p xc7z020clg484-1 -dd _ngo -uc system_stub.ucf system_stub.edf


Command Line:
/nfs/sw_cmc/x86_64.EL7/tools/xilinx_14.7/14.7/ISE_DS/ISE/bin/lin64/unwrapped/ngd
build -intstyle ise -p xc7z020clg484-1 -dd _ngo -uc system_stub.ucf
system_stub.edf

Executing edif2ngd -quiet "system_stub.edf" "_ngo/system_stub.ngo"
Release 14.7 - edif2ngd P.20131013 (lin64)
Copyright (c) 1995-2013 Xilinx, Inc.  All rights reserved.
Reading NGO file
"/nfs/home/a/ay_vashi/COEN_317/lab_quiz/practice_for_lab_quiz/practice_for_lab_q
uiz.runs/impl_1/_ngo/system_stub.ngo" ...
Gathering constraint information from source properties...
Done.

Annotating constraints to design from ucf file "system_stub.ucf" ...
Resolving constraint associations...
Checking Constraint Associations...
WARNING:ConstraintSystem:58 - Constraint <TIMEGRP
   axi_interconnect_1_reset_source =   FFS  PADS  CPUS;> [system_stub.ucf(579)]:
   CPUS "*" does not match any design objects.

Done...

Checking expanded design ...

Partition Implementation Status
-------------------------------

  No Partitions were found in this design.

-------------------------------

NGDBUILD Design Results Summary:
  Number of errors:     0
  Number of warnings:   1

Writing NGD file "system_stub.ngd" ...
Total REAL time to NGDBUILD completion:  12 sec
Total CPU time to NGDBUILD completion:   7 sec

Writing NGDBUILD log file "system_stub.bld"...

NGDBUILD done.

*** Running map
    with args -intstyle pa -w system_stub.ngd

Using target part "7z020clg484-1".
vvvvvvvvvvvvvvvvvvvvvvvvvvvvvvvvvvvvvvvvvvvvvvvvvvvvvvvvvvvvvvvvvvvvvv
INFO:Security:50 - The XILINXD_LICENSE_FILE environment variable is set to
'6088@license-cadpass:16088@license-cadpass'.
INFO:Security:52 - The LM_LICENSE_FILE environment variable is set to
'6088@license-cadpass:16088@license-cadpass'.
INFO:Security:54 - 'xc7z020' is a WebPack part.
WARNING:Security:43 - No license file was found in the standard Xilinx license
directory.
WARNING:Security:44 - Since no license file was found,
       please run the Xilinx License Configuration Manager
       (xlcm or "Manage Xilinx Licenses")
       to assist in obtaining a license.
WARNING:Security:42 - Your software subscription period has lapsed. Your current
version of Xilinx tools will continue to function, but you no longer qualify for
Xilinx software updates or new releases.
----------------------------------------------------------------------
WARNING:LIT:702 - PAD symbol "processing_system7_0_PS_SRSTB" is not constrained
   (LOC) to a specific location.
WARNING:LIT:701 - PAD symbol "output[1]" has an undefined IOSTANDARD.
Mapping design into LUTs...
Running directed packing...
Running delay-based LUT packing...
Updating timing models...
INFO:Map:215 - The Interim Design Summary has been generated in the MAP Report
   (.mrp).
Running timing-driven placement...
Total REAL time at the beginning of Placer: 30 secs 
Total CPU  time at the beginning of Placer: 14 secs 

Phase 1.1  Initial Placement Analysis
Phase 1.1  Initial Placement Analysis (Checksum:d1a56e50) REAL time: 34 secs 

Phase 2.7  Design Feasibility Check
Phase 2.7  Design Feasibility Check (Checksum:d1a56e50) REAL time: 34 secs 

Phase 3.31  Local Placement Optimization
Phase 3.31  Local Placement Optimization (Checksum:d1a56e50) REAL time: 34 secs 

Phase 4.2  Initial Placement for Architecture Specific Features
...
Phase 4.2  Initial Placement for Architecture Specific Features
(Checksum:394d6d10) REAL time: 36 secs 

Phase 5.30  Global Clock Region Assignment
Phase 5.30  Global Clock Region Assignment (Checksum:394d6d10) REAL time: 36 secs 

Phase 6.3  Local Placement Optimization
...
Phase 6.3  Local Placement Optimization (Checksum:1b60a0fb) REAL time: 36 secs 

Phase 7.5  Local Placement Optimization
Phase 7.5  Local Placement Optimization (Checksum:1b60a0fb) REAL time: 36 secs 

Phase 8.8  Global Placement
................................................
...................................................................................
................................................
Phase 8.8  Global Placement (Checksum:a6195c6b) REAL time: 37 secs 

Phase 9.5  Local Placement Optimization
Phase 9.5  Local Placement Optimization (Checksum:a6195c6b) REAL time: 37 secs 

Phase 10.18  Placement Optimization
Phase 10.18  Placement Optimization (Checksum:357c28f8) REAL time: 38 secs 

Phase 11.5  Local Placement Optimization
Phase 11.5  Local Placement Optimization (Checksum:357c28f8) REAL time: 38 secs 

Phase 12.34  Placement Validation
Phase 12.34  Placement Validation (Checksum:357c28f8) REAL time: 38 secs 

Total REAL time to Placer completion: 38 secs 
Total CPU  time to Placer completion: 19 secs 
Running post-placement packing...
Writing output files...

Design Summary:
Number of errors:      0
Number of warnings:    4
Slice Logic Utilization:
  Number of Slice Registers:                   290 out of 106,400    1%
    Number used as Flip Flops:                 290
    Number used as Latches:                      0
    Number used as Latch-thrus:                  0
    Number used as AND/OR logics:                0
  Number of Slice LUTs:                        447 out of  53,200    1%
    Number used as logic:                      444 out of  53,200    1%
      Number using O6 output only:             389
      Number using O5 output only:               0
      Number using O5 and O6:                   55
      Number used as ROM:                        0
    Number used as Memory:                       2 out of  17,400    1%
      Number used as Dual Port RAM:              0
      Number used as Single Port RAM:            0
      Number used as Shift Register:             2
        Number using O6 output only:             2
        Number using O5 output only:             0
        Number using O5 and O6:                  0
    Number used exclusively as route-thrus:      1
      Number with same-slice register load:      0
      Number with same-slice carry load:         1
      Number with other load:                    0

Slice Logic Distribution:
  Number of occupied Slices:                   150 out of  13,300    1%
  Number of LUT Flip Flop pairs used:          473
    Number with an unused Flip Flop:           193 out of     473   40%
    Number with an unused LUT:                  26 out of     473    5%
    Number of fully used LUT-FF pairs:         254 out of     473   53%
    Number of unique control sets:              29
    Number of slice register sites lost
      to control set restrictions:             140 out of 106,400    1%

  A LUT Flip Flop pair for this architecture represents one LUT paired with
  one Flip Flop within a slice.  A control set is a unique combination of
  clock, reset, set, and enable signals for a registered element.
  The Slice Logic Distribution report is not meaningful if the design is
  over-mapped for a non-slice resource or if Placement fails.
  OVERMAPPING of BRAM resources should be ignored if the design is
  over-mapped for a non-BRAM resource or if placement fails.

IO Utilization:
  Number of bonded IOBs:                         2 out of     200    1%
  Number of bonded IOPAD:                      130 out of     130  100%

Specific Feature Utilization:
  Number of RAMB36E1/FIFO36E1s:                  0 out of     140    0%
  Number of RAMB18E1/FIFO18E1s:                  0 out of     280    0%
  Number of BUFG/BUFGCTRLs:                      1 out of      32    3%
    Number used as BUFGs:                        1
    Number used as BUFGCTRLs:                    0
  Number of IDELAYE2/IDELAYE2_FINEDELAYs:        0 out of     200    0%
  Number of ILOGICE2/ILOGICE3/ISERDESE2s:        0 out of     200    0%
  Number of ODELAYE2/ODELAYE2_FINEDELAYs:        0
  Number of OLOGICE2/OLOGICE3/OSERDESE2s:        0 out of     200    0%
  Number of PHASER_IN/PHASER_IN_PHYs:            0 out of      16    0%
  Number of PHASER_OUT/PHASER_OUT_PHYs:          0 out of      16    0%
  Number of BSCANs:                              0 out of       4    0%
  Number of BUFHCEs:                             0 out of      72    0%
  Number of BUFRs:                               0 out of      16    0%
  Number of CAPTUREs:                            0 out of       1    0%
  Number of DNA_PORTs:                           0 out of       1    0%
  Number of DSP48E1s:                            0 out of     220    0%
  Number of EFUSE_USRs:                          0 out of       1    0%
  Number of FRAME_ECCs:                          0 out of       1    0%
  Number of ICAPs:                               0 out of       2    0%
  Number of IDELAYCTRLs:                         0 out of       4    0%
  Number of IN_FIFOs:                            0 out of      16    0%
  Number of MMCME2_ADVs:                         0 out of       4    0%
  Number of OUT_FIFOs:                           0 out of      16    0%
  Number of PHASER_REFs:                         0 out of       4    0%
  Number of PHY_CONTROLs:                        0 out of       4    0%
  Number of PLLE2_ADVs:                          0 out of       4    0%
  Number of PS7s:                                1 out of       1  100%
  Number of STARTUPs:                            0 out of       1    0%
  Number of XADCs:                               0 out of       1    0%

Average Fanout of Non-Clock Nets:                3.47

Peak Memory Usage:  1457 MB
Total REAL time to MAP completion:  39 secs 
Total CPU time to MAP completion:   20 secs 

Mapping completed.
See MAP report file "system_stub.mrp" for details.

*** Running par
    with args -intstyle pa system_stub.ncd -w system_stub_routed.ncd




Constraints file: system_stub.pcf.
Loading device for application Rf_Device from file '7z020.nph' in environment
/nfs/sw_cmc/x86_64.EL7/tools/xilinx_14.7/14.7/ISE_DS/ISE/.
   "system_stub" is an NCD, version 3.2, device xc7z020, package clg484, speed -1
vvvvvvvvvvvvvvvvvvvvvvvvvvvvvvvvvvvvvvvvvvvvvvvvvvvvvvvvvvvvvvvvvvvvvv
INFO:Security:50 - The XILINXD_LICENSE_FILE environment variable is set to '6088@license-cadpass:16088@license-cadpass'.
INFO:Security:52 - The LM_LICENSE_FILE environment variable is set to '6088@license-cadpass:16088@license-cadpass'.
INFO:Security:54 - 'xc7z020' is a WebPack part.
WARNING:Security:43 - No license file was found in the standard Xilinx license directory.
WARNING:Security:44 - Since no license file was found,
       please run the Xilinx License Configuration Manager
       (xlcm or "Manage Xilinx Licenses")
       to assist in obtaining a license.
WARNING:Security:42 - Your software subscription period has lapsed. Your current version of Xilinx tools will continue
to function, but you no longer qualify for Xilinx software updates or new releases.

----------------------------------------------------------------------

Initializing temperature to 85.000 Celsius. (default - Range: 0.000 to 85.000 Celsius)
Initializing voltage to 0.950 Volts. (default - Range: 0.950 to 1.050 Volts)


Device speed data version:  "PRODUCTION 1.08 2013-10-13".



Device Utilization Summary:

   Number of BUFGs                           1 out of 32      3%
   Number of External IOBs                   2 out of 200     1%
      Number of LOCed IOBs                   0 out of 2       0%

   Number of External IOPADs               130 out of 130   100%
      Number of LOCed IOPADs               127 out of 130    97%

   Number of PS7s                            1 out of 1     100%
   Number of Slices                        150 out of 13300   1%
   Number of Slice Registers               290 out of 106400  1%
      Number used as Flip Flops            290
      Number used as Latches                 0
      Number used as LatchThrus              0

   Number of Slice LUTS                    447 out of 53200   1%
   Number of Slice LUT-Flip Flop pairs     471 out of 53200   1%


Overall effort level (-ol):   Standard 
Router effort level (-rl):    High 

INFO:Timing:3386 - Intersecting Constraints found and resolved.  For more information, see the TSI report.  Please consult the Xilinx
   Command Line Tools User Guide for information on generating a TSI report.
Starting initial Timing Analysis.  REAL time: 8 secs 
Finished initial Timing Analysis.  REAL time: 8 secs 

Starting Router


Phase  1  : 4314 unrouted;      REAL time: 9 secs 

Phase  2  : 2359 unrouted;      REAL time: 9 secs 

Phase  3  : 935 unrouted;      REAL time: 10 secs 

Phase  4  : 935 unrouted; (Setup:0, Hold:1611, Component Switching Limit:0)     REAL time: 11 secs 

Updating file: system_stub_routed.ncd with current fully routed design.

Phase  5  : 0 unrouted; (Setup:0, Hold:1589, Component Switching Limit:0)     REAL time: 11 secs 

Phase  6  : 0 unrouted; (Setup:0, Hold:1589, Component Switching Limit:0)     REAL time: 11 secs 

Phase  7  : 0 unrouted; (Setup:0, Hold:1589, Component Switching Limit:0)     REAL time: 11 secs 

Phase  8  : 0 unrouted; (Setup:0, Hold:1589, Component Switching Limit:0)     REAL time: 11 secs 

Phase  9  : 0 unrouted; (Setup:0, Hold:0, Component Switching Limit:0)     REAL time: 11 secs 
Total REAL time to Router completion: 11 secs 
Total CPU time to Router completion: 10 secs 

Partition Implementation Status
-------------------------------

  No Partitions were found in this design.

-------------------------------

Generating "PAR" statistics.

**************************
Generating Clock Report
**************************

+---------------------+--------------+------+------+------------+-------------+
|        Clock Net    |   Resource   |Locked|Fanout|Net Skew(ns)|Max Delay(ns)|
+---------------------+--------------+------+------+------------+-------------+
|system_i/processing_ |              |      |      |            |             |
| system7_0_FCLK_CLK0 |BUFGCTRL_X0Y31| No   |  129 |  0.252     |  1.892      |
+---------------------+--------------+------+------+------------+-------------+

* Net Skew is the difference between the minimum and maximum routing
only delays for the net. Note this is different from Clock Skew which
is reported in TRCE timing report. Clock Skew is the difference between
the minimum and maximum path delays which includes logic delays.

* The fanout is the number of component pins not the individual BEL loads,
for example SLICE loads not FF loads.

Timing Score: 0 (Setup: 0, Hold: 0, Component Switching Limit: 0)

Asterisk (*) preceding a constraint indicates it was not met.
   This may be due to a setup or hold violation.

----------------------------------------------------------------------------------------------------------
  Constraint                                |    Check    | Worst Case |  Best Case | Timing |   Timing   
                                            |             |    Slack   | Achievable | Errors |    Score   
----------------------------------------------------------------------------------------------------------
  TS_clk_fpga_0 = PERIOD TIMEGRP "clk_fpga_ | SETUP       |    12.876ns|     7.124ns|       0|           0
  0" 50 MHz HIGH 50%                        | HOLD        |     0.014ns|            |       0|           0
----------------------------------------------------------------------------------------------------------
  PATH "TS_axi_interconnect_1_reset_resync_ | SETUP       |         N/A|     1.092ns|     N/A|           0
  path" TIG                                 |             |            |            |        |            
----------------------------------------------------------------------------------------------------------


All constraints were met.
INFO:Timing:2761 - N/A entries in the Constraints List may indicate that the 
   constraint is not analyzed due to the following: No paths covered by this 
   constraint; Other constraints intersect with this constraint; or This 
   constraint was disabled by a Path Tracing Control. Please run the Timespec 
   Interaction Report (TSI) via command line (trce tsi) or Timing Analyzer GUI.


Generating Pad Report.

All signals are completely routed.

Total REAL time to PAR completion: 12 secs 
Total CPU time to PAR completion: 10 secs 

Peak Memory Usage:  1027 MB

Placer: Placement generated during map.
Routing: Completed - No errors found.
Timing: Completed - No errors found.

Number of error messages: 0
Number of warning messages: 0
Number of info messages: 1

Writing design to file system_stub_routed.ncd



PAR done!

*** Running trce
    with args -intstyle ise -o system_stub.twr -v 30 -l 30 system_stub_routed.ncd system_stub.pcf

Loading device for application Rf_Device from file '7z020.nph' in environment
/nfs/sw_cmc/x86_64.EL7/tools/xilinx_14.7/14.7/ISE_DS/ISE/.
   "system_stub" is an NCD, version 3.2, device xc7z020, package clg484, speed
-1

Analysis completed Sat Apr  4 18:24:57 2026
--------------------------------------------------------------------------------

Generating Report ...

Number of warnings: 0
Total time: 7 secs 

*** Running xdl
    with args -secure -ncd2xdl -nopips system_stub_routed.ncd system_stub_routed.xdl

Release 14.7 - xdl P.20131013 (lin64)
Copyright (c) 1995-2013 Xilinx, Inc.  All rights reserved.

WARNING:XDL:213 - The resulting xdl output will not have LUT equation strings or RAM INIT strings.
Loading device for application Rf_Device from file '7z020.nph' in environment /nfs/sw_cmc/x86_64.EL7/tools/xilinx_14.7/14.7/ISE_DS/ISE/.
   "system_stub" is an NCD, version 3.2, device xc7z020, package clg484, speed -1
Successfully converted design 'system_stub_routed.ncd' to 'system_stub_routed.xdl'.

*** Running bitgen
    with args system_stub_routed.ncd system_stub.bit system_stub.pcf -w -intstyle pa

ERROR:Bitgen:342 - This design contains pins which have locations (LOC) that are
   not user-assigned or I/O Standards (IOSTANDARD) that are not user-assigned. 
   This may cause I/O contention or incompatibility with the board power or
   connectivity affecting performance, signal integrity or in extreme cases
   cause damage to the device or the components to which it is connected.  To
   prevent this error, it is highly suggested to specify all pin locations and
   I/O standards to avoid potential contention or conflicts and allow proper
   bitstream creation.  To demote this error to a warning and allow bitstream
   creation with unspecified I/O location or standards, you may apply the
   following bitgen switch: -g UnconstrainedPins:Allow
ERROR:Bitgen:157 - Bitgen will terminate because of the above errors.

*** Running bitgen
    with args system_stub_routed.ncd system_stub.bit system_stub.pcf -g UnconstrainedPins:Allow -w -intstyle pa

WARNING:Bitgen:343 - This design contains pins which have locations (LOC) that
   are not user-assigned or I/O Standards (IOSTANDARD) that are not
   user-assigned.  This may cause I/O contention or incompatibility with the
   board power or connectivity affecting performance, signal integrity or in
   extreme cases cause damage to the device or the components to which it is
   connected.  To prevent this warning, it is highly suggested to specify all
   pin locations and I/O standards to avoid potential contention or conflicts
   and allow proper bitstream creation.
WARNING:PhysDesignRules:2452 - The IOB output[0] is either not constrained (LOC)
   to a specific location and/or has an undefined I/O Standard (IOSTANDARD).
   This condition may seriously affect the device and will be an error in
   bitstream creation. It should be corrected by properly specifying the pin
   location and I/O Standard.
WARNING:PhysDesignRules:2452 - The IOB output[1] is either not constrained (LOC)
   to a specific location and/or has an undefined I/O Standard (IOSTANDARD).
   This condition may seriously affect the device and will be an error in
   bitstream creation. It should be corrected by properly specifying the pin
   location and I/O Standard.

*** Running bitgen
    with args system_stub_routed.ncd system_stub.bit system_stub.pcf -g UnconstrainedPins:Allow -w -intstyle pa

WARNING:Bitgen:343 - This design contains pins which have locations (LOC) that
   are not user-assigned or I/O Standards (IOSTANDARD) that are not
   user-assigned.  This may cause I/O contention or incompatibility with the
   board power or connectivity affecting performance, signal integrity or in
   extreme cases cause damage to the device or the components to which it is
   connected.  To prevent this warning, it is highly suggested to specify all
   pin locations and I/O standards to avoid potential contention or conflicts
   and allow proper bitstream creation.
WARNING:PhysDesignRules:2452 - The IOB output[0] is either not constrained (LOC)
   to a specific location and/or has an undefined I/O Standard (IOSTANDARD).
   This condition may seriously affect the device and will be an error in
   bitstream creation. It should be corrected by properly specifying the pin
   location and I/O Standard.
WARNING:PhysDesignRules:2452 - The IOB output[1] is either not constrained (LOC)
   to a specific location and/or has an undefined I/O Standard (IOSTANDARD).
   This condition may seriously affect the device and will be an error in
   bitstream creation. It should be corrected by properly specifying the pin
   location and I/O Standard.
