Release 14.7 - ngc2edif P.20131013 (lin64)
Copyright (c) 1995-2013 Xilinx, Inc.  All rights reserved.
Reading design module_1_for_lab_1_stub.ngc ...
WARNING:NetListWriters:298 - No output is written to
   module_1_for_lab_1_stub.xncf, ignored.
Processing design ...
   Preping design's networks ...
   Preping design's macros ...
  finished :Prep
Writing EDIF netlist file module_1_for_lab_1_stub.edif ...
ngc2edif: Total memory usage is 92064 kilobytes

Release 14.7 - ngc2edif P.20131013 (lin64)
Copyright (c) 1995-2013 Xilinx, Inc.  All rights reserved.
Reading design module_1_for_lab_1.ngc ...
WARNING:NetListWriters:298 - No output is written to module_1_for_lab_1.xncf,
   ignored.
Processing design ...
   Preping design's networks ...
   Preping design's macros ...
  finished :Prep
Writing EDIF netlist file module_1_for_lab_1.edif ...
ngc2edif: Total memory usage is 93400 kilobytes

Release 14.7 - ngc2edif P.20131013 (lin64)
Copyright (c) 1995-2013 Xilinx, Inc.  All rights reserved.
Reading design module_1_for_lab_1_processing_system7_0_wrapper.ngc ...
WARNING:NetListWriters:298 - No output is written to
   module_1_for_lab_1_processing_system7_0_wrapper.xncf, ignored.
Processing design ...
   Preping design's networks ...
   Preping design's macros ...
  finished :Prep
Writing EDIF netlist file module_1_for_lab_1_processing_system7_0_wrapper.edif
...
ngc2edif: Total memory usage is 95908 kilobytes

