#-----------------------------------------------------------
# PlanAhead v14.7 (64-bit)
# Build 321239 by xbuild on Fri Sep 27 19:24:36 MDT 2013
# Start of session at: Thu Mar 26 17:05:57 2026
# Process ID: 47787
# Log file: /nfs/home/a/ay_vashi/COEN_317/LAB4/planAhead.log
# Journal file: /nfs/home/a/ay_vashi/COEN_317/LAB4/planAhead.jou
#-----------------------------------------------------------
INFO: [Common 17-78] Attempting to get a license: PlanAhead
INFO: [Common 17-290] Got license for PlanAhead
INFO: [Common 17-86] Your PlanAhead license expires in -85 day(s)
INFO: [Device 21-36] Loading parts and site information from /nfs/sw_cmc/x86_64.EL7/tools/xilinx_14.7/14.7/ISE_DS/PlanAhead/data/parts/arch.xml
Parsing RTL primitives file [/nfs/sw_cmc/x86_64.EL7/tools/xilinx_14.7/14.7/ISE_DS/PlanAhead/data/parts/xilinx/rtl/prims/rtl_prims.xml]
Finished parsing RTL primitives file [/nfs/sw_cmc/x86_64.EL7/tools/xilinx_14.7/14.7/ISE_DS/PlanAhead/data/parts/xilinx/rtl/prims/rtl_prims.xml]
start_gui
INFO: [Common 17-81] Feature available: PartialReconfiguration
create_project lab_4_part_2 /nfs/home/a/ay_vashi/COEN_317/LAB4/PART2/lab_4_part_2 -part xc7z020clg484-1
set_property board zc702 [current_project]
set_property target_language VHDL [current_project]
set_property ng.output_hdl_format VHDL [get_filesets sim_1]
create_xps system
INFO: [Edk 24-176] Creating XPS sub-design source for 'system'...

Xilinx Platform Studio
Xilinx EDK 14.7 Build EDK_P.20131013
Copyright (c) 1995-2012 Xilinx, Inc.  All rights reserved.

XPS% Evaluating file
/nfs/home/a/ay_vashi/COEN_317/LAB4/PART2/lab_4_part_2/lab_4_part_2.srcs/sources_
1/edk/system/__xps/pa/_system_create.tcl
Created pcores directory
Copied
/nfs/sw_cmc/x86_64.EL7/tools/xilinx_14.7/14.7/ISE_DS/EDK/data/xflow/bitgen_zynq.
ut to etc directory
Copied file
/nfs/sw_cmc/x86_64.EL7/tools/xilinx_14.7/14.7/ISE_DS/EDK/data/xflow/fast_runtime
_zynq.opt to etc directory

Overriding IP level properties ...

Computing clock values...

Performing IP level DRCs on properties...

Running DRC Tcl procedures for OPTION IPLEVEL_DRC_PROC...

Checking platform address map ...
Created backup of etc/bitgen.ut to etc/bitgen.ut.virtex5
Copied
/nfs/sw_cmc/x86_64.EL7/tools/xilinx_14.7/14.7/ISE_DS/EDK/data/xflow/bitgen_zynq.
ut to etc directory
Created backup of etc/fast_runtime.opt to etc/fast_runtime.opt.virtex5
Copied file
/nfs/sw_cmc/x86_64.EL7/tools/xilinx_14.7/14.7/ISE_DS/EDK/data/xflow/fast_runtime
_zynq.opt to etc directory
No changes to be saved in MHS file
Saved project XMP file
Saved Make file
INFO: [Edk 24-189] XPS sub-design source created

INFO: [Edk 24-185] Launching XPS GUI for configuring XPS sub-design source 'system'. The GUI will be up in a moment...
INFO: [Edk 24-173]  After configuring the source design, please select 'File->Exit' from the XPS GUI to exit from XPS. The source will be added to the current project automatically.

Xilinx Platform Studio
Xilinx EDK 14.7 Build EDK_P.20131013
Copyright (c) 1995-2012 Xilinx, Inc.  All rights reserved.

Launching XPS GUI...
INFO:EDK - Simulation, Implementation and Device configuration flows are
   disabled in XPS when launched from PlanAhead. All these features are
   available in PlanAhead.
MainWindow
INFO:EDK - INFO:Security:50 - The XILINXD_LICENSE_FILE environment variable is
   set to '6088@license-cadpass:16088@license-cadpass'.
   INFO:Security:52 - The LM_LICENSE_FILE environment variable is set to
   '6088@license-cadpass:16088@license-cadpass'.
   WARNING:Security:43 - No license file was found in the standard Xilinx
   license directory.
   WARNING:Security:44 - Since no license file was found,
          please run the Xilinx License Configuration Manager
          (xlcm or "Manage Xilinx Licenses")
          to assist in obtaining a license.
   WARNING:Security:42 - Your software subscription period has lapsed. Your
   current version of Xilinx tools will continue to function, but you no longer
   qualify for Xilinx software updates or new releases.

Address Map for Processor processing_system7_0
Address Map for Processor processing_system7_0
Address Map for Processor processing_system7_0
Address Map for Processor processing_system7_0
Address Map for Processor processing_system7_0
Address Map for Processor processing_system7_0
Address Map for Processor processing_system7_0
Address Map for Processor processing_system7_0
Assigned Driver axicdma 2.03.a for instance axi_cdma_0
axi_cdma_0 has been added to the project
ERROR:EDK:4125 - IPNAME: axi_cdma, INSTANCE: axi_cdma_0, PARAMETER: C_BASEADDR -
   ASSIGNMENT=REQUIRE is defined in the MPD. You must specify a value in the
   MHS. 
ERROR:EDK:4125 - IPNAME: axi_cdma, INSTANCE: axi_cdma_0, PARAMETER: C_HIGHADDR -
   ASSIGNMENT=REQUIRE is defined in the MPD. You must specify a value in the
   MHS. 
WARNING:EDK:2137 - Peripheral axi_cdma_0 is not accessible from any processor in
   the system. Check Bus Interface connections and address parameters. 
Assigned Driver generic 1.00.a for instance axi_interconnect_1
Assigned Driver generic 1.00.a for instance axi_interconnect_2
Address Map for Processor processing_system7_0
Address Map for Processor processing_system7_0
  (0x40200000-0x4020ffff) axi_cdma_0	axi_interconnect_2
INFO:EDK - Create new axi_interconnect IP instance axi_interconnect_1
INFO:EDK - Connect clock port S_AXI_HP0_ACLK to processing_system7_0_FCLK_CLK0
INFO:EDK - Connect bus interface M_AXI to axi_interconnect_1
INFO:EDK - Connect clock port m_axi_aclk to processing_system7_0_FCLK_CLK0
INFO:EDK - Do connection by refering to bus interface of a processing_system7_0
   in design
INFO:EDK - Create new axi_interconnect IP instance axi_interconnect_2
INFO:EDK - Connect clock port M_AXI_GP0_ACLK to processing_system7_0_FCLK_CLK0
INFO:EDK - Connect bus interface S_AXI_LITE to axi_interconnect_2
INFO:EDK - Connect clock port s_axi_lite_aclk to processing_system7_0_FCLK_CLK0
INFO:EDK - Successfully did connection by refering to M_AXI_GP0 bus interface in
   processing_system7_0
INFO:EDK - All master interface and control bus interface of instance:axi_cdma_0
   connected sucessfully.INFO:EDK - External IO port grouping doneINFO:EDK - Generate address successfully
INFO:EDK - Successfully finished auto bus connection for IP instance: axi_cdma_0
Assigned Driver generic 1.00.a for instance axi_interconnect_0
axi_interconnect_0 has been added to the project
WARNING:EDK:3712 - IPNAME: axi_interconnect, INSTANCE: axi_interconnect_0 -
   Frequency of the interconnect's clock port could not be determined. All IPs
   in the design will be considered to be asynchronous with respect to the
   interconnect. This will lead to more resource usage. You can avoid this by
   specifying the clock frequency on the port that the interconnect's clock is
   connected to.
ERROR:EDK:4125 - IPNAME: axi_interconnect, INSTANCE: axi_interconnect_0, PORT:
   INTERCONNECT_ARESETN - ASSIGNMENT=REQUIRE is defined in the MPD. You must
   specify a connection in the MHS. 
WARNING:EDK:3712 - IPNAME: axi_interconnect, INSTANCE: axi_interconnect_gp1 -
   Frequency of the interconnect's clock port could not be determined. All IPs
   in the design will be considered to be asynchronous with respect to the
   interconnect. This will lead to more resource usage. You can avoid this by
   specifying the clock frequency on the port that the interconnect's clock is
   connected to.
ERROR:EDK:4125 - IPNAME: axi_interconnect, INSTANCE: axi_interconnect_gp1, PORT:
   INTERCONNECT_ARESETN - ASSIGNMENT=REQUIRE is defined in the MPD. You must
   specify a connection in the MHS. 
WARNING:EDK:3712 - IPNAME: axi_interconnect, INSTANCE: axi_interconnect_gp1 -
   Frequency of the interconnect's clock port could not be determined. All IPs
   in the design will be considered to be asynchronous with respect to the
   interconnect. This will lead to more resource usage. You can avoid this by
   specifying the clock frequency on the port that the interconnect's clock is
   connected to.
ERROR:EDK:4125 - IPNAME: axi_interconnect, INSTANCE: axi_interconnect_gp1, PORT:
   INTERCONNECT_ARESETN - ASSIGNMENT=REQUIRE is defined in the MPD. You must
   specify a connection in the MHS. 
WARNING:EDK:3712 - IPNAME: axi_interconnect, INSTANCE: axi_interconnect_gp1 -
   Frequency of the interconnect's clock port could not be determined. All IPs
   in the design will be considered to be asynchronous with respect to the
   interconnect. This will lead to more resource usage. You can avoid this by
   specifying the clock frequency on the port that the interconnect's clock is
   connected to.
ERROR:EDK:4125 - IPNAME: axi_interconnect, INSTANCE: axi_interconnect_gp1, PORT:
   INTERCONNECT_ARESETN - ASSIGNMENT=REQUIRE is defined in the MPD. You must
   specify a connection in the MHS. 
Assigned Driver generic 1.00.a for instance axi_interconnect_0
axi_interconnect_0 has been added to the project
WARNING:EDK:3712 - IPNAME: axi_interconnect, INSTANCE: axi_interconnect_gp1 -
   Frequency of the interconnect's clock port could not be determined. All IPs
   in the design will be considered to be asynchronous with respect to the
   interconnect. This will lead to more resource usage. You can avoid this by
   specifying the clock frequency on the port that the interconnect's clock is
   connected to.
WARNING:EDK:3712 - IPNAME: axi_interconnect, INSTANCE: axi_interconnect_0 -
   Frequency of the interconnect's clock port could not be determined. All IPs
   in the design will be considered to be asynchronous with respect to the
   interconnect. This will lead to more resource usage. You can avoid this by
   specifying the clock frequency on the port that the interconnect's clock is
   connected to.
ERROR:EDK:4125 - IPNAME: axi_interconnect, INSTANCE: axi_interconnect_gp1, PORT:
   INTERCONNECT_ARESETN - ASSIGNMENT=REQUIRE is defined in the MPD. You must
   specify a connection in the MHS. 
ERROR:EDK:4125 - IPNAME: axi_interconnect, INSTANCE: axi_interconnect_0, PORT:
   INTERCONNECT_ARESETN - ASSIGNMENT=REQUIRE is defined in the MPD. You must
   specify a connection in the MHS. 
WARNING:EDK:3712 - IPNAME: axi_interconnect, INSTANCE: axi_interconnect_gp1 -
   Frequency of the interconnect's clock port could not be determined. All IPs
   in the design will be considered to be asynchronous with respect to the
   interconnect. This will lead to more resource usage. You can avoid this by
   specifying the clock frequency on the port that the interconnect's clock is
   connected to.
WARNING:EDK:3712 - IPNAME: axi_interconnect, INSTANCE: axi_interconnect_hp -
   Frequency of the interconnect's clock port could not be determined. All IPs
   in the design will be considered to be asynchronous with respect to the
   interconnect. This will lead to more resource usage. You can avoid this by
   specifying the clock frequency on the port that the interconnect's clock is
   connected to.
ERROR:EDK:4125 - IPNAME: axi_interconnect, INSTANCE: axi_interconnect_gp1, PORT:
   INTERCONNECT_ARESETN - ASSIGNMENT=REQUIRE is defined in the MPD. You must
   specify a connection in the MHS. 
ERROR:EDK:4125 - IPNAME: axi_interconnect, INSTANCE: axi_interconnect_hp, PORT:
   INTERCONNECT_ARESETN - ASSIGNMENT=REQUIRE is defined in the MPD. You must
   specify a connection in the MHS. 
WARNING:EDK:3712 - IPNAME: axi_interconnect, INSTANCE: axi_interconnect_gp1 -
   Frequency of the interconnect's clock port could not be determined. All IPs
   in the design will be considered to be asynchronous with respect to the
   interconnect. This will lead to more resource usage. You can avoid this by
   specifying the clock frequency on the port that the interconnect's clock is
   connected to.
WARNING:EDK:3712 - IPNAME: axi_interconnect, INSTANCE: axi_interconnect_hp -
   Frequency of the interconnect's clock port could not be determined. All IPs
   in the design will be considered to be asynchronous with respect to the
   interconnect. This will lead to more resource usage. You can avoid this by
   specifying the clock frequency on the port that the interconnect's clock is
   connected to.
ERROR:EDK:4125 - IPNAME: axi_interconnect, INSTANCE: axi_interconnect_gp1, PORT:
   INTERCONNECT_ARESETN - ASSIGNMENT=REQUIRE is defined in the MPD. You must
   specify a connection in the MHS. 
ERROR:EDK:4125 - IPNAME: axi_interconnect, INSTANCE: axi_interconnect_hp, PORT:
   INTERCONNECT_ARESETN - ASSIGNMENT=REQUIRE is defined in the MPD. You must
   specify a connection in the MHS. 
WARNING:EDK:3712 - IPNAME: axi_interconnect, INSTANCE: axi_interconnect_gp1 -
   Frequency of the interconnect's clock port could not be determined. All IPs
   in the design will be considered to be asynchronous with respect to the
   interconnect. This will lead to more resource usage. You can avoid this by
   specifying the clock frequency on the port that the interconnect's clock is
   connected to.
WARNING:EDK:3712 - IPNAME: axi_interconnect, INSTANCE: axi_interconnect_hp -
   Frequency of the interconnect's clock port could not be determined. All IPs
   in the design will be considered to be asynchronous with respect to the
   interconnect. This will lead to more resource usage. You can avoid this by
   specifying the clock frequency on the port that the interconnect's clock is
   connected to.
ERROR:EDK:4125 - IPNAME: axi_interconnect, INSTANCE: axi_interconnect_gp1, PORT:
   INTERCONNECT_ARESETN - ASSIGNMENT=REQUIRE is defined in the MPD. You must
   specify a connection in the MHS. 
ERROR:EDK:4125 - IPNAME: axi_interconnect, INSTANCE: axi_interconnect_hp, PORT:
   INTERCONNECT_ARESETN - ASSIGNMENT=REQUIRE is defined in the MPD. You must
   specify a connection in the MHS. 
ERROR:EDK - xget_handle  connected_ports axi_cdma_0_cdma_introut SOURCE : a null
   handle was provided
ERROR:EDK - C_NUM_F2P_INTR_INPUTS (IPNAME:processing_system7,
   INSTANCE:processing_system7_0) - expected integer but got "" 
ERROR:EDK:4114 - IPNAME: processing_system7, INSTANCE: processing_system7_0 -
   error computing override value for C_NUM_F2P_INTR_INPUTS using tcl -
   /nfs/home/a/ay_vashi/COEN_317/LAB4/PART2/lab_4_part_2/lab_4_part_2.srcs/sourc
   es_1/edk/system/_xps_tempmhsfilename.mhs line 28 
ERROR:EDK:1160 - Error populating device name, exiting.
WARNING:EDK:3712 - IPNAME: axi_interconnect, INSTANCE: axi_interconnect_gp1 -
   Frequency of the interconnect's clock port could not be determined. All IPs
   in the design will be considered to be asynchronous with respect to the
   interconnect. This will lead to more resource usage. You can avoid this by
   specifying the clock frequency on the port that the interconnect's clock is
   connected to.
WARNING:EDK:3712 - IPNAME: axi_interconnect, INSTANCE: axi_interconnect_hp -
   Frequency of the interconnect's clock port could not be determined. All IPs
   in the design will be considered to be asynchronous with respect to the
   interconnect. This will lead to more resource usage. You can avoid this by
   specifying the clock frequency on the port that the interconnect's clock is
   connected to.
ERROR:EDK:4125 - IPNAME: axi_interconnect, INSTANCE: axi_interconnect_gp1, PORT:
   INTERCONNECT_ARESETN - ASSIGNMENT=REQUIRE is defined in the MPD. You must
   specify a connection in the MHS. 
ERROR:EDK:4125 - IPNAME: axi_interconnect, INSTANCE: axi_interconnect_hp, PORT:
   INTERCONNECT_ARESETN - ASSIGNMENT=REQUIRE is defined in the MPD. You must
   specify a connection in the MHS. 
ERROR:EDK - xget_handle  connected_ports axi_cdma_0_cdma_introut SOURCE : a null
   handle was provided
ERROR:EDK - C_NUM_F2P_INTR_INPUTS (IPNAME:processing_system7,
   INSTANCE:processing_system7_0) - expected integer but got "" 
ERROR:EDK:4114 - IPNAME: processing_system7, INSTANCE: processing_system7_0 -
   error computing override value for C_NUM_F2P_INTR_INPUTS using tcl -
   /nfs/home/a/ay_vashi/COEN_317/LAB4/PART2/lab_4_part_2/lab_4_part_2.srcs/sourc
   es_1/edk/system/_xps_tempmhsfilename.mhs line 28 
ERROR:EDK:1160 - Error populating device name, exiting.
ERROR:EDK - xget_handle  connected_ports axi_cdma_0_cdma_introut SOURCE : a null
   handle was provided
ERROR:EDK - C_NUM_F2P_INTR_INPUTS (IPNAME:processing_system7,
   INSTANCE:processing_system7_0) - expected integer but got "" 
ERROR:EDK:4114 - IPNAME: processing_system7, INSTANCE: processing_system7_0 -
   error computing override value for C_NUM_F2P_INTR_INPUTS using tcl -
   /nfs/home/a/ay_vashi/COEN_317/LAB4/PART2/lab_4_part_2/lab_4_part_2.srcs/sourc
   es_1/edk/system/_xps_tempmhsfilename.mhs line 28 
ERROR:EDK:1160 - Error populating device name, exiting.
ERROR:EDK - xget_handle  connected_ports axi_cdma_0_cdma_introut SOURCE : a null
   handle was provided
ERROR:EDK - C_NUM_F2P_INTR_INPUTS (IPNAME:processing_system7,
   INSTANCE:processing_system7_0) - expected integer but got "" 
ERROR:EDK:4114 - IPNAME: processing_system7, INSTANCE: processing_system7_0 -
   error computing override value for C_NUM_F2P_INTR_INPUTS using tcl -
   /nfs/home/a/ay_vashi/COEN_317/LAB4/PART2/lab_4_part_2/lab_4_part_2.srcs/sourc
   es_1/edk/system/_xps_tempmhsfilename.mhs line 28 
ERROR:EDK:1160 - Error populating device name, exiting.
WARNING:EDK:3712 - IPNAME: axi_interconnect, INSTANCE: axi_interconnect_gp1 -
   Frequency of the interconnect's clock port could not be determined. All IPs
   in the design will be considered to be asynchronous with respect to the
   interconnect. This will lead to more resource usage. You can avoid this by
   specifying the clock frequency on the port that the interconnect's clock is
   connected to.
WARNING:EDK:3712 - IPNAME: axi_interconnect, INSTANCE: axi_interconnect_hp -
   Frequency of the interconnect's clock port could not be determined. All IPs
   in the design will be considered to be asynchronous with respect to the
   interconnect. This will lead to more resource usage. You can avoid this by
   specifying the clock frequency on the port that the interconnect's clock is
   connected to.
ERROR:EDK:4125 - IPNAME: axi_interconnect, INSTANCE: axi_interconnect_gp1, PORT:
   INTERCONNECT_ARESETN - ASSIGNMENT=REQUIRE is defined in the MPD. You must
   specify a connection in the MHS. 
ERROR:EDK:4125 - IPNAME: axi_interconnect, INSTANCE: axi_interconnect_hp, PORT:
   INTERCONNECT_ARESETN - ASSIGNMENT=REQUIRE is defined in the MPD. You must
   specify a connection in the MHS. 
ERROR:EDK - xget_handle  connected_ports axi_cdma_0_cdma_introut SOURCE : a null
   handle was provided
ERROR:EDK - C_NUM_F2P_INTR_INPUTS (IPNAME:processing_system7,
   INSTANCE:processing_system7_0) - expected integer but got "" 
ERROR:EDK:4114 - IPNAME: processing_system7, INSTANCE: processing_system7_0 -
   error computing override value for C_NUM_F2P_INTR_INPUTS using tcl -
   /nfs/home/a/ay_vashi/COEN_317/LAB4/PART2/lab_4_part_2/lab_4_part_2.srcs/sourc
   es_1/edk/system/_xps_tempmhsfilename.mhs line 28 
ERROR:EDK:1160 - Error populating device name, exiting.
WARNING:EDK:3712 - IPNAME: axi_interconnect, INSTANCE: axi_interconnect_gp1 -
   Frequency of the interconnect's clock port could not be determined. All IPs
   in the design will be considered to be asynchronous with respect to the
   interconnect. This will lead to more resource usage. You can avoid this by
   specifying the clock frequency on the port that the interconnect's clock is
   connected to.
WARNING:EDK:3712 - IPNAME: axi_interconnect, INSTANCE: axi_interconnect_hp -
   Frequency of the interconnect's clock port could not be determined. All IPs
   in the design will be considered to be asynchronous with respect to the
   interconnect. This will lead to more resource usage. You can avoid this by
   specifying the clock frequency on the port that the interconnect's clock is
   connected to.
ERROR:EDK:4125 - IPNAME: axi_interconnect, INSTANCE: axi_interconnect_gp1, PORT:
   INTERCONNECT_ARESETN - ASSIGNMENT=REQUIRE is defined in the MPD. You must
   specify a connection in the MHS. 
ERROR:EDK:4125 - IPNAME: axi_interconnect, INSTANCE: axi_interconnect_hp, PORT:
   INTERCONNECT_ARESETN - ASSIGNMENT=REQUIRE is defined in the MPD. You must
   specify a connection in the MHS. 
WARNING:EDK:3712 - IPNAME: axi_interconnect, INSTANCE: axi_interconnect_gp1 -
   Frequency of the interconnect's clock port could not be determined. All IPs
   in the design will be considered to be asynchronous with respect to the
   interconnect. This will lead to more resource usage. You can avoid this by
   specifying the clock frequency on the port that the interconnect's clock is
   connected to.
WARNING:EDK:3712 - IPNAME: axi_interconnect, INSTANCE: axi_interconnect_hp -
   Frequency of the interconnect's clock port could not be determined. All IPs
   in the design will be considered to be asynchronous with respect to the
   interconnect. This will lead to more resource usage. You can avoid this by
   specifying the clock frequency on the port that the interconnect's clock is
   connected to.
WARNING:EDK:4058 - INSTANCE: axi_cdma_0, BUS_INTERFACE: M_AXI -  is not
   connected to any slave. 
ERROR:EDK:4125 - IPNAME: axi_interconnect, INSTANCE: axi_interconnect_gp1, PORT:
   INTERCONNECT_ARESETN - ASSIGNMENT=REQUIRE is defined in the MPD. You must
   specify a connection in the MHS. 
ERROR:EDK:4125 - IPNAME: axi_interconnect, INSTANCE: axi_interconnect_hp, PORT:
   INTERCONNECT_ARESETN - ASSIGNMENT=REQUIRE is defined in the MPD. You must
   specify a connection in the MHS. 
axi_interconnect_1 has been deleted from the project
WARNING:EDK:3712 - IPNAME: axi_interconnect, INSTANCE: axi_interconnect_gp1 -
   Frequency of the interconnect's clock port could not be determined. All IPs
   in the design will be considered to be asynchronous with respect to the
   interconnect. This will lead to more resource usage. You can avoid this by
   specifying the clock frequency on the port that the interconnect's clock is
   connected to.
WARNING:EDK:3712 - IPNAME: axi_interconnect, INSTANCE: axi_interconnect_hp -
   Frequency of the interconnect's clock port could not be determined. All IPs
   in the design will be considered to be asynchronous with respect to the
   interconnect. This will lead to more resource usage. You can avoid this by
   specifying the clock frequency on the port that the interconnect's clock is
   connected to.
ERROR:EDK:4125 - IPNAME: axi_interconnect, INSTANCE: axi_interconnect_gp1, PORT:
   INTERCONNECT_ARESETN - ASSIGNMENT=REQUIRE is defined in the MPD. You must
   specify a connection in the MHS. 
ERROR:EDK:4125 - IPNAME: axi_interconnect, INSTANCE: axi_interconnect_hp, PORT:
   INTERCONNECT_ARESETN - ASSIGNMENT=REQUIRE is defined in the MPD. You must
   specify a connection in the MHS. 
Deleting Internal port processing_system7_0:FCLK_RESET0_N 
Deleting Internal port axi_interconnect_2:INTERCONNECT_ARESETN 
axi_interconnect_2 has been deleted from the project
WARNING:EDK:3712 - IPNAME: axi_interconnect, INSTANCE: axi_interconnect_gp1 -
   Frequency of the interconnect's clock port could not be determined. All IPs
   in the design will be considered to be asynchronous with respect to the
   interconnect. This will lead to more resource usage. You can avoid this by
   specifying the clock frequency on the port that the interconnect's clock is
   connected to.
WARNING:EDK:3712 - IPNAME: axi_interconnect, INSTANCE: axi_interconnect_hp -
   Frequency of the interconnect's clock port could not be determined. All IPs
   in the design will be considered to be asynchronous with respect to the
   interconnect. This will lead to more resource usage. You can avoid this by
   specifying the clock frequency on the port that the interconnect's clock is
   connected to.
ERROR:EDK:4125 - IPNAME: axi_interconnect, INSTANCE: axi_interconnect_gp1, PORT:
   INTERCONNECT_ARESETN - ASSIGNMENT=REQUIRE is defined in the MPD. You must
   specify a connection in the MHS. 
ERROR:EDK:4125 - IPNAME: axi_interconnect, INSTANCE: axi_interconnect_hp, PORT:
   INTERCONNECT_ARESETN - ASSIGNMENT=REQUIRE is defined in the MPD. You must
   specify a connection in the MHS. 
WARNING:EDK:2137 - Peripheral axi_cdma_0 is not accessible from any processor in
   the system. Check Bus Interface connections and address parameters. 
Assigned Driver tmrctr 2.05.a for instance axi_timer_0
axi_timer_0 has been added to the project
WARNING:EDK:3712 - IPNAME: axi_interconnect, INSTANCE: axi_interconnect_gp1 -
   Frequency of the interconnect's clock port could not be determined. All IPs
   in the design will be considered to be asynchronous with respect to the
   interconnect. This will lead to more resource usage. You can avoid this by
   specifying the clock frequency on the port that the interconnect's clock is
   connected to.
WARNING:EDK:3712 - IPNAME: axi_interconnect, INSTANCE: axi_interconnect_hp -
   Frequency of the interconnect's clock port could not be determined. All IPs
   in the design will be considered to be asynchronous with respect to the
   interconnect. This will lead to more resource usage. You can avoid this by
   specifying the clock frequency on the port that the interconnect's clock is
   connected to.
ERROR:EDK:4125 - IPNAME: axi_interconnect, INSTANCE: axi_interconnect_gp1, PORT:
   INTERCONNECT_ARESETN - ASSIGNMENT=REQUIRE is defined in the MPD. You must
   specify a connection in the MHS. 
ERROR:EDK:4125 - IPNAME: axi_interconnect, INSTANCE: axi_interconnect_hp, PORT:
   INTERCONNECT_ARESETN - ASSIGNMENT=REQUIRE is defined in the MPD. You must
   specify a connection in the MHS. 
ERROR:EDK:4125 - IPNAME: axi_timer, INSTANCE: axi_timer_0, PARAMETER: C_BASEADDR
   - ASSIGNMENT=REQUIRE is defined in the MPD. You must specify a value in the
   MHS. 
ERROR:EDK:4125 - IPNAME: axi_timer, INSTANCE: axi_timer_0, PARAMETER: C_HIGHADDR
   - ASSIGNMENT=REQUIRE is defined in the MPD. You must specify a value in the
   MHS. 
WARNING:EDK:2137 - Peripheral axi_cdma_0 is not accessible from any processor in
   the system. Check Bus Interface connections and address parameters. 
WARNING:EDK:2137 - Peripheral axi_timer_0 is not accessible from any processor
   in the system. Check Bus Interface connections and address parameters. 
Assigned Driver generic 1.00.a for instance axi_interconnect_1
ERROR:EDK:3759 - AddresGen MHS Error Address Generator can not generate address
   map for your design. Please check if there is address conflict, clear the
   conflict and re-generate the address map.Please consult the online help for
   how to let Address Generator to overwrite the address. If Address Generator
   still can not generate the address map, please provide the address map
   manually.
WARNING:EDK:3967 - axi_timer (axi_timer_0) - ADDRESS specified by PARAMETER
   C_BASEADDR is ignored -
   /nfs/home/a/ay_vashi/COEN_317/LAB4/PART2/lab_4_part_2/lab_4_part_2.srcs/sourc
   es_1/edk/system/system.mhs line 144 
WARNING:EDK:3712 - IPNAME: axi_interconnect, INSTANCE: axi_interconnect_gp1 -
   Frequency of the interconnect's clock port could not be determined. All IPs
   in the design will be considered to be asynchronous with respect to the
   interconnect. This will lead to more resource usage. You can avoid this by
   specifying the clock frequency on the port that the interconnect's clock is
   connected to.
WARNING:EDK:3712 - IPNAME: axi_interconnect, INSTANCE: axi_interconnect_hp -
   Frequency of the interconnect's clock port could not be determined. All IPs
   in the design will be considered to be asynchronous with respect to the
   interconnect. This will lead to more resource usage. You can avoid this by
   specifying the clock frequency on the port that the interconnect's clock is
   connected to.
ERROR:EDK:4125 - IPNAME: axi_interconnect, INSTANCE: axi_interconnect_gp1, PORT:
   INTERCONNECT_ARESETN - ASSIGNMENT=REQUIRE is defined in the MPD. You must
   specify a connection in the MHS. 
ERROR:EDK:4125 - IPNAME: axi_interconnect, INSTANCE: axi_interconnect_hp, PORT:
   INTERCONNECT_ARESETN - ASSIGNMENT=REQUIRE is defined in the MPD. You must
   specify a connection in the MHS. 
WARNING:EDK:2137 - Peripheral axi_cdma_0 is not accessible from any processor in
   the system. Check Bus Interface connections and address parameters. 
WARNING:EDK:3967 - axi_timer (axi_timer_0) - ADDRESS specified by PARAMETER
   C_BASEADDR is ignored -
   /nfs/home/a/ay_vashi/COEN_317/LAB4/PART2/lab_4_part_2/lab_4_part_2.srcs/sourc
   es_1/edk/system/system.mhs line 144 
WARNING:EDK:3712 - IPNAME: axi_interconnect, INSTANCE: axi_interconnect_gp1 -
   Frequency of the interconnect's clock port could not be determined. All IPs
   in the design will be considered to be asynchronous with respect to the
   interconnect. This will lead to more resource usage. You can avoid this by
   specifying the clock frequency on the port that the interconnect's clock is
   connected to.
WARNING:EDK:3712 - IPNAME: axi_interconnect, INSTANCE: axi_interconnect_hp -
   Frequency of the interconnect's clock port could not be determined. All IPs
   in the design will be considered to be asynchronous with respect to the
   interconnect. This will lead to more resource usage. You can avoid this by
   specifying the clock frequency on the port that the interconnect's clock is
   connected to.
ERROR:EDK:4125 - IPNAME: axi_interconnect, INSTANCE: axi_interconnect_gp1, PORT:
   INTERCONNECT_ARESETN - ASSIGNMENT=REQUIRE is defined in the MPD. You must
   specify a connection in the MHS. 
ERROR:EDK:4125 - IPNAME: axi_interconnect, INSTANCE: axi_interconnect_hp, PORT:
   INTERCONNECT_ARESETN - ASSIGNMENT=REQUIRE is defined in the MPD. You must
   specify a connection in the MHS. 
WARNING:EDK:2137 - Peripheral axi_cdma_0 is not accessible from any processor in
   the system. Check Bus Interface connections and address parameters. 
INFO:EDK - Do connection by refering to bus interface of a processing_system7_0
   in design
INFO:EDK - Create new axi_interconnect IP instance axi_interconnect_1
INFO:EDK - Connect bus interface S_AXI to axi_interconnect_1
INFO:EDK - Connect clock port S_AXI_ACLK to processing_system7_0_FCLK_CLK0
INFO:EDK - Successfully did connection by refering to M_AXI_GP0 bus interface in
   processing_system7_0
INFO:EDK - External IO port grouping doneWARNING:EDK - Generate address failed during auto bus connection
INFO:EDK - Successfully finished auto bus connection for IP instance:
   axi_timer_0, however there is problem when generating address, please
   generate address manually
ERROR:EDK - xget_handle  connected_ports axi_cdma_0_cdma_introut SOURCE : a null
   handle was provided
ERROR:EDK - C_NUM_F2P_INTR_INPUTS (IPNAME:processing_system7,
   INSTANCE:processing_system7_0) - expected integer but got "" 
ERROR:EDK:4114 - IPNAME: processing_system7, INSTANCE: processing_system7_0 -
   error computing override value for C_NUM_F2P_INTR_INPUTS using tcl -
   /nfs/home/a/ay_vashi/COEN_317/LAB4/PART2/lab_4_part_2/lab_4_part_2.srcs/sourc
   es_1/edk/system/system.mhs line 28 
ERROR:EDK:1160 - Error populating device name, exiting.
WARNING:EDK:3967 - axi_timer (axi_timer_0) - ADDRESS specified by PARAMETER
   C_BASEADDR is ignored -
   /nfs/home/a/ay_vashi/COEN_317/LAB4/PART2/lab_4_part_2/lab_4_part_2.srcs/sourc
   es_1/edk/system/system.mhs line 144 
WARNING:EDK:3712 - IPNAME: axi_interconnect, INSTANCE: axi_interconnect_gp1 -
   Frequency of the interconnect's clock port could not be determined. All IPs
   in the design will be considered to be asynchronous with respect to the
   interconnect. This will lead to more resource usage. You can avoid this by
   specifying the clock frequency on the port that the interconnect's clock is
   connected to.
WARNING:EDK:3712 - IPNAME: axi_interconnect, INSTANCE: axi_interconnect_hp -
   Frequency of the interconnect's clock port could not be determined. All IPs
   in the design will be considered to be asynchronous with respect to the
   interconnect. This will lead to more resource usage. You can avoid this by
   specifying the clock frequency on the port that the interconnect's clock is
   connected to.
ERROR:EDK:4125 - IPNAME: axi_interconnect, INSTANCE: axi_interconnect_gp1, PORT:
   INTERCONNECT_ARESETN - ASSIGNMENT=REQUIRE is defined in the MPD. You must
   specify a connection in the MHS. 
ERROR:EDK:4125 - IPNAME: axi_interconnect, INSTANCE: axi_interconnect_hp, PORT:
   INTERCONNECT_ARESETN - ASSIGNMENT=REQUIRE is defined in the MPD. You must
   specify a connection in the MHS. 
WARNING:EDK:2137 - Peripheral axi_cdma_0 is not accessible from any processor in
   the system. Check Bus Interface connections and address parameters. 
WARNING:EDK:3967 - axi_timer (axi_timer_0) - ADDRESS specified by PARAMETER
   C_BASEADDR is ignored -
   /nfs/home/a/ay_vashi/COEN_317/LAB4/PART2/lab_4_part_2/lab_4_part_2.srcs/sourc
   es_1/edk/system/system.mhs line 144 
WARNING:EDK:3712 - IPNAME: axi_interconnect, INSTANCE: axi_interconnect_gp1 -
   Frequency of the interconnect's clock port could not be determined. All IPs
   in the design will be considered to be asynchronous with respect to the
   interconnect. This will lead to more resource usage. You can avoid this by
   specifying the clock frequency on the port that the interconnect's clock is
   connected to.
WARNING:EDK:3712 - IPNAME: axi_interconnect, INSTANCE: axi_interconnect_hp -
   Frequency of the interconnect's clock port could not be determined. All IPs
   in the design will be considered to be asynchronous with respect to the
   interconnect. This will lead to more resource usage. You can avoid this by
   specifying the clock frequency on the port that the interconnect's clock is
   connected to.
WARNING:EDK:4058 - INSTANCE: processing_system7_0, BUS_INTERFACE: M_AXI_GP1 - 
   is not connected to any slave. 
ERROR:EDK:4125 - IPNAME: axi_interconnect, INSTANCE: axi_interconnect_gp1, PORT:
   INTERCONNECT_ARESETN - ASSIGNMENT=REQUIRE is defined in the MPD. You must
   specify a connection in the MHS. 
ERROR:EDK:4125 - IPNAME: axi_interconnect, INSTANCE: axi_interconnect_hp, PORT:
   INTERCONNECT_ARESETN - ASSIGNMENT=REQUIRE is defined in the MPD. You must
   specify a connection in the MHS. 
WARNING:EDK:2137 - Peripheral axi_cdma_0 is not accessible from any processor in
   the system. Check Bus Interface connections and address parameters. 
WARNING:EDK:3967 - axi_timer (axi_timer_0) - ADDRESS specified by PARAMETER
   C_BASEADDR is ignored -
   /nfs/home/a/ay_vashi/COEN_317/LAB4/PART2/lab_4_part_2/lab_4_part_2.srcs/sourc
   es_1/edk/system/system.mhs line 144 
WARNING:EDK:3712 - IPNAME: axi_interconnect, INSTANCE: axi_interconnect_gp1 -
   Frequency of the interconnect's clock port could not be determined. All IPs
   in the design will be considered to be asynchronous with respect to the
   interconnect. This will lead to more resource usage. You can avoid this by
   specifying the clock frequency on the port that the interconnect's clock is
   connected to.
WARNING:EDK:3712 - IPNAME: axi_interconnect, INSTANCE: axi_interconnect_hp -
   Frequency of the interconnect's clock port could not be determined. All IPs
   in the design will be considered to be asynchronous with respect to the
   interconnect. This will lead to more resource usage. You can avoid this by
   specifying the clock frequency on the port that the interconnect's clock is
   connected to.
ERROR:EDK:4125 - IPNAME: axi_interconnect, INSTANCE: axi_interconnect_gp1, PORT:
   INTERCONNECT_ARESETN - ASSIGNMENT=REQUIRE is defined in the MPD. You must
   specify a connection in the MHS. 
ERROR:EDK:4125 - IPNAME: axi_interconnect, INSTANCE: axi_interconnect_hp, PORT:
   INTERCONNECT_ARESETN - ASSIGNMENT=REQUIRE is defined in the MPD. You must
   specify a connection in the MHS. 
WARNING:EDK:2137 - Peripheral axi_cdma_0 is not accessible from any processor in
   the system. Check Bus Interface connections and address parameters. 
WARNING:EDK:3967 - axi_timer (axi_timer_0) - ADDRESS specified by PARAMETER
   C_BASEADDR is ignored -
   /nfs/home/a/ay_vashi/COEN_317/LAB4/PART2/lab_4_part_2/lab_4_part_2.srcs/sourc
   es_1/edk/system/system.mhs line 144 
WARNING:EDK:3712 - IPNAME: axi_interconnect, INSTANCE: axi_interconnect_gp1 -
   Frequency of the interconnect's clock port could not be determined. All IPs
   in the design will be considered to be asynchronous with respect to the
   interconnect. This will lead to more resource usage. You can avoid this by
   specifying the clock frequency on the port that the interconnect's clock is
   connected to.
WARNING:EDK:3712 - IPNAME: axi_interconnect, INSTANCE: axi_interconnect_hp -
   Frequency of the interconnect's clock port could not be determined. All IPs
   in the design will be considered to be asynchronous with respect to the
   interconnect. This will lead to more resource usage. You can avoid this by
   specifying the clock frequency on the port that the interconnect's clock is
   connected to.
WARNING:EDK:4058 - INSTANCE: processing_system7_0, BUS_INTERFACE: M_AXI_GP1 - 
   is not connected to any slave. 
ERROR:EDK:4125 - IPNAME: axi_interconnect, INSTANCE: axi_interconnect_gp1, PORT:
   INTERCONNECT_ARESETN - ASSIGNMENT=REQUIRE is defined in the MPD. You must
   specify a connection in the MHS. 
ERROR:EDK:4125 - IPNAME: axi_interconnect, INSTANCE: axi_interconnect_hp, PORT:
   INTERCONNECT_ARESETN - ASSIGNMENT=REQUIRE is defined in the MPD. You must
   specify a connection in the MHS. 
WARNING:EDK:2137 - Peripheral axi_cdma_0 is not accessible from any processor in
   the system. Check Bus Interface connections and address parameters. 
WARNING:EDK:3967 - axi_timer (axi_timer_0) - ADDRESS specified by PARAMETER
   C_BASEADDR is ignored -
   /nfs/home/a/ay_vashi/COEN_317/LAB4/PART2/lab_4_part_2/lab_4_part_2.srcs/sourc
   es_1/edk/system/system.mhs line 144 
WARNING:EDK:3712 - IPNAME: axi_interconnect, INSTANCE: axi_interconnect_gp1 -
   Frequency of the interconnect's clock port could not be determined. All IPs
   in the design will be considered to be asynchronous with respect to the
   interconnect. This will lead to more resource usage. You can avoid this by
   specifying the clock frequency on the port that the interconnect's clock is
   connected to.
WARNING:EDK:3712 - IPNAME: axi_interconnect, INSTANCE: axi_interconnect_hp -
   Frequency of the interconnect's clock port could not be determined. All IPs
   in the design will be considered to be asynchronous with respect to the
   interconnect. This will lead to more resource usage. You can avoid this by
   specifying the clock frequency on the port that the interconnect's clock is
   connected to.
WARNING:EDK:4058 - INSTANCE: processing_system7_0, BUS_INTERFACE: M_AXI_GP1 - 
   is not connected to any slave. 
WARNING:EDK:4058 - INSTANCE: axi_cdma_0, BUS_INTERFACE: M_AXI -  is not
   connected to any slave. 
ERROR:EDK:4125 - IPNAME: axi_interconnect, INSTANCE: axi_interconnect_gp1, PORT:
   INTERCONNECT_ARESETN - ASSIGNMENT=REQUIRE is defined in the MPD. You must
   specify a connection in the MHS. 
ERROR:EDK:4125 - IPNAME: axi_interconnect, INSTANCE: axi_interconnect_hp, PORT:
   INTERCONNECT_ARESETN - ASSIGNMENT=REQUIRE is defined in the MPD. You must
   specify a connection in the MHS. 
WARNING:EDK:2137 - Peripheral axi_cdma_0 is not accessible from any processor in
   the system. Check Bus Interface connections and address parameters. 
WARNING:EDK:3967 - axi_timer (axi_timer_0) - ADDRESS specified by PARAMETER
   C_BASEADDR is ignored -
   /nfs/home/a/ay_vashi/COEN_317/LAB4/PART2/lab_4_part_2/lab_4_part_2.srcs/sourc
   es_1/edk/system/system.mhs line 144 
WARNING:EDK:3712 - IPNAME: axi_interconnect, INSTANCE: axi_interconnect_gp1 -
   Frequency of the interconnect's clock port could not be determined. All IPs
   in the design will be considered to be asynchronous with respect to the
   interconnect. This will lead to more resource usage. You can avoid this by
   specifying the clock frequency on the port that the interconnect's clock is
   connected to.
WARNING:EDK:3712 - IPNAME: axi_interconnect, INSTANCE: axi_interconnect_hp -
   Frequency of the interconnect's clock port could not be determined. All IPs
   in the design will be considered to be asynchronous with respect to the
   interconnect. This will lead to more resource usage. You can avoid this by
   specifying the clock frequency on the port that the interconnect's clock is
   connected to.
WARNING:EDK:4058 - INSTANCE: axi_cdma_0, BUS_INTERFACE: M_AXI -  is not
   connected to any slave. 
ERROR:EDK:4125 - IPNAME: axi_interconnect, INSTANCE: axi_interconnect_gp1, PORT:
   INTERCONNECT_ARESETN - ASSIGNMENT=REQUIRE is defined in the MPD. You must
   specify a connection in the MHS. 
ERROR:EDK:4125 - IPNAME: axi_interconnect, INSTANCE: axi_interconnect_hp, PORT:
   INTERCONNECT_ARESETN - ASSIGNMENT=REQUIRE is defined in the MPD. You must
   specify a connection in the MHS. 
ERROR:EDK - INST:axi_cdma_0 BASEADDR-HIGHADDR:0x40200000-0x4020ffff - is out of
   addressable range for INST:processing_system7_0 BUSIF:M_AXI_GP1, it should be
   in range BASEADDR-HIGHADDR:0x80000000-0xbfffffff ! 
WARNING:EDK:3967 - axi_timer (axi_timer_0) - ADDRESS specified by PARAMETER
   C_BASEADDR is ignored -
   /nfs/home/a/ay_vashi/COEN_317/LAB4/PART2/lab_4_part_2/lab_4_part_2.srcs/sourc
   es_1/edk/system/system.mhs line 144 
WARNING:EDK:3712 - IPNAME: axi_interconnect, INSTANCE: axi_interconnect_gp1 -
   Frequency of the interconnect's clock port could not be determined. All IPs
   in the design will be considered to be asynchronous with respect to the
   interconnect. This will lead to more resource usage. You can avoid this by
   specifying the clock frequency on the port that the interconnect's clock is
   connected to.
WARNING:EDK:3712 - IPNAME: axi_interconnect, INSTANCE: axi_interconnect_hp -
   Frequency of the interconnect's clock port could not be determined. All IPs
   in the design will be considered to be asynchronous with respect to the
   interconnect. This will lead to more resource usage. You can avoid this by
   specifying the clock frequency on the port that the interconnect's clock is
   connected to.
WARNING:EDK:4058 - INSTANCE: axi_cdma_0, BUS_INTERFACE: M_AXI -  is not
   connected to any slave. 
ERROR:EDK:4125 - IPNAME: axi_interconnect, INSTANCE: axi_interconnect_gp1, PORT:
   INTERCONNECT_ARESETN - ASSIGNMENT=REQUIRE is defined in the MPD. You must
   specify a connection in the MHS. 
ERROR:EDK:4125 - IPNAME: axi_interconnect, INSTANCE: axi_interconnect_hp, PORT:
   INTERCONNECT_ARESETN - ASSIGNMENT=REQUIRE is defined in the MPD. You must
   specify a connection in the MHS. 
ERROR:EDK - INST:axi_cdma_0 BASEADDR-HIGHADDR:0x40200000-0x4020ffff - is out of
   addressable range for INST:processing_system7_0 BUSIF:M_AXI_GP1, it should be
   in range BASEADDR-HIGHADDR:0x80000000-0xbfffffff ! 
WARNING:EDK:3967 - axi_timer (axi_timer_0) - ADDRESS specified by PARAMETER
   C_BASEADDR is ignored -
   /nfs/home/a/ay_vashi/COEN_317/LAB4/PART2/lab_4_part_2/lab_4_part_2.srcs/sourc
   es_1/edk/system/system.mhs line 144 
WARNING:EDK:3712 - IPNAME: axi_interconnect, INSTANCE: axi_interconnect_gp1 -
   Frequency of the interconnect's clock port could not be determined. All IPs
   in the design will be considered to be asynchronous with respect to the
   interconnect. This will lead to more resource usage. You can avoid this by
   specifying the clock frequency on the port that the interconnect's clock is
   connected to.
WARNING:EDK:3712 - IPNAME: axi_interconnect, INSTANCE: axi_interconnect_hp -
   Frequency of the interconnect's clock port could not be determined. All IPs
   in the design will be considered to be asynchronous with respect to the
   interconnect. This will lead to more resource usage. You can avoid this by
   specifying the clock frequency on the port that the interconnect's clock is
   connected to.
ERROR:EDK:4125 - IPNAME: axi_interconnect, INSTANCE: axi_interconnect_gp1, PORT:
   INTERCONNECT_ARESETN - ASSIGNMENT=REQUIRE is defined in the MPD. You must
   specify a connection in the MHS. 
ERROR:EDK:4125 - IPNAME: axi_interconnect, INSTANCE: axi_interconnect_hp, PORT:
   INTERCONNECT_ARESETN - ASSIGNMENT=REQUIRE is defined in the MPD. You must
   specify a connection in the MHS. 
ERROR:EDK - INST:axi_cdma_0 BASEADDR-HIGHADDR:0x40200000-0x4020ffff - is out of
   addressable range for INST:processing_system7_0 BUSIF:M_AXI_GP1, it should be
   in range BASEADDR-HIGHADDR:0x80000000-0xbfffffff ! 
WARNING:EDK:3967 - axi_timer (axi_timer_0) - ADDRESS specified by PARAMETER
   C_BASEADDR is ignored -
   /nfs/home/a/ay_vashi/COEN_317/LAB4/PART2/lab_4_part_2/lab_4_part_2.srcs/sourc
   es_1/edk/system/system.mhs line 144 
WARNING:EDK:3712 - IPNAME: axi_interconnect, INSTANCE: axi_interconnect_gp1 -
   Frequency of the interconnect's clock port could not be determined. All IPs
   in the design will be considered to be asynchronous with respect to the
   interconnect. This will lead to more resource usage. You can avoid this by
   specifying the clock frequency on the port that the interconnect's clock is
   connected to.
WARNING:EDK:3712 - IPNAME: axi_interconnect, INSTANCE: axi_interconnect_hp -
   Frequency of the interconnect's clock port could not be determined. All IPs
   in the design will be considered to be asynchronous with respect to the
   interconnect. This will lead to more resource usage. You can avoid this by
   specifying the clock frequency on the port that the interconnect's clock is
   connected to.
ERROR:EDK:4125 - IPNAME: axi_interconnect, INSTANCE: axi_interconnect_gp1, PORT:
   INTERCONNECT_ARESETN - ASSIGNMENT=REQUIRE is defined in the MPD. You must
   specify a connection in the MHS. 
ERROR:EDK:4125 - IPNAME: axi_interconnect, INSTANCE: axi_interconnect_hp, PORT:
   INTERCONNECT_ARESETN - ASSIGNMENT=REQUIRE is defined in the MPD. You must
   specify a connection in the MHS. 
ERROR:EDK - INST:axi_cdma_0 BASEADDR-HIGHADDR:0x40200000-0x4020ffff - is out of
   addressable range for INST:processing_system7_0 BUSIF:M_AXI_GP1, it should be
   in range BASEADDR-HIGHADDR:0x80000000-0xbfffffff ! 
WARNING:EDK:3967 - axi_timer (axi_timer_0) - ADDRESS specified by PARAMETER
   C_BASEADDR is ignored -
   /nfs/home/a/ay_vashi/COEN_317/LAB4/PART2/lab_4_part_2/lab_4_part_2.srcs/sourc
   es_1/edk/system/system.mhs line 144 
WARNING:EDK:3712 - IPNAME: axi_interconnect, INSTANCE: axi_interconnect_hp -
   Frequency of the interconnect's clock port could not be determined. All IPs
   in the design will be considered to be asynchronous with respect to the
   interconnect. This will lead to more resource usage. You can avoid this by
   specifying the clock frequency on the port that the interconnect's clock is
   connected to.
ERROR:EDK:4125 - IPNAME: axi_interconnect, INSTANCE: axi_interconnect_gp1, PORT:
   INTERCONNECT_ARESETN - ASSIGNMENT=REQUIRE is defined in the MPD. You must
   specify a connection in the MHS. 
ERROR:EDK:4125 - IPNAME: axi_interconnect, INSTANCE: axi_interconnect_hp, PORT:
   INTERCONNECT_ARESETN - ASSIGNMENT=REQUIRE is defined in the MPD. You must
   specify a connection in the MHS. 
ERROR:EDK - INST:axi_cdma_0 BASEADDR-HIGHADDR:0x40200000-0x4020ffff - is out of
   addressable range for INST:processing_system7_0 BUSIF:M_AXI_GP1, it should be
   in range BASEADDR-HIGHADDR:0x80000000-0xbfffffff ! 
WARNING:EDK:3967 - axi_timer (axi_timer_0) - ADDRESS specified by PARAMETER
   C_BASEADDR is ignored -
   /nfs/home/a/ay_vashi/COEN_317/LAB4/PART2/lab_4_part_2/lab_4_part_2.srcs/sourc
   es_1/edk/system/system.mhs line 144 
WARNING:EDK:3712 - IPNAME: axi_interconnect, INSTANCE: axi_interconnect_hp -
   Frequency of the interconnect's clock port could not be determined. All IPs
   in the design will be considered to be asynchronous with respect to the
   interconnect. This will lead to more resource usage. You can avoid this by
   specifying the clock frequency on the port that the interconnect's clock is
   connected to.
ERROR:EDK:4125 - IPNAME: axi_interconnect, INSTANCE: axi_interconnect_hp, PORT:
   INTERCONNECT_ARESETN - ASSIGNMENT=REQUIRE is defined in the MPD. You must
   specify a connection in the MHS. 
ERROR:EDK - INST:axi_cdma_0 BASEADDR-HIGHADDR:0x40200000-0x4020ffff - is out of
   addressable range for INST:processing_system7_0 BUSIF:M_AXI_GP1, it should be
   in range BASEADDR-HIGHADDR:0x80000000-0xbfffffff ! 
WARNING:EDK:3967 - axi_timer (axi_timer_0) - ADDRESS specified by PARAMETER
   C_BASEADDR is ignored -
   /nfs/home/a/ay_vashi/COEN_317/LAB4/PART2/lab_4_part_2/lab_4_part_2.srcs/sourc
   es_1/edk/system/system.mhs line 144 
ERROR:EDK:4125 - IPNAME: axi_interconnect, INSTANCE: axi_interconnect_hp, PORT:
   INTERCONNECT_ARESETN - ASSIGNMENT=REQUIRE is defined in the MPD. You must
   specify a connection in the MHS. 
ERROR:EDK - INST:axi_cdma_0 BASEADDR-HIGHADDR:0x40200000-0x4020ffff - is out of
   addressable range for INST:processing_system7_0 BUSIF:M_AXI_GP1, it should be
   in range BASEADDR-HIGHADDR:0x80000000-0xbfffffff ! 
WARNING:EDK:3967 - axi_timer (axi_timer_0) - ADDRESS specified by PARAMETER
   C_BASEADDR is ignored -
   /nfs/home/a/ay_vashi/COEN_317/LAB4/PART2/lab_4_part_2/lab_4_part_2.srcs/sourc
   es_1/edk/system/system.mhs line 144 
ERROR:EDK - INST:axi_cdma_0 BASEADDR-HIGHADDR:0x40200000-0x4020ffff - is out of
   addressable range for INST:processing_system7_0 BUSIF:M_AXI_GP1, it should be
   in range BASEADDR-HIGHADDR:0x80000000-0xbfffffff ! 
WARNING:EDK:3967 - axi_timer (axi_timer_0) - ADDRESS specified by PARAMETER
   C_BASEADDR is ignored -
   /nfs/home/a/ay_vashi/COEN_317/LAB4/PART2/lab_4_part_2/lab_4_part_2.srcs/sourc
   es_1/edk/system/system.mhs line 144 
ERROR:EDK - INST:axi_cdma_0 BASEADDR-HIGHADDR:0x40200000-0x4020ffff - is out of
   addressable range for INST:processing_system7_0 BUSIF:M_AXI_GP1, it should be
   in range BASEADDR-HIGHADDR:0x80000000-0xbfffffff ! 

Running DRCs...

Overriding IP level properties ...
WARNING:EDK:3967 - axi_timer (axi_timer_0) - ADDRESS specified by PARAMETER
   C_BASEADDR is ignored -
   /nfs/home/a/ay_vashi/COEN_317/LAB4/PART2/lab_4_part_2/lab_4_part_2.srcs/sourc
   es_1/edk/system/system.mhs line 144 

Computing clock values...

Performing IP level DRCs on properties...

Running DRC Tcl procedures for OPTION IPLEVEL_DRC_PROC...
Address Map for Processor processing_system7_0
  (0x40200000-0x4020ffff) axi_cdma_0	axi_interconnect_gp1

Checking platform address map ...
ERROR:EDK - INST:axi_cdma_0 BASEADDR-HIGHADDR:0x40200000-0x4020ffff - is out of
   addressable range for INST:processing_system7_0 BUSIF:M_AXI_GP1, it should be
   in range BASEADDR-HIGHADDR:0x80000000-0xbfffffff ! 
ERROR:EDK:3830 - CLK M_AXI_GP1_ACLK on INSTANCE processing_system7_0 is not
   connected. All AXI master/slaves are required to be clocked.
ERROR:EDK:3830 - CLK S_AXI_HP2_ACLK on INSTANCE processing_system7_0 is not
   connected. All AXI master/slaves are required to be clocked.

Checking platform configuration ...
IPNAME: axi_interconnect, INSTANCE: axi_interconnect_gp1 - 1 master(s) : 1
slave(s) 
IPNAME: axi_interconnect, INSTANCE: axi_interconnect_hp - 1 master(s) : 2
slave(s) 
IPNAME: axi_interconnect, INSTANCE: axi_interconnect_1 - 1 master(s) : 1
slave(s) 
ZynqConfig: Terminated for gui mode
Writing filter settings....
Done writing filter settings to:
	/nfs/home/a/ay_vashi/COEN_317/LAB4/PART2/lab_4_part_2/lab_4_part_2.srcs/sources
_1/edk/system/etc/system.filters
Done writing Tab View settings to:
	/nfs/home/a/ay_vashi/COEN_317/LAB4/PART2/lab_4_part_2/lab_4_part_2.srcs/sources
_1/edk/system/etc/system.gui
INFO: [Edk 24-127] XPS completed
create_xps: Time (s): cpu = 00:01:08 ; elapsed = 00:27:16 . Memory (MB): peak = 2864.668 ; gain = 0.000
exit
INFO: [Common 17-206] Exiting PlanAhead at Thu Mar 26 17:34:36 2026...
INFO: [Common 17-83] Releasing license: PlanAhead
