15:19:46 **** Build of project Hello_world_for_lab_1_bsp ****
make -k all 
libgen -hw ../module_for_lab_1_hw_platform/system.xml\
       \
       -pe ps7_cortexa9_0 \
       -log libgen.log \
       system.mss
libgen
Xilinx EDK 14.7 Build EDK_P.20131013
Copyright (c) 1995-2012 Xilinx, Inc.  All rights reserved.

Command Line: libgen -hw ../module_for_lab_1_hw_platform/system.xml -pe
ps7_cortexa9_0 -log libgen.log system.mss 


Staging source files.
Running DRCs.
Running generate.
Running post_generate.
Running include - 'gmake -s include "COMPILER=arm-xilinx-eabi-gcc"
"ARCHIVER=arm-xilinx-eabi-ar" "COMPILER_FLAGS= -O2 -c"
"EXTRA_COMPILER_FLAGS=-g"'.

Running libs - 'gmake -s libs "COMPILER=arm-xilinx-eabi-gcc"
"ARCHIVER=arm-xilinx-eabi-ar" "COMPILER_FLAGS= -O2 -c"
"EXTRA_COMPILER_FLAGS=-g"'.
Compiling standalone
arm-xilinx-eabi-ar: creating ../../../lib/libxil.a
Compiling canps
Compiling devcfg
Compiling dmaps
Compiling emacps
Compiling gpiops
Compiling iicps
Compiling qspips
Compiling scugic
Compiling scutimer
Compiling scuwdt
Compiling ttcps
Compiling uartps
Compiling usbps
Compiling wdtps
Compiling xadcps
Compiling cpu_cortexa9
Running execs_generate.
Finished building libraries
15:20:19 **** Build of configuration Debug for project Hello_world_for_lab_1 ****
make all 
Building file: ../src/main.cc
Invoking: ARM g++ compiler
arm-xilinx-eabi-g++ -Wall -O0 -g3 -c -fmessage-length=0 -I../../Hello_world_for_lab_1_bsp/ps7_cortexa9_0/include -MMD -MP -MF"src/main.d" -MT"src/main.d" -o "src/main.o" "../src/main.cc"
Finished building: ../src/main.cc
 
Building target: Hello_world_for_lab_1.elf
Invoking: ARM g++ linker
arm-xilinx-eabi-g++ -Wl,-T -Wl,../src/lscript.ld -L../../Hello_world_for_lab_1_bsp/ps7_cortexa9_0/lib -o "Hello_world_for_lab_1.elf" ./src/main.o   -Wl,--start-group,-lxil,-lgcc,-lc,-lstdc++,--end-group
Finished building target: Hello_world_for_lab_1.elf
 
Invoking: ARM Print Size
arm-xilinx-eabi-size Hello_world_for_lab_1.elf  |tee "Hello_world_for_lab_1.elf.size"
   text	   data	    bss	    dec	    hex	filename
  19548	   1096	  29788	  50432	   c500	Hello_world_for_lab_1.elf
Finished building: Hello_world_for_lab_1.elf.size
 
15:22:16 **** Auto Build of configuration Debug for project Hello_world_for_lab_1 ****
make all 
Building file: ../src/main.cc
Invoking: ARM g++ compiler
arm-xilinx-eabi-g++ -Wall -O0 -g3 -c -fmessage-length=0 -I../../Hello_world_for_lab_1_bsp/ps7_cortexa9_0/include -MMD -MP -MF"src/main.d" -MT"src/main.d" -o "src/main.o" "../src/main.cc"
../src/main.cc: In function 'int main()':
../src/main.cc:7:2: error: 'cout' was not declared in this scope
../src/main.cc:7:2: note: suggested alternative:
In file included from ../src/main.cc:4:0:
/nfs/sw_cmc/x86_64.EL7/tools/xilinx_14.7/14.7/ISE_DS/EDK/gnu/arm/lin/bin/../lib/gcc/arm-xilinx-eabi/4.7.3/../../../../arm-xilinx-eabi/include/c++/4.7.3/iostream:62:18: note:   'std::cout'
../src/main.cc:7:39: error: 'endl' was not declared in this scope
../src/main.cc:7:39: note: suggested alternative:
In file included from /nfs/sw_cmc/x86_64.EL7/tools/xilinx_14.7/14.7/ISE_DS/EDK/gnu/arm/lin/bin/../lib/gcc/arm-xilinx-eabi/4.7.3/../../../../arm-xilinx-eabi/include/c++/4.7.3/iostream:40:0,
                 from ../src/main.cc:4:
/nfs/sw_cmc/x86_64.EL7/tools/xilinx_14.7/14.7/ISE_DS/EDK/gnu/arm/lin/bin/../lib/gcc/arm-xilinx-eabi/4.7.3/../../../../arm-xilinx-eabi/include/c++/4.7.3/ostream:562:5: note:   'std::endl'
make: *** [src/subdir.mk:23: src/main.o] Error 1
15:23:54 **** Auto Build of configuration Debug for project Hello_world_for_lab_1 ****
make all 
Building file: ../src/main.cc
Invoking: ARM g++ compiler
arm-xilinx-eabi-g++ -Wall -O0 -g3 -c -fmessage-length=0 -I../../Hello_world_for_lab_1_bsp/ps7_cortexa9_0/include -MMD -MP -MF"src/main.d" -MT"src/main.d" -o "src/main.o" "../src/main.cc"
Finished building: ../src/main.cc
 
Building target: Hello_world_for_lab_1.elf
Invoking: ARM g++ linker
arm-xilinx-eabi-g++ -Wl,-T -Wl,../src/lscript.ld -L../../Hello_world_for_lab_1_bsp/ps7_cortexa9_0/lib -o "Hello_world_for_lab_1.elf" ./src/main.o   -Wl,--start-group,-lxil,-lgcc,-lc,-lstdc++,--end-group
Finished building target: Hello_world_for_lab_1.elf
 
Invoking: ARM Print Size
arm-xilinx-eabi-size Hello_world_for_lab_1.elf  |tee "Hello_world_for_lab_1.elf.size"
   text	   data	    bss	    dec	    hex	filename
 467188	   2540	  38856	 508584	  7c2a8	Hello_world_for_lab_1.elf
Finished building: Hello_world_for_lab_1.elf.size
 
15:28:36 **** Incremental Build of configuration Debug for project Hello_world_for_lab_1 ****
make all 
make: Nothing to be done for 'all'.
